synthetic_retail_demand.csv
date,product_id,category,price,discount_pct,competitor_price,units_sold,revenue,cost,inventory_level,season,day_of_week
2023-01-01,P001,Electronics,249.81604753894499,20,233.9994336221509,70,17487.12332772615,179.10652712184145,70,Winter,Sunday
2023-01-02,P001,Electronics,414.07038455720544,10,404.33658286198664,3,1242.2111536716163,309.5112493835041,180,Winter,Monday
2023-01-03,P001,Electronics,475.7995766256756,15,485.11573031967106,0,0.0,351.273851584323,264,Winter,Tuesday
2023-01-04,P001,Electronics,465.98387021751233,0,477.4748578834474,0,0.0,302.71929347073257,97,Winter,Wednesday
2023-01-05,P001,Electronics,315.93643652066925,20,298.79992828618026,49,15480.885389512792,193.20997567165023,236,Winter,Thursday
2023-01-06,P001,Electronics,197.65020889910966,10,190.6614134153401,77,15219.066085231443,133.97098655383707,282,Winter,Friday
2023-01-07,P001,Electronics,247.11325308770128,15,271.005306080581,78,19274.8337408407,163.0511726601251,289,Winter,Saturday
2023-01-08,P001,Electronics,306.6543565084057,0,290.82193258479754,45,13799.446042878259,188.27516930764386,189,Winter,Sunday
2023-01-09,P001,Electronics,384.8716885390144,0,384.40166130940406,6,2309.230131234086,241.24658283047873,433,Winter,Monday
2023-01-10,P001,Electronics,465.9457560881794,10,489.03045836835287,0,0.0,346.1794210080977,398,Winter,Tuesday
2023-01-11,P001,Electronics,321.1279907631631,5,340.99689601896023,27,8670.455750605404,231.69930746644545,458,Winter,Wednesday
2023-01-12,P001,Electronics,230.66049671841634,20,220.12129181524446,62,14300.950796541812,171.79311802949414,152,Winter,Thursday
2023-01-13,P001,Electronics,137.54931603251669,0,141.95632395206215,94,12929.635707056568,88.30529702839473,321,Winter,Friday
2023-01-14,P001,Electronics,204.3574493366856,5,209.50153160650393,88,17983.455541628333,138.03741597284582,306,Winter,Saturday
2023-01-15,P001,Electronics,227.59025211750452,5,235.85695225940498,69,15703.727396107812,148.18257601677013,164,Winter,Sunday
2023-01-16,P001,Electronics,251.09155447051793,0,251.35531974303603,49,12303.486169055379,181.78240616262448,391,Winter,Monday
2023-01-17,P001,Electronics,394.81422271640355,20,383.0420480288164,17,6711.84178617886,243.82149209433115,125,Winter,Tuesday
2023-01-18,P001,Electronics,199.4896617721152,10,183.97724522193667,78,15560.193618224985,134.4348393785846,190,Winter,Wednesday
2023-01-19,P001,Electronics,130.1738188359077,0,122.80101082486992,50,6508.690941795385,83.85460155416672,50,Winter,Thursday
2023-01-20,P001,Electronics,153.2740500894999,10,163.16136799500688,95,14561.03475850249,113.80138197643629,305,Winter,Friday
2023-01-21,P001,Electronics,498.65473482956213,20,507.14677832208605,0,0.0,353.5053804409671,251,Winter,Saturday
2023-01-22,P001,Electronics,413.8673055777238,5,439.116908503142,0,0.0,304.3880876242589,241,Winter,Sunday
2023-01-23,P001,Electronics,331.85997378869536,10,303.7091768253587,38,12610.679003970423,205.53148744349156,232,Winter,Monday
2023-01-24,P001,Electronics,419.76415956361706,0,435.5292183537629,0,0.0,284.07478717964466,156,Winter,Tuesday
2023-01-25,P001,Electronics,394.9620824375276,15,357.0513466080361,16,6319.393319000442,256.0586081547876,280,Winter,Wednesday
2023-01-26,P001,Electronics,103.01374525362989,20,95.86168921299169,53,5459.728498442384,65.60880116842242,53,Winter,Thursday
2023-01-27,P001,Electronics,303.044151473782,0,304.8527203747579,31,9394.368695687243,213.97478251896305,191,Winter,Friday
2023-01-28,P001,Electronics,263.40731717436677,20,275.5697536276091,66,17384.88293350821,195.11925165372995,125,Winter,Saturday
2023-01-29,P001,Electronics,192.88507805872692,0,188.6987817298166,105,20252.933196166327,131.11915255810183,358,Winter,Sunday
2023-01-30,P001,Electronics,144.2526947820829,15,143.0121279333516,64,9232.172466053305,99.6199994564466,64,Winter,Monday
2023-01-31,P001,Electronics,416.0338548496347,20,433.27751243107014,1,416.0338548496347,259.1395238155849,141,Winter,Tuesday
2023-02-01,P001,Electronics,467.9422465651042,5,464.73217420129566,0,0.0,314.515938302849,396,Winter,Wednesday
2023-02-02,P001,Electronics,399.98418815967113,10,423.9658019045194,0,0.0,260.9529041710464,207,Winter,Thursday
2023-02-03,P001,Electronics,188.7888647731798,10,188.996830021927,91,17179.78669435936,130.1241120682201,298,Winter,Friday
2023-02-04,P001,Electronics,349.90450841730046,10,333.06874336491137,30,10497.135252519014,229.87111786481256,168,Winter,Saturday
2023-02-05,P001,Electronics,107.3562706189867,5,107.99314405912838,90,9662.064355708802,77.53894293910868,90,Winter,Sunday
2023-02-06,P001,Electronics,198.13964387252838,20,211.4973861074903,88,17436.2886607825,131.87758790216384,213,Winter,Monday
2023-02-07,P001,Electronics,198.56081329564273,10,181.7929619593851,75,14892.060997173205,119.20616467317625,484,Winter,Tuesday
2023-02-08,P001,Electronics,117.66617508404008,0,110.14907961075883,95,11178.286632983807,80.62389649087673,299,Winter,Wednesday
2023-02-09,P001,Electronics,227.50100117282796,5,228.418654210663,57,12967.557066851194,151.06579685968995,157,Winter,Thursday
2023-02-10,P001,Electronics,144.18964525255785,5,138.31559328210236,87,12544.499136972534,91.56635996435486,202,Winter,Friday
2023-02-11,P001,Electronics,188.19448362807015,0,205.4056318321939,54,10162.502115915788,136.23979332041947,54,Winter,Saturday
2023-02-12,P001,Electronics,444.8510469061803,0,429.6417110897013,0,0.0,329.0734120185325,444,Winter,Sunday
2023-02-13,P001,Electronics,383.3451906860139,10,363.31080673020034,17,6516.868241662236,283.48896382731493,405,Winter,Monday
2023-02-14,P001,Electronics,411.93815806045745,10,433.44362873227146,0,0.0,280.60814845220284,273,Winter,Tuesday
2023-02-15,P001,Electronics,229.4440876598165,10,218.0870068335092,69,15831.642048527337,137.7018838054817,479,Winter,Wednesday
2023-02-16,P001,Electronics,191.98184235643447,20,180.47672162307887,84,16126.474757940496,140.1886779826952,329,Winter,Thursday
2023-02-17,P001,Electronics,296.63781869657475,20,282.93276017399586,62,18391.544759187636,213.47062000213748,444,Winter,Friday
2023-02-18,P001,Electronics,128.9665088585366,0,118.3362251007491,135,17410.478695902442,84.16277499959651,466,Winter,Saturday
2023-02-19,P001,Electronics,426.9191079849975,5,425.28860413625137,0,0.0,258.7612707839571,237,Winter,Sunday
2023-02-20,P001,Electronics,112.26100088232242,0,119.90490645861117,110,12348.710097055466,70.28986827608935,262,Winter,Monday
2023-02-21,P001,Electronics,194.31683758368393,5,202.7045225054107,79,15351.03016911103,143.08615125168117,136,Winter,Tuesday
2023-02-22,P001,Electronics,167.9031620350163,5,166.18308057085378,84,14103.865610941368,117.60081197714713,410,Winter,Wednesday
2023-02-23,P001,Electronics,148.84396560401072,20,161.75990124108333,81,12056.361213924869,96.36506862460504,228,Winter,Thursday
2023-02-24,P001,Electronics,447.25690175100215,5,461.7151386009485,0,0.0,334.0090806845046,476,Winter,Friday
2023-02-25,P001,Electronics,395.3796837005306,15,407.28153323995747,9,3558.4171533047756,282.60894852010864,181,Winter,Saturday
2023-02-26,P001,Electronics,251.91431207169194,5,274.66109422636725,49,12343.801291512906,183.1606247004795,461,Winter,Sunday
2023-02-27,P001,Electronics,309.2338898327139,10,335.8036291467535,29,8967.782805148703,210.22926832573157,185,Winter,Monday
2023-02-28,P001,Electronics,306.07006813349267,15,289.42473958819966,40,12242.802725339707,193.37712766980556,59,Winter,Tuesday
2023-03-01,P001,Electronics,182.47446580737056,10,172.69190371850019,79,14415.482798782274,120.18423390198589,490,Summer,Wednesday
2023-03-02,P001,Electronics,127.76953709843735,0,136.24993637047348,78,9966.023893678113,89.49494470456325,477,Summer,Thursday
2023-03-03,P001,Electronics,220.34124334130203,15,219.23453729561456,65,14322.180817184631,144.84769343473442,328,Summer,Friday
2023-03-04,P001,Electronics,211.88141538859168,5,216.14422933509556,85,18009.920308030294,143.51828228722192,468,Summer,Saturday
2023-03-05,P001,Electronics,153.00986909673938,0,165.94707357277133,109,16678.07573154459,102.98471352411744,159,Summer,Sunday
2023-03-06,P001,Electronics,124.53985084426726,10,116.86277744263207,117,14571.16254877927,78.67970747466349,431,Summer,Monday
2023-03-07,P001,Electronics,241.6944961779098,10,237.54362293807114,56,13534.89178596295,175.01840091732038,278,Summer,Tuesday
2023-03-08,P001,Electronics,295.29645480871125,15,316.8330390103552,37,10925.968827922316,187.96260001932447,131,Summer,Wednesday
2023-03-09,P001,Electronics,126.66081622427598,20,117.79884024486246,100,12666.081622427597,90.00708419320668,498,Summer,Thursday
2023-03-10,P001,Electronics,412.99396982557516,0,452.3102399408659,0,0.0,289.1381354184259,98,Summer,Friday
2023-03-11,P001,Electronics,196.27708473300197,20,203.18534233635592,97,19038.877219101192,132.37067438943038,162,Summer,Saturday
2023-03-12,P001,Electronics,336.13907618350913,10,322.5287008743867,29,9748.033209321766,230.17234131555472,462,Summer,Sunday
2023-03-13,P001,Electronics,404.39630401123753,15,424.2710707126797,2,808.7926080224751,254.92014093148458,467,Summer,Monday
2023-03-14,P001,Electronics,324.59383518380946,15,295.5624196737033,44,14282.128748087616,218.44829131716202,207,Summer,Tuesday
2023-03-15,P001,Electronics,354.4709458832931,10,367.6509747031752,16,5671.53513413269,265.38139609662045,173,Summer,Wednesday
2023-03-16,P001,Electronics,298.5844609421199,0,315.31791424076334,25,7464.611523552998,179.4654982200032,346,Summer,Thursday
2023-03-17,P001,Electronics,324.7971389867227,20,326.90316795612034,29,9419.117030614958,214.90668472824348,56,Summer,Friday
2023-03-18,P001,Electronics,318.0422113042799,20,300.7031539609208,41,13039.730663475475,210.09762934830326,92,Summer,Saturday
2023-03-19,P001,Electronics,448.8542800089906,5,433.6125410462952,0,0.0,320.26324084013316,263,Summer,Sunday
2023-03-20,P001,Electronics,353.8329670201215,0,346.47115175701265,16,5661.327472321944,260.8681353113394,153,Summer,Monday
2023-03-21,P001,Electronics,493.64412761459914,20,515.8764322960785,0,0.0,320.1043637543258,461,Summer,Tuesday
2023-03-22,P001,Electronics,169.5046372542975,20,156.38305304328227,80,13560.3709803438,103.91938096320709,466,Summer,Wednesday
2023-03-23,P001,Electronics,357.1527640234831,15,383.3239552766423,14,5000.138696328763,225.83822166935627,192,Summer,Thursday
2023-03-24,P001,Electronics,268.57761663169896,5,293.62212543527227,48,12891.725598321551,166.28126207682948,132,Summer,Friday
2023-03-25,P001,Electronics,392.09845883605834,0,356.66395931067444,14,5489.378423704817,288.36263571747025,313,Summer,Saturday
2023-03-26,P001,Electronics,272.17096412839607,15,294.5258122423588,56,15241.57399119018,182.26336472855422,64,Summer,Sunday
2023-03-27,P001,Electronics,156.00963902132708,15,155.06240386664894,88,13728.848233876783,104.14732277828666,158,Summer,Monday
2023-03-28,P001,Electronics,302.9647754871236,0,274.46598324639336,37,11209.696693023572,212.47314502311968,196,Summer,Tuesday
2023-03-29,P001,Electronics,420.14195160936265,15,409.13868781041924,4,1680.5678064374506,259.71232295022355,461,Summer,Wednesday
2023-03-30,P001,Electronics,377.95294947038366,15,362.4599556576888,18,6803.153090466906,254.32456769346024,350,Summer,Thursday
2023-03-31,P001,Electronics,257.1896901381165,5,240.053665838562,43,11059.156675939008,170.92297015603938,245,Summer,Friday
2023-04-01,P001,Electronics,253.6826851943201,10,238.91145633433777,65,16489.374537630807,187.4323356261313,283,Summer,Saturday
2023-04-02,P001,Electronics,404.760725041948,10,432.16701017923816,0,0.0,264.4819291416967,403,Summer,Sunday
2023-04-03,P001,Electronics,441.0231127606214,20,444.81807994906933,0,0.0,279.68030228837,113,Summer,Monday
2023-04-04,P001,Electronics,342.30212125562264,0,332.87293606547325,25,8557.553031390566,242.64341547192106,486,Summer,Tuesday
2023-04-05,P001,Electronics,310.8904723359201,20,302.10567292855274,46,14300.961727452324,224.04806292056256,201,Summer,Wednesday
2023-04-06,P001,Electronics,126.40393765609663,10,127.6459912488572,103,13019.605578577954,87.82715910395194,222,Summer,Thursday
2023-04-07,P001,Electronics,356.1904168703376,20,322.96990290804,34,12110.474173591478,225.1815195551221,324,Summer,Friday
2023-04-08,P001,Electronics,227.03471810444665,0,227.5400583023406,70,15892.430267311265,137.81638233945094,145,Summer,Saturday
2023-04-09,P001,Electronics,472.0683861753698,0,491.3152838270145,0,0.0,283.5499959545623,72,Summer,Sunday
2023-04-10,P001,Electronics,266.31900027498006,5,250.97870918979928,57,15180.183015673863,186.05125849481186,359,Summer,Monday
2023-04-11,P001,Electronics,251.6376194687745,5,227.4465693287123,46,11575.330495563627,155.67693686050936,187,Summer,Tuesday
2023-04-12,P001,Electronics,409.2567495674686,5,386.6054841005788,3,1227.7702487024058,284.95687780627895,61,Summer,Wednesday
2023-04-13,P001,Electronics,312.29494211473434,15,315.07326362413164,40,12491.797684589374,232.47711820067408,77,Summer,Thursday
2023-04-14,P001,Electronics,472.2427219386148,15,484.6080944543941,0,0.0,315.05721070647877,103,Summer,Friday
2023-04-15,P001,Electronics,354.6154587013417,15,389.7095728821437,18,6383.0782566241505,250.62746160498116,139,Summer,Saturday
2023-04-16,P001,Electronics,484.0671138914982,5,510.3642448620338,0,0.0,326.6651160046331,186,Summer,Sunday
2023-04-17,P001,Electronics,248.68962656093728,15,228.33297315479908,73,18154.34273894842,150.4305377453996,148,Summer,Monday
2023-04-18,P001,Electronics,332.03553386778185,10,320.503171508219,28,9296.994948297892,241.04084662824502,158,Summer,Tuesday
2023-04-19,P001,Electronics,377.4472229895181,5,401.96527787207197,4,1509.7888919580723,255.66346540605232,482,Summer,Wednesday
2023-04-20,P001,Electronics,403.62757570335026,5,387.7190715428686,4,1614.510302813401,261.871258372082,74,Summer,Thursday
2023-04-21,P001,Electronics,385.7696656284969,20,390.4059764344545,14,5400.7753187989565,276.6391992703224,240,Summer,Friday
2023-04-22,P001,Electronics,319.7239085920416,0,312.0836396304565,32,10231.165074945331,199.65328942958325,81,Summer,Saturday
2023-04-23,P001,Electronics,162.90928327188612,15,166.98296629052777,71,11566.559112303916,105.48090182644329,71,Summer,Sunday
2023-04-24,P001,Electronics,128.84443717177408,15,141.26631742892127,100,12884.443717177408,92.47542427857688,440,Summer,Monday
2023-04-25,P001,Electronics,293.215879023556,5,280.7519560728848,34,9969.339886800904,204.815223382495,71,Summer,Tuesday
2023-04-26,P001,Electronics,279.6338980043787,20,304.5065647298581,36,10066.820328157633,198.6743713401477,97,Summer,Wednesday
2023-04-27,P001,Electronics,444.52785032603634,15,438.6959400079335,0,0.0,314.95561568941025,459,Summer,Thursday
2023-04-28,P001,Electronics,435.3967335372099,10,434.83080417976925,0,0.0,279.7405353456284,223,Summer,Friday
2023-04-29,P001,Electronics,429.89729493880304,10,438.39596896106195,0,0.0,270.90614680476756,263,Summer,Saturday
2023-04-30,P001,Electronics,314.221525951869,20,329.463207628968,48,15082.633245689713,192.1450085791021,393,Summer,Sunday
2023-05-01,P001,Electronics,191.83926430158746,20,178.9969488693263,83,15922.65893703176,115.16088404417484,499,Summer,Monday
2023-05-02,P001,Electronics,401.43785229830115,20,401.4469048885979,10,4014.3785229830114,265.6690473150891,295,Summer,Tuesday
2023-05-03,P001,Electronics,452.6253819763028,15,470.48375435706026,0,0.0,322.67470848742033,142,Summer,Wednesday
2023-05-04,P001,Electronics,129.64216902994684,5,129.9887857838681,69,8945.309663066331,97.02195170787036,69,Summer,Thursday
2023-05-05,P001,Electronics,333.4854350925456,20,334.8909555136412,36,12005.475663331641,217.6094005837178,363,Summer,Friday
2023-05-06,P001,Electronics,339.9085259881992,5,334.7997581422064,31,10537.164305634175,250.23242325633993,349,Summer,Saturday
2023-05-07,P001,Electronics,411.21009725786126,15,433.7166592431778,0,0.0,292.853874292292,210,Summer,Sunday
2023-05-08,P001,Electronics,369.7035368025996,10,406.4985251151263,6,2218.221220815598,235.21443779028888,192,Summer,Monday
2023-05-09,P001,Electronics,382.95880001317107,10,388.99730724192057,11,4212.546800144882,262.48864421061154,392,Summer,Tuesday
2023-05-10,P001,Electronics,210.11528538074407,10,220.52836148382937,57,11976.571266702413,151.606328354932,242,Summer,Wednesday
2023-05-11,P001,Electronics,120.79574079108299,20,118.94358318015179,108,13045.940005436963,74.00971509852988,177,Summer,Thursday
2023-05-12,P001,Electronics,222.4205854091152,10,235.29470801810186,54,12010.711612092222,147.33867089140335,107,Summer,Friday
2023-05-13,P001,Electronics,445.86356874325605,5,475.2294126763087,0,0.0,314.7802725543163,351,Summer,Saturday
2023-05-14,P001,Electronics,325.02208050921894,0,353.6512739198409,21,6825.4636906935975,195.78468034793062,131,Summer,Sunday
2023-05-15,P001,Electronics,174.10814215332948,10,164.31315933900947,95,16540.2735045663,109.23991721725756,275,Summer,Monday
2023-05-16,P001,Electronics,400.1063055755369,15,396.7713070556902,8,3200.8504446042953,261.14254707311574,322,Summer,Tuesday
2023-05-17,P001,Electronics,358.64017757946476,10,366.8981646611182,19,6814.1633740098305,264.1710759666773,251,Summer,Wednesday
2023-05-18,P001,Electronics,184.3125797418753,5,190.85173682153606,84,15482.256698317526,126.22964653659217,456,Summer,Thursday
2023-05-19,P001,Electronics,235.9080969195375,20,212.80252640037693,65,15334.02629976994,166.88315612474852,154,Summer,Friday
2023-05-20,P001,Electronics,124.03856415126806,0,130.26969443434925,59,7318.275284924815,88.4494456715819,59,Summer,Saturday
2023-05-21,P001,Electronics,169.33722119011236,20,170.40251874243046,123,20828.47820638382,108.9163123415755,192,Summer,Sunday
2023-05-22,P001,Electronics,147.4836382036446,20,149.99317384149847,97,14305.912905753527,93.4959675060679,108,Summer,Monday
2023-05-23,P001,Electronics,345.5881225300931,0,320.55961254934374,26,8985.29118578242,243.0570965202643,475,Summer,Tuesday
2023-05-24,P001,Electronics,312.6288610746925,5,339.95943539785236,22,6877.834943643235,202.19906868838606,439,Summer,Wednesday
