synthetic_retail_demand.csv
date,product_id,category,price,discount_pct,competitor_price,units_sold,revenue,cost,inventory_level,season,day_of_week
2023-05-25,P001,Electronics,265.2690068830878,5,267.2735351982825,42,11141.298289089687,170.2270814563008,288,Summer,Thursday
2023-05-26,P001,Electronics,271.38316153951814,15,268.3384504724635,58,15740.223369292053,199.20587552452614,200,Summer,Friday
2023-05-27,P001,Electronics,422.17201721839166,0,413.74650025875644,0,0.0,302.90618376318275,316,Summer,Saturday
2023-05-28,P001,Electronics,120.9565182379445,10,123.43490379708426,104,12579.477896746228,75.53164460475926,148,Summer,Sunday
2023-05-29,P001,Electronics,210.09567241480332,10,212.87194581241943,64,13446.123034547412,149.73895519702245,240,Summer,Monday
2023-05-30,P001,Electronics,311.97623477209316,10,294.2716164051058,42,13103.001860427912,196.94693290102236,214,Summer,Tuesday
2023-05-31,P001,Electronics,369.2368523644868,15,340.11082514258106,27,9969.395013841144,224.05077916419168,392,Summer,Wednesday
2023-06-01,P001,Electronics,473.77321550137657,10,452.82657179665864,0,0.0,293.44383814334117,390,Monsoon,Thursday
2023-06-02,P001,Electronics,271.6249477210664,15,286.215625714697,45,12223.122647447988,172.19415417818996,493,Monsoon,Friday
2023-06-03,P001,Electronics,319.25808109120885,10,327.77663632815694,24,7662.193946189012,230.13044727035555,243,Monsoon,Saturday
2023-06-04,P001,Electronics,218.32963899861443,20,208.37182325424018,75,16374.722924896083,138.1336053373912,198,Monsoon,Sunday
2023-06-05,P001,Electronics,426.110532436224,20,465.1108653267996,0,0.0,291.8268017810745,250,Monsoon,Monday
2023-06-06,P001,Electronics,377.86150912407015,0,387.8669989781571,4,1511.4460364962806,233.99031606638619,413,Monsoon,Tuesday
2023-06-07,P001,Electronics,142.1933709844143,15,141.45863782344614,80,11375.469678753143,86.73853676380989,316,Monsoon,Wednesday
2023-06-08,P001,Electronics,122.75255911105862,0,130.93289660689774,78,9574.699610662572,79.23096163225975,165,Monsoon,Thursday
2023-06-09,P001,Electronics,254.90976456993653,20,251.95451516526217,47,11980.758934787016,177.7320148799861,471,Monsoon,Friday
2023-06-10,P001,Electronics,218.18716985070373,15,199.82804105136097,60,13091.230191042223,149.43150175739956,383,Monsoon,Saturday
2023-06-11,P001,Electronics,388.82642568151414,10,390.09270108658103,7,2721.784979770599,267.16138657583025,406,Monsoon,Sunday
2023-06-12,P001,Electronics,430.5363243800747,5,410.25563671206993,0,0.0,290.84108461396613,71,Monsoon,Monday
2023-06-13,P001,Electronics,254.68282281759116,15,249.47677182266114,54,13752.872432149923,172.358158253748,196,Monsoon,Tuesday
2023-06-14,P001,Electronics,307.4246754662936,0,286.8933094360129,30,9222.740263988808,187.1803934499062,183,Monsoon,Wednesday
2023-06-15,P001,Electronics,183.11336838467656,5,184.83202929591806,67,12268.59568177333,122.91731706671818,368,Monsoon,Thursday
2023-06-16,P001,Electronics,456.0552213787656,10,452.3743629641503,0,0.0,319.8608027318392,175,Monsoon,Friday
2023-06-17,P001,Electronics,184.0428771649407,10,196.09763930064608,80,14723.430173195256,117.4526823801287,184,Monsoon,Saturday
2023-06-18,P001,Electronics,288.65979630023816,10,295.91565933863546,33,9525.77327790786,197.03333219680306,430,Monsoon,Sunday
2023-06-19,P001,Electronics,346.16831192833416,10,317.6293819014183,26,9000.376110136689,216.62327429173556,79,Monsoon,Monday
2023-06-20,P001,Electronics,227.89727816307797,0,211.38063871950897,56,12762.247577132366,136.77013863408823,347,Monsoon,Tuesday
2023-06-21,P001,Electronics,182.7271572533585,10,175.86355014541306,59,10780.902277948153,121.35275587894436,423,Monsoon,Wednesday
2023-06-22,P001,Electronics,470.48208075373805,10,497.30743120314736,0,0.0,301.60478143238413,55,Monsoon,Thursday
2023-06-23,P001,Electronics,382.0163625414371,15,391.5652243146285,8,3056.130900331497,265.78887236671915,286,Monsoon,Friday
2023-06-24,P001,Electronics,451.7118224628027,15,416.71232918209034,0,0.0,298.6568173399677,255,Monsoon,Saturday
2023-06-25,P001,Electronics,266.344535763179,10,253.02586490122877,53,14116.260395448488,162.73773923129136,138,Monsoon,Sunday
2023-06-26,P001,Electronics,321.5293762534902,5,300.16790308100104,31,9967.410663858198,198.72268958945958,415,Monsoon,Monday
2023-06-27,P001,Electronics,444.5782744085297,10,402.9410731019787,0,0.0,302.4221487246841,245,Monsoon,Tuesday
2023-06-28,P001,Electronics,174.8497081642007,0,167.55361705899827,60,10490.982489852042,115.85702828044715,335,Monsoon,Wednesday
2023-06-29,P001,Electronics,443.8581381410426,15,438.538149932687,0,0.0,298.4625030334304,75,Monsoon,Thursday
2023-06-30,P001,Electronics,250.9452707186603,20,235.18397581824357,47,11794.427723777035,186.3576793337586,440,Monsoon,Friday
2023-07-01,P001,Electronics,469.6291955382732,0,454.11161766807567,0,0.0,303.8761392405958,273,Monsoon,Saturday
2023-07-02,P001,Electronics,110.1394417055754,5,106.08854193025456,92,10132.828636912936,67.00455499749219,150,Monsoon,Sunday
2023-07-03,P001,Electronics,391.54792179533644,15,424.16301410925314,3,1174.6437653860094,254.1834078939304,122,Monsoon,Monday
2023-07-04,P001,Electronics,224.8767535145552,10,221.89463281209825,62,13942.358717902422,163.54628882031534,404,Monsoon,Tuesday
2023-07-05,P001,Electronics,482.85393301591847,15,480.44935333036665,0,0.0,354.74954098061545,93,Monsoon,Wednesday
2023-07-06,P001,Electronics,127.37628369705045,15,117.67991724099639,85,10826.984114249288,82.68968056721879,172,Monsoon,Thursday
2023-07-07,P001,Electronics,481.2480457576551,5,522.6512784037646,0,0.0,326.8339296199638,287,Monsoon,Friday
2023-07-08,P001,Electronics,211.85452739728248,15,212.67282367178333,62,13134.980698631514,133.3906833931779,261,Monsoon,Saturday
2023-07-09,P001,Electronics,134.16121206508865,20,134.64447232573514,95,12745.315146183422,92.85672288478467,431,Monsoon,Sunday
2023-07-10,P001,Electronics,346.6850830587104,10,352.0665425201359,16,5546.9613289393665,237.69979373755612,159,Monsoon,Monday
2023-07-11,P001,Electronics,165.83970947982988,20,159.78287346799925,75,12437.978210987241,104.98447398414669,153,Monsoon,Tuesday
2023-07-12,P001,Electronics,463.5305990867449,15,479.88380741050094,0,0.0,299.0444242186137,289,Monsoon,Wednesday
2023-07-13,P001,Electronics,315.34524084040913,15,308.27978909139193,36,11352.428670254729,228.44709003995845,246,Monsoon,Thursday
2023-07-14,P001,Electronics,490.64705492600365,15,465.03670493707415,0,0.0,340.67142818010706,58,Monsoon,Friday
2023-07-15,P001,Electronics,339.1232053606056,15,352.7625770440568,22,7460.710517933323,224.36721285207048,248,Monsoon,Saturday
2023-07-16,P001,Electronics,163.3792148759624,15,148.82573108099712,84,13723.854049580841,121.84442727229505,214,Monsoon,Sunday
2023-07-17,P001,Electronics,308.62039356438686,0,322.22788282721854,24,7406.889445545285,198.2187776536321,134,Monsoon,Monday
2023-07-18,P001,Electronics,303.58361616881905,15,306.4558052248744,27,8196.757636558114,222.69866214813558,54,Monsoon,Tuesday
2023-07-19,P001,Electronics,424.27342813503674,10,439.522220626845,0,0.0,290.850994215651,91,Monsoon,Wednesday
2023-07-20,P001,Electronics,367.2013002972056,5,357.7255761954703,10,3672.013002972056,262.8510644634723,148,Monsoon,Thursday
2023-07-21,P001,Electronics,447.1918506923612,5,435.7476359487511,0,0.0,274.5165110083298,87,Monsoon,Friday
2023-07-22,P001,Electronics,489.961709124094,5,517.3373563895218,0,0.0,332.3775398988441,157,Monsoon,Saturday
2023-07-23,P001,Electronics,451.0768715311393,5,432.1071028779572,0,0.0,286.80043321478394,183,Monsoon,Sunday
2023-07-24,P001,Electronics,103.93102102791514,15,98.23226763823281,71,7379.102492981975,65.10277749439113,71,Monsoon,Monday
2023-07-25,P001,Electronics,279.7072633862547,20,269.09154949204714,46,12866.534115767716,175.45044780870637,465,Monsoon,Tuesday
2023-07-26,P001,Electronics,299.6745803733322,5,285.596662749913,35,10488.610313066627,199.2241356686451,349,Monsoon,Wednesday
2023-07-27,P001,Electronics,302.799848057339,10,317.0871806980705,24,7267.196353376135,194.1748937649304,174,Monsoon,Thursday
2023-07-28,P001,Electronics,430.5561246402221,15,438.5382964848519,0,0.0,311.6172762393482,314,Monsoon,Friday
2023-07-29,P001,Electronics,283.72147528522953,20,304.6801112327381,39,11065.137536123952,201.59090852938826,139,Monsoon,Saturday
2023-07-30,P001,Electronics,258.6362297545319,20,233.67774119770593,54,13966.356406744722,157.08289434509356,215,Monsoon,Sunday
2023-07-31,P001,Electronics,231.4282530929177,20,223.20444199471402,60,13885.695185575063,165.82622630363005,363,Monsoon,Monday
2023-08-01,P001,Electronics,201.3517595317338,0,195.34252189805753,50,10067.58797658669,145.9607083658193,267,Monsoon,Tuesday
2023-08-02,P001,Electronics,137.20696370507,0,139.25360307957902,78,10702.143168995459,92.91897549880392,132,Monsoon,Wednesday
2023-08-03,P001,Electronics,376.71105565679295,10,390.6984689468377,7,2636.9773895975504,238.81280940655355,491,Monsoon,Thursday
2023-08-04,P001,Electronics,387.7552622299281,20,401.75793191934326,8,3102.042097839425,250.07633822769287,291,Monsoon,Friday
2023-08-05,P001,Electronics,124.70495451607988,0,119.70236849639868,100,12470.495451607989,76.69644637094385,253,Monsoon,Saturday
2023-08-06,P001,Electronics,244.322524551201,5,251.03172645353985,52,12704.771276662454,149.18443079904233,423,Monsoon,Sunday
2023-08-07,P001,Electronics,165.0044261189825,0,154.8515837607413,62,10230.274419376916,116.75810810603602,324,Monsoon,Monday
2023-08-08,P001,Electronics,395.5721821397889,15,408.9637476467793,5,1977.8609106989443,263.9308323823339,284,Monsoon,Tuesday
2023-08-09,P001,Electronics,282.6035421366132,5,306.90380649180236,32,9043.313348371623,189.0068788545426,443,Monsoon,Wednesday
2023-08-10,P001,Electronics,265.0712993516597,15,242.73250630565428,45,11928.208470824688,172.20018065199682,222,Monsoon,Thursday
2023-08-11,P001,Electronics,148.64210373922285,5,160.50445658390737,76,11296.799884180937,103.09244918950397,198,Monsoon,Friday
2023-08-12,P001,Electronics,117.8352370936576,0,106.38199418337906,76,8955.478019117978,80.72052693905691,276,Monsoon,Saturday
2023-08-13,P001,Electronics,206.4926005995241,0,219.03469073216223,70,14454.482041966688,149.22669137947116,358,Monsoon,Sunday
2023-08-14,P001,Electronics,385.4641132448615,5,356.69321053202526,9,3469.1770192037534,281.3846987438598,139,Monsoon,Monday
2023-08-15,P001,Electronics,390.42453042498977,10,369.9926160909383,10,3904.245304249898,280.7516494242864,150,Monsoon,Tuesday
2023-08-16,P001,Electronics,195.02400582710794,15,205.78406784382872,70,13651.680407897557,126.9235621873827,306,Monsoon,Wednesday
2023-08-17,P001,Electronics,495.65012764349336,15,518.3149215025733,0,0.0,336.6506283438619,463,Monsoon,Thursday
2023-08-18,P001,Electronics,147.20241064774996,5,137.43164743095474,69,10156.966334694747,99.63234487100415,167,Monsoon,Friday
2023-08-19,P001,Electronics,359.8171834414642,5,327.636997969112,25,8995.429586036604,249.66857247390828,386,Monsoon,Saturday
2023-08-20,P001,Electronics,197.37704670616426,15,181.33553882769687,61,12039.99984907602,146.70236071761155,429,Monsoon,Sunday
2023-08-21,P001,Electronics,423.7478177747783,15,385.37532366916764,6,2542.48690664867,265.46358582069104,181,Monsoon,Monday
2023-08-22,P001,Electronics,134.45430861961452,10,144.99211477199154,59,7932.804208557257,86.46416616510017,76,Monsoon,Tuesday
2023-08-23,P001,Electronics,484.6451033733133,20,496.46431156061817,0,0.0,334.89894288221655,55,Monsoon,Wednesday
2023-08-24,P001,Electronics,352.47523122402845,20,343.74727259439527,24,8459.405549376683,230.90690369346402,401,Monsoon,Thursday
2023-08-25,P001,Electronics,115.02649181759223,10,112.41235690882208,73,8396.933902684234,73.62716943459269,102,Monsoon,Friday
2023-08-26,P001,Electronics,482.0091678446674,5,524.9096316997411,0,0.0,337.9084178927074,341,Monsoon,Saturday
2023-08-27,P001,Electronics,198.66257873791113,10,218.20429317713393,68,13509.055354177957,127.12740116203688,168,Monsoon,Sunday
2023-08-28,P001,Electronics,442.62879547333426,0,409.48613343479866,0,0.0,286.22637559679293,225,Monsoon,Monday
2023-08-29,P001,Electronics,311.81344600898296,10,321.5928655274599,26,8107.1495962335575,196.35857439293844,342,Monsoon,Tuesday
2023-08-30,P001,Electronics,363.1799644818369,5,359.481586153952,13,4721.33953826388,261.2962774949378,239,Monsoon,Wednesday
2023-08-31,P001,Electronics,110.33558888800448,5,116.52477853185717,94,10371.54535547242,69.53087149144388,274,Monsoon,Thursday
2023-09-01,P001,Electronics,483.9135145750859,20,523.3767391381941,0,0.0,343.3199807083833,173,Autumn,Friday
2023-09-02,P001,Electronics,397.4410070242471,10,384.2542841971763,9,3576.9690632182237,269.5741525011941,389,Autumn,Saturday
2023-09-03,P001,Electronics,354.72858571374115,15,345.94759020037213,31,10996.586157125976,262.08676419985477,436,Autumn,Sunday
2023-09-04,P001,Electronics,422.8428081278051,0,420.70501020952264,0,0.0,270.094605800446,429,Autumn,Monday
2023-09-05,P001,Electronics,427.1153722357678,0,463.8295025548037,0,0.0,316.9962803701769,233,Autumn,Tuesday
2023-09-06,P001,Electronics,126.23162905865453,20,121.0858412739562,104,13128.08942210007,86.57502516422338,306,Autumn,Wednesday
2023-09-07,P001,Electronics,223.74742483200515,20,225.07078706297318,58,12977.350640256298,147.70290670860697,91,Autumn,Thursday
2023-09-08,P001,Electronics,235.6949362115468,0,223.06539171163857,44,10370.57719330806,166.47958299000285,253,Autumn,Friday
2023-09-09,P001,Electronics,477.50964813792643,5,514.6153269165661,0,0.0,318.1580778175473,225,Autumn,Saturday
2023-09-10,P001,Electronics,340.73053945321914,20,326.0918420485634,37,12607.029959769108,244.960046120856,398,Autumn,Sunday
2023-09-11,P001,Electronics,444.75213244730287,0,449.24815849448953,0,0.0,321.94861194834874,231,Autumn,Monday
2023-09-12,P001,Electronics,423.01450215919726,5,391.7859758767315,2,846.0290043183945,268.75587227774224,103,Autumn,Tuesday
2023-09-13,P001,Electronics,166.78007161378767,5,174.96035013908997,62,10340.364440054835,112.93810504597901,415,Autumn,Wednesday
2023-09-14,P001,Electronics,171.86048718213675,0,187.6021981358796,68,11686.513128385299,116.08503763488152,336,Autumn,Thursday
2023-09-15,P001,Electronics,296.69517720759575,5,273.87355977965,36,10681.026379473447,213.68904017509647,259,Autumn,Friday
2023-09-16,P001,Electronics,446.4092762722499,10,420.54219592391786,0,0.0,305.7382541614783,373,Autumn,Saturday
2023-09-17,P001,Electronics,154.60120483343286,20,161.12210834978083,108,16696.930122010748,115.33326948081846,193,Autumn,Sunday
2023-09-18,P001,Electronics,318.6459758654684,10,297.454137856919,37,11789.901107022331,209.30288805504688,101,Autumn,Monday
2023-09-19,P001,Electronics,364.54005595079815,10,388.69052881498914,10,3645.4005595079816,260.65170049861064,106,Autumn,Tuesday
2023-09-20,P001,Electronics,493.7287915256165,0,444.6434321585229,0,0.0,296.934903031213,154,Autumn,Wednesday
2023-09-21,P001,Electronics,287.0994701498654,0,286.55105829655315,33,9474.282514945558,177.41656801951686,338,Autumn,Thursday
2023-09-22,P001,Electronics,322.68370262114155,0,290.99607636918336,28,9035.143673391964,206.08892668356143,421,Autumn,Friday
2023-09-23,P001,Electronics,225.09644647536007,5,232.48414206328246,62,13955.979681472325,152.88710853638614,302,Autumn,Saturday
2023-09-24,P001,Electronics,321.6504653433097,5,348.52491770426747,26,8362.912098926052,202.5167047908131,336,Autumn,Sunday
2023-09-25,P001,Electronics,394.8254070576701,5,423.6114437735692,0,0.0,266.4814740728165,484,Autumn,Monday
2023-09-26,P001,Electronics,251.96971638480582,0,239.61148804057805,46,11590.606953701068,185.7467641708822,76,Autumn,Tuesday
2023-09-27,P001,Electronics,303.6453540750088,0,310.4260995082125,23,6983.843143725203,207.9551936272111,362,Autumn,Wednesday
2023-09-28,P001,Electronics,487.24489456244663,15,490.35673061860166,0,0.0,313.1409867114373,271,Autumn,Thursday
2023-09-29,P001,Electronics,228.28486599371755,15,211.08515036587644,60,13697.091959623052,142.02009916720624,475,Autumn,Friday
2023-09-30,P001,Electronics,361.274875663125,10,351.4569460041606,23,8309.322140251874,251.41406288460294,489,Autumn,Saturday
2023-10-01,P001,Electronics,343.0783613990432,15,356.9981788405551,28,9606.19411917321,209.34694267991674,76,Autumn,Sunday
2023-10-02,P001,Electronics,370.2129474480227,10,374.40983340616594,13,4812.768316824295,257.9880361083147,84,Autumn,Monday
2023-10-03,P001,Electronics,219.3350974349995,0,200.8538201428777,59,12940.77074866497,148.9497264621389,190,Autumn,Tuesday
2023-10-04,P001,Electronics,126.2403059780118,15,128.06846067428037,79,9972.984172262932,83.40418386806019,284,Autumn,Wednesday
2023-10-05,P001,Electronics,140.24799088903603,10,127.76899505619177,72,10097.855344010593,102.82715376195769,72,Autumn,Thursday
2023-10-06,P001,Electronics,283.4599592324304,10,304.51160022171206,42,11905.318287762077,212.54839836024695,365,Autumn,Friday
2023-10-07,P001,Electronics,103.20325626951315,10,99.96198296745587,94,9701.106089334236,64.0620626424462,461,Autumn,Saturday
2023-10-08,P001,Electronics,201.44625105542565,5,203.92315131309567,65,13094.006318602667,126.48609586813997,65,Autumn,Sunday
2023-10-09,P001,Electronics,296.9430378117959,20,314.10875682433846,42,12471.607588095427,193.79878788205312,347,Autumn,Monday
2023-10-10,P001,Electronics,145.354838221029,0,139.32759652898127,60,8721.29029326174,95.77258227381196,60,Autumn,Tuesday
2023-10-11,P001,Electronics,435.99928929757715,10,466.53423314584734,0,0.0,326.84136880955805,370,Autumn,Wednesday
2023-10-12,P001,Electronics,488.4879647541978,0,458.1518994210727,0,0.0,342.6539894526287,317,Autumn,Thursday
2023-10-13,P001,Electronics,185.15770186399737,0,185.6972927443452,69,12775.88142861582,116.65363518439848,250,Autumn,Friday
2023-10-14,P001,Electronics,324.5423296757352,10,356.1091453625649,28,9087.185230920584,219.67970352211807,59,Autumn,Saturday
2023-10-15,P001,Electronics,205.8598019995046,20,226.30922624992422,78,16057.06455596136,146.69951044977776,140,Autumn,Sunday
