synthetic_retail_demand.csv
date,product_id,category,price,discount_pct,competitor_price,units_sold,revenue,cost,inventory_level,season,day_of_week
2023-10-16,P001,Electronics,155.88822679158164,10,162.35869306889205,77,12003.393462951786,104.35207392092755,237,Autumn,Monday
2023-10-17,P001,Electronics,455.7275039713278,0,461.6549260281763,0,0.0,319.21551316584026,394,Autumn,Tuesday
2023-10-18,P001,Electronics,282.20067808768806,15,303.6030223277656,35,9877.023733069082,169.87113051023985,89,Autumn,Wednesday
2023-10-19,P001,Electronics,199.04683486988742,5,189.37125976883874,62,12340.90376193302,120.05239675928266,426,Autumn,Thursday
2023-10-20,P001,Electronics,182.48108636071154,20,170.00982731696718,90,16423.29777246404,121.9610740757803,278,Autumn,Friday
2023-10-21,P001,Electronics,452.7613139053838,5,433.73453398315263,0,0.0,272.64256933369745,233,Autumn,Saturday
2023-10-22,P001,Electronics,392.74930122508806,10,427.7014018876519,0,0.0,264.0337755428045,367,Autumn,Sunday
2023-10-23,P001,Electronics,272.8852750340094,0,278.8357537466123,31,8459.44352605429,195.20767083100625,75,Autumn,Monday
2023-10-24,P001,Electronics,455.5370046954127,5,469.0047106887919,0,0.0,287.63981906338057,450,Autumn,Tuesday
2023-10-25,P001,Electronics,209.9582633028351,20,206.61301463659325,71,14907.036694501292,154.16500511946091,271,Autumn,Wednesday
2023-10-26,P001,Electronics,225.93646216349413,0,246.7731481866476,47,10619.013721684223,156.8246410103403,484,Autumn,Thursday
2023-10-27,P001,Electronics,199.94151843133182,15,203.50673072612202,64,12796.257179605236,133.593594334076,420,Autumn,Friday
2023-10-28,P001,Electronics,288.6434282964369,15,267.78331373584035,58,16741.31884119334,178.69821754950942,74,Autumn,Saturday
2023-10-29,P001,Electronics,374.35051003458585,0,355.6299134540734,13,4866.556630449616,258.83690229680974,384,Autumn,Sunday
2023-10-30,P001,Electronics,199.02580325671386,5,218.46115518995288,69,13732.780424713255,131.02420416902874,121,Autumn,Monday
2023-10-31,P001,Electronics,143.14130582492368,10,155.5549601067403,80,11451.304465993893,104.50792484339587,356,Autumn,Tuesday
2023-11-01,P001,Electronics,178.70351106866224,10,194.53738232662693,68,12151.838752669031,128.53445395458004,229,Autumn,Wednesday
2023-11-02,P001,Electronics,122.5605431043162,0,110.34890556491236,78,9559.722362136663,77.65101579013638,443,Autumn,Thursday
2023-11-03,P001,Electronics,274.09228720376956,0,249.89194460360727,47,12882.33749857717,177.0120949760349,315,Autumn,Friday
2023-11-04,P001,Electronics,229.70034954078824,20,239.01416118321288,58,13322.620273365717,165.13284713297475,437,Autumn,Saturday
2023-11-05,P001,Electronics,299.0751838191088,10,314.5316090215563,35,10467.631433668808,180.4314537595333,157,Autumn,Sunday
2023-11-06,P001,Electronics,461.32045095550376,5,422.06304582936895,0,0.0,312.1104606298511,69,Autumn,Monday
2023-11-07,P001,Electronics,444.10131455988176,10,434.84134293699094,0,0.0,286.35689339366604,360,Autumn,Tuesday
2023-11-08,P001,Electronics,321.79564572846834,10,291.33297436555495,38,12228.234537681798,193.6771627338527,466,Autumn,Wednesday
2023-11-09,P001,Electronics,278.9329706664751,15,299.1818880503986,34,9483.721002660153,186.13887602610637,484,Autumn,Thursday
2023-11-10,P001,Electronics,483.69417412952885,15,452.31210962724424,0,0.0,294.8988491334128,213,Autumn,Friday
2023-11-11,P001,Electronics,398.3569060261929,20,396.2195341275571,10,3983.5690602619293,276.68263708520146,75,Autumn,Saturday
2023-11-12,P001,Electronics,375.64363259472964,0,397.1054006078113,3,1126.9308977841888,263.3365234188726,393,Autumn,Sunday
2023-11-13,P001,Electronics,388.5031631735299,5,390.2570855882221,5,1942.5158158676495,278.67055767594303,352,Autumn,Monday
2023-11-14,P001,Electronics,212.2542319506063,5,219.26372326761688,45,9551.440437777284,149.34802616346857,311,Autumn,Tuesday
2023-11-15,P001,Electronics,348.7657685135513,0,377.33355126311085,9,3138.8919166219616,210.2028032728118,482,Autumn,Wednesday
2023-11-16,P001,Electronics,497.1323301778788,5,506.44916502383677,0,0.0,355.84969221650124,142,Autumn,Thursday
2023-11-17,P001,Electronics,407.36842844689687,0,375.2609272085957,4,1629.4737137875875,245.5604616586915,450,Autumn,Friday
2023-11-18,P001,Electronics,199.94698610317175,0,186.14327621043276,87,17395.387790975943,131.05454575726355,136,Autumn,Saturday
2023-11-19,P001,Electronics,491.3777568614278,10,521.7427155664831,0,0.0,353.8188280561674,443,Autumn,Sunday
2023-11-20,P001,Electronics,481.32970595485534,5,474.9495558292696,0,0.0,318.55075796545896,236,Autumn,Monday
2023-11-21,P001,Electronics,334.1943753260142,15,344.12175471572317,22,7352.276257172312,216.02821389679323,88,Autumn,Tuesday
2023-11-22,P001,Electronics,433.17265935716597,10,466.8838325827267,0,0.0,314.8228860320695,82,Autumn,Wednesday
2023-11-23,P001,Electronics,270.44611153231176,15,252.07310999512353,41,11088.290572824782,173.71384900184242,64,Autumn,Thursday
2023-11-24,P001,Electronics,421.6436984244527,0,381.69698272990325,1,421.6436984244527,269.49538282904086,442,Autumn,Friday
2023-11-25,P001,Electronics,123.11527880794566,5,128.44941906510084,82,10095.452862251545,81.94457509095251,161,Autumn,Saturday
2023-11-26,P001,Electronics,330.8213366854177,10,313.4077568578045,29,9593.818763877112,229.62228316944652,119,Autumn,Sunday
2023-11-27,P001,Electronics,174.16472713086966,5,179.64038469990012,57,9927.38944645957,115.96834755057081,198,Autumn,Monday
2023-11-28,P001,Electronics,153.58994669991247,5,138.36486956055427,68,10444.116375594049,113.45653511922701,108,Autumn,Tuesday
2023-11-29,P001,Electronics,477.34291948395264,0,444.7047472148837,0,0.0,310.6447455119094,437,Autumn,Wednesday
2023-11-30,P001,Electronics,388.595669252669,5,395.87099968632117,4,1554.382677010676,242.72763644990732,328,Autumn,Thursday
2023-12-01,P001,Electronics,211.2194993333357,20,197.2845179142786,77,16263.90144866685,150.87051703936274,215,Winter,Friday
2023-12-02,P001,Electronics,231.49839533984263,20,238.15492835433693,94,21760.849161945207,150.45607468375934,412,Winter,Saturday
2023-12-03,P001,Electronics,375.8806569458493,5,380.33002243559804,11,4134.687226404342,255.53115472800096,69,Winter,Sunday
2023-12-04,P001,Electronics,270.222351078687,5,258.41415428609446,59,15943.118713642532,172.03302135596653,68,Winter,Monday
2023-12-05,P001,Electronics,243.1139703367065,10,263.6570471653021,63,15316.18013121251,176.9626402798667,241,Winter,Tuesday
2023-12-06,P001,Electronics,350.0107151241316,20,371.18355037664077,24,8400.257162979158,212.1786506537567,201,Winter,Wednesday
2023-12-07,P001,Electronics,290.26201236996684,15,318.4749907165868,37,10739.694457688773,214.98682163952154,157,Winter,Thursday
2023-12-08,P001,Electronics,484.6561969261216,5,452.6949757244368,0,0.0,336.8070172678913,144,Winter,Friday
2023-12-09,P001,Electronics,208.38528314848782,20,198.6284858931764,73,15212.12566983961,138.73583157447567,73,Winter,Saturday
2023-12-10,P001,Electronics,182.4094894328337,15,183.787501602473,107,19517.815369313208,113.63315696121936,223,Winter,Sunday
2023-12-11,P001,Electronics,206.55105657200954,10,224.20565325554352,69,14252.022903468658,136.4046066397763,119,Winter,Monday
2023-12-12,P001,Electronics,116.93379700732135,15,122.00814552598509,121,14148.989437885883,85.5373802828424,462,Winter,Tuesday
2023-12-13,P001,Electronics,109.48654412231625,20,109.77954426618676,97,10620.194779864676,79.24616276357807,367,Winter,Wednesday
2023-12-14,P001,Electronics,171.80010419774027,5,171.57782338971856,80,13744.00833581922,125.77490256311104,312,Winter,Thursday
2023-12-15,P001,Electronics,462.5565929448637,10,482.58309744510336,0,0.0,304.35023871329446,438,Winter,Friday
2023-12-16,P001,Electronics,394.0092792712682,5,395.59183197926814,6,2364.055675627609,285.4745095736547,343,Winter,Saturday
2023-12-17,P001,Electronics,118.81562136589916,10,122.73178528853819,150,17822.343204884874,77.33347860446035,262,Winter,Sunday
2023-12-18,P001,Electronics,401.57507377656964,5,385.93982048494894,6,2409.4504426594176,294.95116070876816,318,Winter,Monday
2023-12-19,P001,Electronics,386.09474139305325,5,402.6362321322182,3,1158.2842241791598,235.68239050638056,431,Winter,Tuesday
2023-12-20,P001,Electronics,212.9588440423308,20,207.00204930169562,68,14481.201394878495,142.6303142044226,121,Winter,Wednesday
2023-12-21,P001,Electronics,432.79602124413896,20,440.0574575997982,0,0.0,273.2961074122495,156,Winter,Thursday
2023-12-22,P001,Electronics,475.64347932409623,10,455.1537346890375,0,0.0,311.31150217193704,126,Winter,Friday
2023-12-23,P001,Electronics,430.7614176107874,10,397.6509605139302,3,1292.2842528323622,319.5989857325866,195,Winter,Saturday
2023-12-24,P001,Electronics,252.06005678306798,5,263.04670049295555,55,13863.30312306874,179.32137855021554,59,Winter,Sunday
2023-12-25,P001,Electronics,415.17636826916004,5,414.36444725873935,0,0.0,271.4188187059663,384,Winter,Monday
2023-12-26,P001,Electronics,448.881811599558,10,493.2785343629186,0,0.0,333.737175872205,113,Winter,Tuesday
2023-12-27,P001,Electronics,307.77951455649503,5,299.98521746085595,40,12311.180582259802,226.31592041756466,344,Winter,Wednesday
2023-12-28,P001,Electronics,388.65941770069435,15,374.12552634739893,19,7384.528936313192,280.99307214179555,62,Winter,Thursday
2023-12-29,P001,Electronics,446.02501199374416,20,413.9918474290495,2,892.0500239874883,282.1936337606811,450,Winter,Friday
2023-12-30,P001,Electronics,435.4818098135438,10,444.5931965748958,0,0.0,306.1241116923959,378,Winter,Saturday
2023-12-31,P001,Electronics,478.99089375824985,5,465.138995068746,0,0.0,346.34608505776976,183,Winter,Sunday
2024-01-01,P001,Electronics,131.5272308971136,15,131.9849795900568,94,12363.55970432868,79.21150928490127,94,Winter,Monday
2024-01-02,P001,Electronics,284.15447027001625,15,271.34975911177315,59,16765.113745930958,198.14001670856865,398,Winter,Tuesday
2024-01-03,P001,Electronics,262.7237165427398,0,240.90339180282683,54,14187.08069330795,182.18469277946076,234,Winter,Wednesday
2024-01-04,P001,Electronics,205.3454475992317,5,195.55559542952017,71,14579.526779545451,138.49432139999533,269,Winter,Thursday
2024-01-05,P001,Electronics,397.09229178163605,0,387.0067114317923,4,1588.3691671265442,247.11777716256913,294,Winter,Friday
2024-01-06,P001,Electronics,331.57487048214284,5,364.69954419869475,21,6963.072280124999,240.4860788795596,464,Winter,Saturday
2024-01-07,P001,Electronics,418.86204232633276,15,403.6547888989547,7,2932.0342962843292,296.75723061111194,456,Winter,Sunday
2024-01-08,P001,Electronics,149.6946822223236,15,154.63858442825682,112,16765.804408900243,99.67215499186014,450,Winter,Monday
2024-01-09,P001,Electronics,454.42958683821007,15,463.3283171904391,0,0.0,306.05108388119464,467,Winter,Tuesday
2024-01-10,P001,Electronics,325.08461733688114,20,357.1526588053756,32,10402.707754780196,195.6150619727442,223,Winter,Wednesday
2024-01-11,P001,Electronics,281.1072518045603,15,295.28376556288583,54,15179.791597446256,189.89821869303788,352,Winter,Thursday
2024-01-12,P001,Electronics,164.56679507502957,15,164.13257166332176,89,14646.444761677632,122.89630357076885,229,Winter,Friday
2024-01-13,P001,Electronics,345.0371233103506,20,362.5844922501737,35,12076.29931586227,208.08382827602412,402,Winter,Saturday
2024-01-14,P001,Electronics,349.9689879153825,15,377.1398769069418,23,8049.286722053797,254.8515885619366,357,Winter,Sunday
2024-01-15,P001,Electronics,190.99635634762495,20,181.1569427453765,91,17380.66842763387,119.87880621118302,486,Winter,Monday
2024-01-16,P001,Electronics,366.87613785702433,10,382.7658104572245,13,4769.389792141316,253.03058853762312,153,Winter,Tuesday
2024-01-17,P001,Electronics,204.15894349802866,20,206.02121868043156,85,17353.510197332438,144.14000649663106,300,Winter,Wednesday
2024-01-18,P001,Electronics,472.56887763448776,20,449.2156394894883,0,0.0,286.41131943579603,411,Winter,Thursday
2024-01-19,P001,Electronics,341.49068701405236,15,347.2954651450012,33,11269.192671463728,255.96546135959605,232,Winter,Friday
2024-01-20,P001,Electronics,463.21395053428864,15,417.2950020407912,0,0.0,322.766525353817,445,Winter,Saturday
2024-01-21,P001,Electronics,377.59684335571023,15,399.223127551543,15,5663.952650335654,240.72120241440538,183,Winter,Sunday
2024-01-22,P001,Electronics,455.1014037655945,10,488.5700579480132,0,0.0,273.20699256927793,87,Winter,Monday
2024-01-23,P001,Electronics,447.32958546014714,20,447.07375442727994,0,0.0,322.70420008731224,198,Winter,Tuesday
2024-01-24,P001,Electronics,321.5361168914945,15,294.6706953471444,44,14147.589143225758,213.0947213961873,140,Winter,Wednesday
2024-01-25,P001,Electronics,349.37525347764483,5,325.1996266733533,28,9782.507097374055,223.52100583125755,460,Winter,Thursday
2024-01-26,P001,Electronics,436.22134270050566,0,404.133906031485,0,0.0,308.4465223866688,395,Winter,Friday
2024-01-27,P001,Electronics,340.55368910749235,0,321.1571571402552,25,8513.842227687308,207.70006243791292,456,Winter,Saturday
2024-01-28,P001,Electronics,445.9023582415397,15,464.9933266962211,0,0.0,325.5682910021637,87,Winter,Sunday
2024-01-29,P001,Electronics,330.2877221324817,10,340.1640181992124,31,10238.919386106933,201.79184902356752,76,Winter,Monday
2024-01-30,P001,Electronics,173.49133613657494,15,190.52129274071564,92,15961.202924564896,116.38530001193602,450,Winter,Tuesday
2024-01-31,P001,Electronics,183.09970920487615,20,200.0497009631361,98,17943.771502077863,110.52366318997927,319,Winter,Wednesday
2024-02-01,P001,Electronics,221.74711337182038,5,215.7168101319142,80,17739.76906974563,164.96121214462667,154,Winter,Thursday
2024-02-02,P001,Electronics,209.85927714739532,20,212.57982205011533,59,12381.697351696324,140.72654465416338,59,Winter,Friday
2024-02-03,P001,Electronics,141.60498171403214,5,140.3564771276594,106,15010.128061687406,86.47547291872064,195,Winter,Saturday
2024-02-04,P001,Electronics,399.9011514788152,5,420.86170267491593,0,0.0,298.27714007411487,127,Winter,Sunday
2024-02-05,P001,Electronics,294.5636395964346,10,294.09694395518176,36,10604.291025471646,194.14443221867072,389,Winter,Monday
2024-02-06,P001,Electronics,190.74820653259764,10,181.61203297681087,78,14878.360109542615,132.92642680137678,86,Winter,Tuesday
2024-02-07,P001,Electronics,273.30029707830016,20,284.6295738275679,51,13938.315150993309,191.51515819289392,155,Winter,Wednesday
2024-02-08,P001,Electronics,271.8981524302667,5,252.03438521018694,45,12235.416859362002,179.77871104255965,69,Winter,Thursday
2024-02-09,P001,Electronics,455.6369592995841,5,499.2964020490272,0,0.0,322.0409897767165,238,Winter,Friday
2024-02-10,P001,Electronics,464.08868056412484,20,440.6632370362918,0,0.0,336.4786545086334,447,Winter,Saturday
2024-02-11,P001,Electronics,367.18922432887393,5,388.4765134301632,11,4039.0814676176133,256.45816720365355,309,Winter,Sunday
2024-02-12,P001,Electronics,268.1161040217021,10,288.1148161411224,44,11797.108576954892,195.60234756554954,104,Winter,Monday
2024-02-13,P001,Electronics,449.97332974025954,15,488.2877157373374,0,0.0,280.96248227001973,91,Winter,Tuesday
2024-02-14,P001,Electronics,403.50942490157536,20,434.0710337538306,3,1210.528274704726,263.7068457715438,144,Winter,Wednesday
2024-02-15,P001,Electronics,447.8760805038182,10,492.0935824775709,0,0.0,274.91288354978633,235,Winter,Thursday
2024-02-16,P001,Electronics,137.6678792988949,15,149.34618903221988,116,15969.473998671807,98.61113892289723,236,Winter,Friday
2024-02-17,P001,Electronics,119.42017088354527,5,112.76631564775336,112,13375.059138957069,73.1184897839234,407,Winter,Saturday
2024-02-18,P001,Electronics,375.45092091799927,0,393.0571951986086,5,1877.2546045899962,251.7731721436875,192,Winter,Sunday
2024-02-19,P001,Electronics,450.6421113482394,15,441.92312574199184,0,0.0,333.62469938714514,158,Winter,Monday
2024-02-20,P001,Electronics,148.6203042923642,15,140.18427618976025,106,15753.752254990606,106.37093010325572,470,Winter,Tuesday
2024-02-21,P001,Electronics,124.67211850123817,20,113.8231312313846,129,16082.703286659724,86.50873076231919,491,Winter,Wednesday
2024-02-22,P001,Electronics,349.0235213286577,15,332.632041761192,34,11866.799725174362,253.14216413403477,252,Winter,Thursday
2024-02-23,P001,Electronics,214.36817665585278,20,210.1427033272917,86,18435.66319240334,153.21476323680739,311,Winter,Friday
2024-02-24,P001,Electronics,289.7490559898476,20,280.94476266587316,65,18833.688639340093,188.90917934598892,215,Winter,Saturday
2024-02-25,P001,Electronics,405.22424150521675,10,389.01774214024624,8,3241.793932041734,260.2544389856873,256,Winter,Sunday
2024-02-26,P001,Electronics,273.1404427182684,15,275.7890083334854,49,13383.881693195151,168.63909962225418,241,Winter,Monday
2024-02-27,P001,Electronics,277.0356093297835,10,291.780649637745,52,14405.85168514874,169.06157420558316,215,Winter,Tuesday
2024-02-28,P001,Electronics,209.5487278821484,10,215.9875535507502,61,12782.472400811052,126.32243527054844,264,Winter,Wednesday
2024-02-29,P001,Electronics,225.36534594146804,5,230.10124026273755,60,13521.920756488082,158.49818428646034,102,Winter,Thursday
2024-03-01,P001,Electronics,455.9854820548991,0,446.74186612871557,0,0.0,281.77375077761565,373,Summer,Friday
2024-03-02,P001,Electronics,285.7611625282584,0,293.46734986495096,50,14288.058126412921,209.4732220094207,368,Summer,Saturday
2024-03-03,P001,Electronics,195.07950412249153,15,188.0276416597504,99,19312.87090812666,128.53160033730776,205,Summer,Sunday
2024-03-04,P001,Electronics,260.3610890316504,20,283.44128117332644,47,12236.97118448757,184.44949598744853,206,Summer,Monday
2024-03-05,P001,Electronics,351.08016544029596,15,372.1443906465976,21,7372.683474246215,259.92905572218984,277,Summer,Tuesday
2024-03-06,P001,Electronics,280.2493700432676,5,286.57182789960183,41,11490.224171773973,169.95732149241124,245,Summer,Wednesday
2024-03-07,P001,Electronics,277.45825864139147,10,265.61962795677726,41,11375.78860429705,198.999593490799,340,Summer,Thursday
2024-03-08,P001,Electronics,380.2818304749473,20,371.53848477431086,15,5704.22745712421,275.8834317554619,156,Summer,Friday
