synthetic_retail_demand.csv
date,product_id,category,price,discount_pct,competitor_price,units_sold,revenue,cost,inventory_level,season,day_of_week
2024-03-09,P001,Electronics,280.01140480747495,5,267.77906659474115,62,17360.707098063445,171.2659900718842,297,Summer,Saturday
2024-03-10,P001,Electronics,499.50001375652676,20,530.8512220398181,0,0.0,328.22362205009824,208,Summer,Sunday
2024-03-11,P001,Electronics,301.01185068066223,15,287.9014960190996,36,10836.42662450384,217.31120853821994,407,Summer,Monday
2024-03-12,P001,Electronics,339.6050548458449,15,306.72404469105993,34,11546.571864758727,231.11319072079067,211,Summer,Tuesday
2024-03-13,P001,Electronics,383.43165002599966,5,412.4906478661658,1,383.43165002599966,277.9912810182695,382,Summer,Wednesday
2024-03-14,P001,Electronics,447.4025882741564,0,459.397497149335,0,0.0,285.68797902637033,204,Summer,Thursday
2024-03-15,P001,Electronics,269.21447163287394,0,242.59735015327317,50,13460.723581643697,201.58767557622303,120,Summer,Friday
2024-03-16,P001,Electronics,409.3234680790388,15,375.95729504664774,17,6958.49895734366,272.0068564836785,85,Summer,Saturday
2024-03-17,P001,Electronics,244.553044626217,10,264.26407309851055,74,18096.92530234006,176.59425850783964,170,Summer,Sunday
2024-03-18,P001,Electronics,232.76251395899868,15,247.9204125949427,69,16060.613463170908,172.3643873007403,434,Summer,Monday
2024-03-19,P001,Electronics,427.150655155236,10,389.99247433223627,3,1281.4519654657079,318.7530092953416,318,Summer,Tuesday
2024-03-20,P001,Electronics,218.40982060824416,5,216.24498594853515,62,13541.408877711137,141.6452089425037,224,Summer,Wednesday
2024-03-21,P001,Electronics,373.5535893785081,10,339.8808710732541,24,8965.286145084194,263.0390238231481,467,Summer,Thursday
2024-03-22,P001,Electronics,111.32974301881107,15,110.61433616714976,89,9908.347128674186,71.3908700134415,302,Summer,Friday
2024-03-23,P001,Electronics,371.9942040512854,0,392.3556301830504,4,1487.9768162051416,252.69673343063528,426,Summer,Saturday
2024-03-24,P001,Electronics,110.50272752396242,10,114.83196708669672,112,12376.30548268379,70.48850352670249,210,Summer,Sunday
2024-03-25,P001,Electronics,402.7979037958622,0,403.582751486863,0,0.0,266.06349120025976,493,Summer,Monday
2024-03-26,P001,Electronics,350.23583338790104,5,329.3277435805803,24,8405.660001309625,252.56673374443048,141,Summer,Tuesday
2024-03-27,P001,Electronics,275.04625149534,5,257.77078596729507,56,15402.59008373904,169.60943467904306,224,Summer,Wednesday
2024-03-28,P001,Electronics,145.6201190821595,10,137.74966254051537,76,11067.129050244122,88.14979704808789,350,Summer,Thursday
2024-03-29,P001,Electronics,161.58974046627355,5,165.7323392252974,90,14543.07664196462,110.21803737143081,477,Summer,Friday
2024-03-30,P001,Electronics,273.5137608829491,0,258.9297583496965,63,17231.366935625792,202.7253525210285,290,Summer,Saturday
2024-03-31,P001,Electronics,151.09710541707562,5,156.61151715859577,93,14052.030803788033,92.9604061929491,490,Summer,Sunday
2024-04-01,P001,Electronics,138.02604930282422,0,127.90588520493635,72,9937.875549803344,101.03311018962917,361,Summer,Monday
2024-04-02,P001,Electronics,359.34923028722454,5,328.9966116433312,18,6468.286145170042,265.7391180124339,293,Summer,Tuesday
2024-04-03,P001,Electronics,296.4271798614314,5,292.3317754022608,34,10078.524115288668,220.2912496489796,201,Summer,Wednesday
2024-04-04,P001,Electronics,356.58434093288787,15,340.3664776297747,30,10697.530227986636,244.88292129641684,392,Summer,Thursday
2024-04-05,P001,Electronics,441.9702626044285,0,426.6950283340195,0,0.0,300.7908672882437,229,Summer,Friday
2024-04-06,P001,Electronics,377.3097709634874,20,407.5600456481425,14,5282.336793488823,244.09747845895285,170,Summer,Saturday
2024-04-07,P001,Electronics,175.91471097383055,10,159.85583278299163,84,14776.835721801766,111.2816425065189,156,Summer,Sunday
2024-04-08,P001,Electronics,494.38877758013746,5,451.1808574771702,0,0.0,328.10337075839954,266,Summer,Monday
2024-04-09,P001,Electronics,134.3369110482329,5,144.30842158122076,97,13030.680371678593,100.1494676420482,140,Summer,Tuesday
2024-04-10,P001,Electronics,395.5309749404718,5,361.0513732155257,10,3955.3097494047183,250.74307938311503,246,Summer,Wednesday
2024-04-11,P001,Electronics,163.0754688292589,20,158.52278680479998,89,14513.716725804043,122.03355538179959,456,Summer,Thursday
2024-04-12,P001,Electronics,135.6999006546336,10,133.69565514688657,85,11534.491555643857,100.67258924446281,337,Summer,Friday
2024-04-13,P001,Electronics,389.91572047817414,20,421.1570728248028,10,3899.1572047817413,241.6032941872835,191,Summer,Saturday
2024-04-14,P001,Electronics,135.8831805758524,5,124.34184567195423,109,14811.266682767913,82.17108390681528,161,Summer,Sunday
2024-04-15,P001,Electronics,162.27045021679015,0,169.44348692779826,90,14604.340519511114,113.01043191254534,314,Summer,Monday
2024-04-16,P001,Electronics,120.81513507782415,20,118.66561105556492,111,13410.47999363848,75.49049252408005,478,Summer,Tuesday
2024-04-17,P001,Electronics,128.7230181781877,0,117.18073860004088,61,7852.104108869449,83.73934754452,61,Summer,Wednesday
2024-04-18,P001,Electronics,213.6543456821594,10,213.1518789227871,54,11537.334666836608,136.48951312482347,185,Summer,Thursday
2024-04-19,P001,Electronics,424.58121216547624,5,400.9137023367442,0,0.0,275.59099093127884,393,Summer,Friday
2024-04-20,P001,Electronics,420.7785280180279,20,433.96210474033694,1,420.7785280180279,305.2963530494642,357,Summer,Saturday
2024-04-21,P001,Electronics,404.9275046775903,20,376.1829478631946,16,6478.840074841445,250.28694420537926,454,Summer,Sunday
2024-04-22,P001,Electronics,121.12985779365468,10,114.76029963984715,97,11749.596205984504,78.5586986721876,103,Summer,Monday
2024-04-23,P001,Electronics,169.4147678555534,20,166.62019692421936,77,13044.937124877611,109.28754700613746,116,Summer,Tuesday
2024-04-24,P001,Electronics,349.80720614573886,10,360.5590669270493,23,8045.565741351994,254.5391517568072,110,Summer,Wednesday
2024-04-25,P001,Electronics,417.8917362945114,0,385.6253277005794,0,0.0,255.9974476150499,251,Summer,Thursday
2024-04-26,P001,Electronics,456.0421893770816,0,462.81246533556447,0,0.0,293.62752248039084,59,Summer,Friday
2024-04-27,P001,Electronics,348.686874081537,15,325.6653724133457,39,13598.788089179943,224.13406002089226,269,Summer,Saturday
2024-04-28,P001,Electronics,429.53620606847755,5,442.2081905644369,0,0.0,266.50782148008295,392,Summer,Sunday
2024-04-29,P001,Electronics,285.6540748794928,15,301.5604713226156,35,9997.892620782248,194.66800972702237,295,Summer,Monday
2024-04-30,P001,Electronics,355.49570251569514,10,388.2159683008629,15,5332.435537735427,228.0222179049976,453,Summer,Tuesday
2024-05-01,P001,Electronics,317.31499028539497,0,346.10004344539067,24,7615.559766849479,230.3528099833906,438,Summer,Wednesday
2024-05-02,P001,Electronics,252.63036762087268,20,240.94605877589356,54,13642.039851527124,171.64635907973482,290,Summer,Thursday
2024-05-03,P001,Electronics,462.69694902902154,5,431.61430422463536,0,0.0,281.4022826643482,73,Summer,Friday
2024-05-04,P001,Electronics,361.93254335760145,5,375.8550868266861,12,4343.190520291218,266.6408017252906,96,Summer,Saturday
2024-05-05,P001,Electronics,386.3400062107244,0,419.14569847285674,0,0.0,279.11891319287605,221,Summer,Sunday
2024-05-06,P001,Electronics,436.6767072388015,20,457.1322458948827,0,0.0,311.62225744714704,324,Summer,Monday
2024-05-07,P001,Electronics,322.20746668103834,0,322.2632048133147,26,8377.394133706997,204.52283232349887,324,Summer,Tuesday
2024-05-08,P001,Electronics,208.18764224660353,20,205.3707692769966,58,12074.883250303004,150.75218187705232,58,Summer,Wednesday
2024-05-09,P001,Electronics,118.75929637806712,5,107.75196777724098,94,11163.37385953831,74.57633442553049,313,Summer,Thursday
2024-05-10,P001,Electronics,194.13022038389983,20,211.86939119573876,76,14753.896749176387,142.07600733156607,329,Summer,Friday
2024-05-11,P001,Electronics,156.39173479604565,15,155.12768314428243,53,8288.761944190419,98.2114582068575,53,Summer,Saturday
2024-05-12,P001,Electronics,412.17585596447094,0,403.334698984078,0,0.0,269.3500935834137,378,Summer,Sunday
2024-05-13,P001,Electronics,227.31061844779217,20,234.22462018791097,65,14775.190199106491,161.53391029974816,225,Summer,Monday
2024-05-14,P001,Electronics,125.53041388388544,0,136.52758430805443,89,11172.206835665804,88.95084890784771,442,Summer,Tuesday
2024-05-15,P001,Electronics,380.88534736332986,0,400.286315448976,2,761.7706947266597,281.8631247102723,253,Summer,Wednesday
2024-05-16,P001,Electronics,403.4550335654847,20,429.10051761022004,3,1210.3651006964542,269.6457900103074,459,Summer,Thursday
2024-05-17,P001,Electronics,499.8678572492135,0,483.25645499688864,0,0.0,335.255177241392,166,Summer,Friday
2024-05-18,P001,Electronics,248.321679017939,10,234.7129937331242,57,14154.335704022524,173.44324915396444,409,Summer,Saturday
2024-05-19,P001,Electronics,444.5450875826267,5,477.82347296466884,0,0.0,270.70392520540435,68,Summer,Sunday
2024-05-20,P001,Electronics,238.8112101302544,0,248.56209874820073,57,13612.238977424502,169.37785269594343,199,Summer,Monday
2024-05-21,P001,Electronics,292.76302753440086,15,286.93215187035725,38,11124.995046307233,203.68626014238606,398,Summer,Tuesday
2024-05-22,P001,Electronics,296.64533793613225,0,275.75882083909033,34,10085.941489828496,194.81388235329854,436,Summer,Wednesday
2024-05-23,P001,Electronics,172.59484994347946,10,156.09317722157118,89,15360.941644969673,127.79112980459894,480,Summer,Thursday
2024-05-24,P001,Electronics,252.67532229959838,10,270.50584019921473,52,13139.116759579116,159.94708116543566,231,Summer,Friday
2024-05-25,P001,Electronics,171.74134370582075,20,170.59620271155183,101,17345.875714287897,115.57934863028929,106,Summer,Saturday
2024-05-26,P001,Electronics,191.23554590797576,10,202.2146330944487,85,16255.02140217794,123.75755415777282,401,Summer,Sunday
2024-05-27,P001,Electronics,475.3514948336244,5,462.4369741227875,0,0.0,317.26005669880095,446,Summer,Monday
2024-05-28,P001,Electronics,312.4587053484049,5,329.22197601159587,25,7811.467633710123,225.11050015522403,332,Summer,Tuesday
2024-05-29,P001,Electronics,423.4053093041643,10,453.0931744806294,0,0.0,254.60740303868994,304,Summer,Wednesday
2024-05-30,P001,Electronics,196.61712508639116,15,182.5628102435778,77,15139.51863165212,123.49479627423996,461,Summer,Thursday
2024-05-31,P001,Electronics,333.3661741040496,5,327.46700759072854,29,9667.619049017438,230.06478557497715,90,Summer,Friday
2024-06-01,P001,Electronics,368.89015221886996,10,367.8283622659043,16,5902.242435501919,247.13003907607572,205,Monsoon,Saturday
2024-06-02,P001,Electronics,306.294475349618,10,332.1362645421352,24,7351.067408390832,185.44226789578107,473,Monsoon,Sunday
2024-06-03,P001,Electronics,457.69121709609874,5,501.6590559090827,0,0.0,316.9254311928439,420,Monsoon,Monday
2024-06-04,P001,Electronics,396.6160547790533,0,408.24462204766553,0,0.0,258.8347216010922,328,Monsoon,Tuesday
2024-06-05,P001,Electronics,434.8297783276378,5,451.4363728423843,0,0.0,305.4189250370419,440,Monsoon,Wednesday
2024-06-06,P001,Electronics,394.76527945500635,20,416.28207337473737,6,2368.591676730038,252.5791094511066,186,Monsoon,Thursday
2024-06-07,P001,Electronics,106.03521208427797,0,95.98269848098,92,9755.239511753574,66.05154671038287,202,Monsoon,Friday
2024-06-08,P001,Electronics,219.9652193908268,10,212.2467236945741,66,14517.70447979457,158.33221565655901,231,Monsoon,Saturday
2024-06-09,P001,Electronics,226.69945946008477,15,225.97610120089655,76,17229.15891896644,153.8811451824858,446,Monsoon,Sunday
2024-06-10,P001,Electronics,112.61385125248964,10,104.18803732789253,78,8783.880397694193,75.21681779458243,480,Monsoon,Monday
2024-06-11,P001,Electronics,156.29734535646128,0,169.63050215683563,61,9534.138066744137,94.00835455778868,228,Monsoon,Tuesday
2024-06-12,P001,Electronics,426.55909054462825,15,402.3585992446815,3,1279.6772716338846,264.94437670191627,358,Monsoon,Wednesday
2024-06-13,P001,Electronics,287.290561637053,0,291.4927569274644,27,7756.84516420043,214.49720714204335,395,Monsoon,Thursday
2024-06-14,P001,Electronics,307.0962628417849,5,318.6533465595816,26,7984.502833886407,216.72337516879608,332,Monsoon,Friday
2024-06-15,P001,Electronics,313.5105574940151,15,333.3951076999599,37,11599.890627278557,231.18230894747157,375,Monsoon,Saturday
2024-06-16,P001,Electronics,198.92071953108913,0,214.56410703486884,50,9946.035976554456,138.34571487083812,50,Monsoon,Sunday
2024-06-17,P001,Electronics,290.3187259978404,20,313.1279433877759,30,8709.561779935211,209.25138069296673,359,Monsoon,Monday
2024-06-18,P001,Electronics,315.5848477425684,5,292.3757097385183,33,10414.299975504757,194.75284188633648,170,Monsoon,Tuesday
2024-06-19,P001,Electronics,231.53321875247613,20,209.40045843001027,65,15049.659218910949,140.31889865528112,250,Monsoon,Wednesday
2024-06-20,P001,Electronics,431.80926620030186,0,468.5020215698155,0,0.0,318.6996151892464,463,Monsoon,Thursday
2024-06-21,P001,Electronics,275.1198125099094,15,253.6636695528338,36,9904.31325035674,190.23980178516604,129,Monsoon,Friday
2024-06-22,P001,Electronics,387.80066201910637,10,399.8405140762218,6,2326.8039721146383,252.4766944139832,484,Monsoon,Saturday
2024-06-23,P001,Electronics,236.1802782174423,20,255.35600109392814,66,15587.898362351192,162.4365254539682,71,Monsoon,Sunday
2024-06-24,P001,Electronics,197.77577838867728,10,206.30678820779542,67,13250.977152041378,130.25619219532373,459,Monsoon,Monday
2024-06-25,P001,Electronics,105.01927967556357,20,101.01190646009148,86,9031.658052098466,68.91424525912416,230,Monsoon,Tuesday
2024-06-26,P001,Electronics,169.55687002589795,10,163.03739198090918,72,12208.094641864653,104.94958732037723,158,Monsoon,Wednesday
2024-06-27,P001,Electronics,234.11532683178825,0,217.29158517678857,42,9832.843726935107,148.18357745438274,382,Monsoon,Thursday
2024-06-28,P001,Electronics,407.17502064720446,5,434.9694676609954,0,0.0,285.6652459628847,109,Monsoon,Friday
2024-06-29,P001,Electronics,263.5946014935338,10,250.1593443700941,58,15288.48688662496,187.8836570145463,294,Monsoon,Saturday
2024-06-30,P001,Electronics,154.84127522973145,5,144.6294753513675,89,13780.8734954461,97.61082858867393,405,Monsoon,Sunday
2024-07-01,P001,Electronics,431.7600880795743,10,422.4461529931502,0,0.0,313.72597675356434,496,Monsoon,Monday
2024-07-02,P001,Electronics,275.3675458807646,0,297.09521520759927,28,7710.291284661409,173.06835839820056,296,Monsoon,Tuesday
2024-07-03,P001,Electronics,422.36225880756075,5,401.05241754172795,0,0.0,307.60013566506905,416,Monsoon,Wednesday
2024-07-04,P001,Electronics,288.83113387200524,15,308.22940077163753,35,10109.089685520183,205.29652691411178,77,Monsoon,Thursday
2024-07-05,P001,Electronics,392.2240323589861,0,367.8440929270204,5,1961.1201617949305,271.6289366752082,364,Monsoon,Friday
2024-07-06,P001,Electronics,293.9485898388634,0,311.8062575377718,32,9406.35487484363,196.29923373071028,51,Monsoon,Saturday
2024-07-07,P001,Electronics,178.45573989354864,10,191.3698012536695,71,12670.357532441953,120.56571527400818,127,Monsoon,Sunday
2024-07-08,P001,Electronics,427.53315968564715,0,408.8538882627108,0,0.0,261.24571390645696,192,Monsoon,Monday
2024-07-09,P001,Electronics,423.5709228871166,0,424.12612405538147,0,0.0,256.2173122032665,415,Monsoon,Tuesday
2024-07-10,P001,Electronics,470.63156685725033,10,512.3769196336107,0,0.0,336.9735982442461,326,Monsoon,Wednesday
2024-07-11,P001,Electronics,314.5805024168932,10,289.6520063967261,31,9751.995574923689,206.90854291213876,311,Monsoon,Thursday
2024-07-12,P001,Electronics,319.58985399445567,0,313.1104229249684,23,7350.56664187248,228.10593423640464,268,Monsoon,Friday
2024-07-13,P001,Electronics,382.67508338421743,0,397.09402833766075,2,765.3501667684349,245.2402687678536,462,Monsoon,Saturday
2024-07-14,P001,Electronics,103.56511366869955,10,108.05936115313209,99,10252.946253201255,71.18963803745636,408,Monsoon,Sunday
2024-07-15,P001,Electronics,294.9879233262176,0,321.25137408577376,19,5604.770543198134,218.28047642993218,136,Monsoon,Monday
2024-07-16,P001,Electronics,296.5070513960003,15,300.0094690533854,28,8302.197439088008,207.68088816463006,305,Monsoon,Tuesday
2024-07-17,P001,Electronics,114.26976654421294,15,112.92217875016193,76,8684.502257360184,74.62736901262632,272,Monsoon,Wednesday
2024-07-18,P001,Electronics,404.6725423921273,5,394.4361160200474,3,1214.017627176382,247.51321283608695,218,Monsoon,Thursday
2024-07-19,P001,Electronics,422.0884838854024,5,440.1807133422682,0,0.0,273.9410850184211,353,Monsoon,Friday
2024-07-20,P001,Electronics,106.83740804814215,10,100.25570033427432,113,12072.627109440064,71.92645846325102,410,Monsoon,Saturday
2024-07-21,P001,Electronics,318.121280946303,10,319.7174764538488,31,9861.759709335392,217.2821553986288,325,Monsoon,Sunday
2024-07-22,P001,Electronics,368.293797323073,10,400.39082063468595,7,2578.0565812615114,252.22427254531397,405,Monsoon,Monday
2024-07-23,P001,Electronics,250.10618841737588,10,247.5620926851475,49,12255.203232451418,170.18839733426157,494,Monsoon,Tuesday
2024-07-24,P001,Electronics,234.07325168750742,20,236.06536691563596,43,10065.149822562818,147.18399698586845,367,Monsoon,Wednesday
2024-07-25,P001,Electronics,230.23073325973135,0,208.73332819299353,41,9439.460063648985,147.40678213015968,398,Monsoon,Thursday
2024-07-26,P001,Electronics,154.5541571734707,0,165.15997120476914,70,10818.79100214295,92.9784075108997,83,Monsoon,Friday
2024-07-27,P001,Electronics,159.83906245902335,20,153.1674697801433,82,13106.803121639914,115.28998576124602,224,Monsoon,Saturday
2024-07-28,P001,Electronics,117.4080741423051,0,108.72844801289935,100,11740.80741423051,76.60653335138122,279,Monsoon,Sunday
2024-07-29,P001,Electronics,338.86028179325893,0,327.0516687937207,18,6099.4850722786605,252.07794886824598,116,Monsoon,Monday
2024-07-30,P001,Electronics,130.48547391207956,15,119.25087807464547,94,12265.634547735479,88.24558902068671,275,Monsoon,Tuesday
