synthetic_retail_demand.csv
date,product_id,category,price,discount_pct,competitor_price,units_sold,revenue,cost,inventory_level,season,day_of_week
2024-07-31,P001,Electronics,193.93610861423412,10,197.4016916617731,67,12993.719277153687,142.13725296566588,418,Monsoon,Wednesday
2024-08-01,P001,Electronics,419.02622101380877,10,459.62282505408643,0,0.0,305.10533884883085,248,Monsoon,Thursday
2024-08-02,P001,Electronics,270.93193038960317,15,287.44453063331696,42,11379.141076363332,199.89589806903018,373,Monsoon,Friday
2024-08-03,P001,Electronics,259.30256366280463,20,266.24525735582756,50,12965.128183140232,189.04274218561397,264,Monsoon,Saturday
2024-08-04,P001,Electronics,290.7791064758139,15,294.47655721656946,40,11631.164259032555,206.556283369904,151,Monsoon,Sunday
2024-08-05,P001,Electronics,201.38773788626537,15,185.11866877744373,72,14499.917127811106,146.0398411251927,72,Monsoon,Monday
2024-08-06,P001,Electronics,386.9233649334033,0,402.0046383379269,0,0.0,279.60598394869606,335,Monsoon,Tuesday
2024-08-07,P001,Electronics,319.82134931455903,0,331.47751136274843,17,5436.962938347504,217.34081845391077,119,Monsoon,Wednesday
2024-08-08,P001,Electronics,107.88789288172502,5,100.80231995437744,79,8523.143537656277,79.80246288189633,348,Monsoon,Thursday
2024-08-09,P001,Electronics,381.96517129765766,20,354.93977961457057,15,5729.477569464865,277.1247973991124,276,Monsoon,Friday
2024-08-10,P001,Electronics,248.4478764874928,5,234.8558200610964,51,12670.841700862133,182.52366947682114,73,Monsoon,Saturday
2024-08-11,P001,Electronics,345.85694183711223,5,372.1661546072387,15,5187.854127556683,214.35106523057146,406,Monsoon,Sunday
2024-08-12,P001,Electronics,360.0624882953976,15,365.4376502313217,18,6481.124789317157,220.55610131758462,172,Monsoon,Monday
2024-08-13,P001,Electronics,312.2024400358172,20,292.025621305894,32,9990.47808114615,218.32913011050178,152,Monsoon,Tuesday
2024-08-14,P001,Electronics,432.1138425449919,15,467.34243806213965,0,0.0,270.14972508136606,331,Monsoon,Wednesday
2024-08-15,P001,Electronics,155.16919590548133,5,146.87632360639228,69,10706.674517478212,99.26788443113739,195,Monsoon,Thursday
2024-08-16,P001,Electronics,451.728663706024,0,484.38637049461425,0,0.0,293.35625244402104,268,Monsoon,Friday
2024-08-17,P001,Electronics,181.62754819149643,10,192.89946779749792,61,11079.280439681283,129.67876480552243,243,Monsoon,Saturday
2024-08-18,P001,Electronics,163.6670137919258,0,175.78305387085,81,13257.02811714599,120.10931740121546,226,Monsoon,Sunday
2024-08-19,P001,Electronics,251.9824500589634,0,257.441164320876,46,11591.192702712317,176.6510375144232,424,Monsoon,Monday
2024-08-20,P001,Electronics,407.7863977790864,5,398.15217925263676,1,407.7863977790864,294.2103265576746,119,Monsoon,Tuesday
2024-08-21,P001,Electronics,250.4346851342408,5,273.74712707211444,41,10267.822090503872,166.6218183783288,90,Monsoon,Wednesday
2024-08-22,P001,Electronics,383.8112254306392,5,418.0605207092019,0,0.0,246.4838713790484,208,Monsoon,Thursday
2024-08-23,P001,Electronics,286.7688710254861,15,308.7870890376352,30,8603.066130764582,212.36903751882033,294,Monsoon,Friday
2024-08-24,P001,Electronics,280.7434660536962,0,272.17145650209085,34,9545.27784582567,187.1650276377078,441,Monsoon,Saturday
2024-08-25,P001,Electronics,191.72849651507534,5,203.28754945464158,71,13612.72325257035,130.5297244217991,326,Monsoon,Sunday
2024-08-26,P001,Electronics,495.9782440302893,15,535.7412989669126,0,0.0,355.2343936284625,50,Monsoon,Monday
2024-08-27,P001,Electronics,492.2368495219149,20,527.6795519673758,0,0.0,321.896078328362,258,Monsoon,Tuesday
2024-08-28,P001,Electronics,317.0280813632271,15,296.0967199612067,26,8242.730115443905,230.77740863486164,94,Monsoon,Wednesday
2024-08-29,P001,Electronics,393.86179914122556,0,427.9093949103463,0,0.0,252.36518314598868,151,Monsoon,Thursday
2024-08-30,P001,Electronics,463.3530189485056,10,479.45124319872997,0,0.0,299.7887939250361,271,Monsoon,Friday
2024-08-31,P001,Electronics,462.395162503566,10,416.75565796401605,0,0.0,326.4633092298631,455,Monsoon,Saturday
2024-09-01,P001,Electronics,273.5917404748659,15,296.3572367640486,46,12585.220061843831,180.84970580102777,155,Autumn,Sunday
2024-09-02,P001,Electronics,148.8450485463976,15,149.63388346371363,72,10716.843495340629,100.83284020636592,229,Autumn,Monday
2024-09-03,P001,Electronics,195.47555257251906,5,186.3303973570576,61,11924.008706923663,134.59986622002398,330,Autumn,Tuesday
2024-09-04,P001,Electronics,386.18038545964953,0,382.6586952135429,5,1930.9019272982478,265.9405195489234,219,Autumn,Wednesday
2024-09-05,P001,Electronics,149.30148325522362,10,135.66189507737383,54,8062.2800957820755,108.34418335722954,54,Autumn,Thursday
2024-09-06,P001,Electronics,252.90236586256185,10,276.4868393126377,39,9863.192268639912,171.10269168971305,61,Autumn,Friday
2024-09-07,P001,Electronics,276.12519030076226,5,274.525270367789,48,13254.009134436588,184.70462041518462,472,Autumn,Saturday
2024-09-08,P001,Electronics,345.3145575332519,15,312.59840468585134,34,11740.694956130565,230.52963568713315,298,Autumn,Sunday
2024-09-09,P001,Electronics,467.973892712558,10,458.20092360146833,0,0.0,350.7568433274495,343,Autumn,Monday
2024-09-10,P001,Electronics,274.6890232622667,10,250.11992233557302,51,14009.140186375602,172.24120577999145,452,Autumn,Tuesday
2024-09-11,P001,Electronics,332.4591659893042,20,316.23207780655326,33,10971.15247764704,206.9713675395384,292,Autumn,Wednesday
2024-09-12,P001,Electronics,444.41637381051925,15,431.84229543662354,0,0.0,276.02117427539497,321,Autumn,Thursday
2024-09-13,P001,Electronics,224.30467814896855,0,235.46783696472576,50,11215.233907448428,155.25410828432226,81,Autumn,Friday
2024-09-14,P001,Electronics,215.57736718594145,20,230.73466003489736,75,16168.302538945609,131.1426292640243,154,Autumn,Saturday
2024-09-15,P001,Electronics,425.7694268316608,0,451.27408025983186,0,0.0,287.7482509358154,442,Autumn,Sunday
2024-09-16,P001,Electronics,249.10108802686923,10,247.77358744295563,45,11209.548961209115,174.94015065059978,328,Autumn,Monday
2024-09-17,P001,Electronics,265.08669083321206,15,259.8014400662195,40,10603.467633328482,173.51787905629817,194,Autumn,Tuesday
2024-09-18,P001,Electronics,453.0422494915366,20,483.19644023294916,0,0.0,295.0818054873833,308,Autumn,Wednesday
2024-09-19,P001,Electronics,212.66004451807413,10,227.05723693903516,60,12759.602671084447,150.6371952737631,250,Autumn,Thursday
2024-09-20,P001,Electronics,383.47388752403816,5,352.89840118052587,12,4601.686650288458,252.32569662911646,470,Autumn,Friday
2024-09-21,P001,Electronics,489.08398942455455,5,465.0177703353645,0,0.0,310.33045202985244,96,Autumn,Saturday
2024-09-22,P001,Electronics,306.08711850851716,5,305.3653637532169,40,12243.484740340686,204.3417744798461,408,Autumn,Sunday
2024-09-23,P001,Electronics,306.05506938444023,15,302.58325268761627,30,9181.652081533208,227.152278253177,498,Autumn,Monday
2024-09-24,P001,Electronics,335.89504502248127,10,322.1093537146242,27,9069.166215606994,241.942494072873,209,Autumn,Tuesday
2024-09-25,P001,Electronics,438.25724815452816,5,452.38586418334245,0,0.0,309.2004661893033,192,Autumn,Wednesday
2024-09-26,P001,Electronics,233.038433758387,0,224.51336525229001,54,12584.075422952897,169.66700266871862,54,Autumn,Thursday
2024-09-27,P001,Electronics,181.51753411996867,0,181.18832414778242,64,11617.122183677995,120.74622192189105,366,Autumn,Friday
2024-09-28,P001,Electronics,466.474859229555,0,507.9826026338895,0,0.0,323.20525208236893,353,Autumn,Saturday
2024-09-29,P001,Electronics,115.52479241073881,15,120.85122518487334,115,13285.351127234964,83.67509712262842,219,Autumn,Sunday
2024-09-30,P001,Electronics,480.84955125234825,0,460.94127746007473,0,0.0,292.13167938109,295,Autumn,Monday
2024-10-01,P001,Electronics,161.07872417862433,5,163.32830068136076,66,10631.195795789206,105.26250809883811,150,Autumn,Tuesday
2024-10-02,P001,Electronics,217.16430621522903,20,201.90304682977384,62,13464.1869853442,143.4912188741776,439,Autumn,Wednesday
2024-10-03,P001,Electronics,345.6033356155749,15,329.20722025648894,31,10713.703404082822,219.83160610957026,215,Autumn,Thursday
2024-10-04,P001,Electronics,396.0572827043812,10,411.7897078220393,3,1188.1718481131436,266.8343950236226,138,Autumn,Friday
2024-10-05,P001,Electronics,263.47039151687886,10,246.71723207658738,52,13700.4603588777,196.05607027010092,490,Autumn,Saturday
2024-10-06,P001,Electronics,272.9920001687709,5,250.59889870506066,44,12011.64800742592,197.75917511320526,143,Autumn,Sunday
2024-10-07,P001,Electronics,292.80595715692164,10,279.3203105496065,34,9955.402543335336,207.878985131099,72,Autumn,Monday
2024-10-08,P001,Electronics,257.27081263504016,5,273.6655207768483,44,11319.915755941767,178.65798390916729,60,Autumn,Tuesday
2024-10-09,P001,Electronics,388.50163897189583,0,388.5790935034209,3,1165.5049169156875,253.50908667641772,212,Autumn,Wednesday
2024-10-10,P001,Electronics,345.7329906339164,20,337.3581192066734,23,7951.858784580078,227.5519403444773,168,Autumn,Thursday
2024-10-11,P001,Electronics,400.0665265505829,10,434.7984500193957,0,0.0,272.12963501346934,169,Autumn,Friday
2024-10-12,P001,Electronics,384.60233095127813,10,420.08558617420465,2,769.2046619025563,249.5481736179309,192,Autumn,Saturday
2024-10-13,P001,Electronics,468.75539423418286,15,446.7964218664681,0,0.0,317.4637367708239,304,Autumn,Sunday
2024-10-14,P001,Electronics,155.49567484389792,15,161.7057497688817,90,13994.610735950813,94.417565914512,133,Autumn,Monday
2024-10-15,P001,Electronics,296.23355184180355,15,313.5686143813766,32,9479.473658937713,199.6954992740773,146,Autumn,Tuesday
2024-10-16,P001,Electronics,495.97398058519985,0,506.83049463073326,0,0.0,306.85945803388825,251,Autumn,Wednesday
2024-10-17,P001,Electronics,426.2773508977863,15,449.8588845484168,0,0.0,276.69177148704074,74,Autumn,Thursday
2023-01-01,P002,Electronics,162.39780813448107,10,161.07423000972216,119,19325.339168003247,105.56771693137549,409,Winter,Sunday
2023-01-02,P002,Electronics,372.1230154351119,0,339.75215287970866,18,6698.214277832014,276.2391313748886,365,Winter,Monday
2023-01-03,P002,Electronics,484.46880973973964,20,473.6823335475119,0,0.0,310.4003072109733,102,Winter,Tuesday
2023-01-04,P002,Electronics,367.5365010654429,20,384.41423134731895,19,6983.193520243415,255.6707469767697,84,Winter,Wednesday
2023-01-05,P002,Electronics,452.1871356061031,5,480.0527499775229,0,0.0,314.27483591445093,183,Winter,Thursday
2023-01-06,P002,Electronics,125.95689884359263,5,137.60658427349597,107,13477.38817626441,80.331196881038,435,Winter,Friday
2023-01-07,P002,Electronics,160.28701758617177,10,150.2376149788762,105,16830.136846548037,97.15256942642311,197,Winter,Saturday
2023-01-08,P002,Electronics,453.05453727573587,0,433.0178698697842,0,0.0,319.4277662533044,257,Winter,Sunday
2023-01-09,P002,Electronics,388.3759697008517,0,391.6802903594631,3,1165.1279091025551,262.6672558939656,424,Winter,Monday
2023-01-10,P002,Electronics,486.6619276174678,10,533.4137465028282,0,0.0,297.49737969848593,302,Winter,Tuesday
2023-01-11,P002,Electronics,132.63767216009614,0,136.03039565630905,103,13661.680232489904,83.44781003933409,313,Winter,Wednesday
2023-01-12,P002,Electronics,120.67268846744308,15,118.53325594765293,120,14480.72261609317,85.06541594382814,473,Winter,Thursday
2023-01-13,P002,Electronics,362.8445314000667,20,370.95198376308065,24,8708.268753601602,240.54415704409755,125,Winter,Friday
2023-01-14,P002,Electronics,373.5855077592564,5,338.20780526534185,25,9339.63769398141,256.97689485000694,389,Winter,Saturday
2023-01-15,P002,Electronics,147.2659310486625,20,142.79896081842222,136,20028.1666226181,109.05001295140346,425,Winter,Sunday
2023-01-16,P002,Electronics,139.99395486474535,15,126.29800051670536,99,13859.40153160979,103.00857345017606,125,Winter,Monday
2023-01-17,P002,Electronics,434.7855496949495,0,400.1003303903889,0,0.0,266.35659340643906,190,Winter,Tuesday
2023-01-18,P002,Electronics,328.58921008200423,15,303.5387461238269,44,14457.925243608186,202.94620453806127,410,Winter,Wednesday
2023-01-19,P002,Electronics,333.72572476924006,0,361.4419359966593,19,6340.788770615562,248.22698322407385,321,Winter,Thursday
2023-01-20,P002,Electronics,467.6706207342238,5,508.14550041813396,0,0.0,341.3572679602571,414,Winter,Friday
2023-01-21,P002,Electronics,198.93924069727905,0,184.18429182337977,80,15915.139255782324,147.83327246076382,254,Winter,Saturday
2023-01-22,P002,Electronics,240.23502352263878,5,246.80037388647165,82,19699.27192885638,164.13393522891357,484,Winter,Sunday
2023-01-23,P002,Electronics,260.1201955641126,15,243.57031263232588,72,18728.654080616107,169.5593735392154,244,Winter,Monday
2023-01-24,P002,Electronics,124.4311839419455,5,133.59681250105896,87,10825.51300294926,76.23619306450797,404,Winter,Tuesday
2023-01-25,P002,Electronics,314.1342256062094,0,338.6698225888745,23,7225.087188942816,216.45069122215926,117,Winter,Wednesday
2023-01-26,P002,Electronics,135.15504981605756,0,123.80834401281743,89,12028.799433629123,91.72658433760313,89,Winter,Thursday
2023-01-27,P002,Electronics,332.4952885690449,10,361.223835247982,19,6317.4104828118525,215.48897587285023,308,Winter,Friday
2023-01-28,P002,Electronics,470.5797694358845,15,502.7513108265762,0,0.0,292.2139695764764,410,Winter,Saturday
2023-01-29,P002,Electronics,349.69519836559687,10,344.9063424519244,28,9791.465554236713,227.27473136043835,228,Winter,Sunday
2023-01-30,P002,Electronics,159.9669709395095,15,167.0775849693825,97,15516.796181132422,113.25749212126334,144,Winter,Monday
2023-01-31,P002,Electronics,127.56861574688752,10,133.6011885148829,119,15180.665273879615,94.42055544917773,263,Winter,Tuesday
2023-02-01,P002,Electronics,189.8419291759928,15,205.51336003585854,74,14048.302759023467,120.97372552042245,74,Winter,Wednesday
2023-02-02,P002,Electronics,114.61986713923795,10,104.66418352954973,112,12837.42511959465,82.10555114180157,224,Winter,Thursday
2023-02-03,P002,Electronics,171.41786482173345,0,173.36248341230737,73,12513.504131986541,121.38475517880349,340,Winter,Friday
2023-02-04,P002,Electronics,349.65956313965364,0,345.19276915590194,25,8741.48907849134,225.24015320994417,391,Winter,Saturday
2023-02-05,P002,Electronics,321.67120100631735,0,321.508106886684,27,8685.122427170569,227.75298501401704,166,Winter,Sunday
2023-02-06,P002,Electronics,218.84868624927,10,238.51472670106187,78,17070.19752744306,144.3301408786678,201,Winter,Monday
2023-02-07,P002,Electronics,336.0922667476348,10,323.6297340506866,27,9074.49120218614,242.36101958463723,354,Winter,Tuesday
2023-02-08,P002,Electronics,148.20903151458577,0,139.097111438879,109,16154.784435089849,91.48829441676705,364,Winter,Wednesday
2023-02-09,P002,Electronics,109.7603126226152,5,120.52431579145065,106,11634.593137997212,65.86009817286077,318,Winter,Thursday
2023-02-10,P002,Electronics,464.1356408230137,0,427.88363955316987,0,0.0,305.746810430604,189,Winter,Friday
2023-02-11,P002,Electronics,487.64105205632455,0,489.4219529397266,0,0.0,336.27293479067924,290,Winter,Saturday
2023-02-12,P002,Electronics,263.38128522827947,10,275.15022056610906,55,14485.970687555371,177.61942939975236,86,Winter,Sunday
2023-02-13,P002,Electronics,401.0866558230565,20,431.63909164463394,4,1604.346623292226,293.1047142354806,80,Winter,Monday
2023-02-14,P002,Electronics,256.8604845780786,20,236.44057580140137,75,19264.536343355896,190.22683525563735,401,Winter,Tuesday
2023-02-15,P002,Electronics,477.72145398313194,10,473.07676169919716,0,0.0,298.35786385477314,424,Winter,Wednesday
2023-02-16,P002,Electronics,445.7432999358548,10,487.4821166492524,0,0.0,279.8504933002844,194,Winter,Thursday
2023-02-17,P002,Electronics,159.83225706702632,20,146.16490127906087,121,19339.703105110184,105.30932389092749,415,Winter,Friday
2023-02-18,P002,Electronics,243.12054037130855,5,266.3369175413059,72,17504.678906734214,153.19726979265667,171,Winter,Saturday
2023-02-19,P002,Electronics,132.65199281223585,15,125.9425408153711,134,17775.367036839605,82.76578365128228,350,Winter,Sunday
2023-02-20,P002,Electronics,397.0826084799924,15,407.3086624587262,9,3573.7434763199317,282.0487872991062,431,Winter,Monday
2023-02-21,P002,Electronics,249.1394548755738,5,233.24320925663338,54,13453.530563280985,181.41282838773125,90,Winter,Tuesday
2023-02-22,P002,Electronics,199.48570903505197,10,217.3829027558241,64,12767.085378243326,127.2477779697858,423,Winter,Wednesday
2023-02-23,P002,Electronics,159.33728038483554,20,158.6966515154521,116,18483.124524640923,111.99740325339205,175,Winter,Thursday
2023-02-24,P002,Electronics,298.8699056033709,0,318.6477525918917,25,7471.7476400842725,218.08277753988088,418,Winter,Friday
2023-02-25,P002,Electronics,423.13837677650343,5,455.11842710349123,0,0.0,274.0156781727876,414,Winter,Saturday
2023-02-26,P002,Electronics,236.49913105046255,15,219.89650683952564,85,20102.426139289317,160.58138919696813,349,Winter,Sunday
2023-02-27,P002,Electronics,344.13351332436736,5,337.24431875477507,21,7226.803779811715,256.8986911846506,139,Winter,Monday
2023-02-28,P002,Electronics,244.30900764423993,5,263.8548581066634,49,11971.141374567756,159.5370085551998,203,Winter,Tuesday
2023-03-01,P002,Electronics,495.11420808595494,10,504.7240695671538,0,0.0,347.26131527956227,91,Summer,Wednesday
2023-03-02,P002,Electronics,316.0047658418042,5,327.3892755835999,26,8216.123911886909,200.5443280852926,107,Summer,Thursday
2023-03-03,P002,Electronics,160.96640533216697,20,168.60201497922506,100,16096.640533216698,115.1376553566719,370,Summer,Friday
2023-03-04,P002,Electronics,329.83495292710666,15,353.0173998061595,30,9895.0485878132,208.21708010944278,288,Summer,Saturday
2023-03-05,P002,Electronics,431.7329620565135,15,431.9545340149986,0,0.0,284.85717271029193,74,Summer,Sunday
2023-03-06,P002,Electronics,123.11222439854666,0,121.3969553915951,77,9479.641278688092,77.01897234685768,198,Summer,Monday
2023-03-07,P002,Electronics,485.5289101929404,5,449.96913562475106,0,0.0,321.80229507250715,279,Summer,Tuesday
