synthetic_retail_demand.csv
date,product_id,category,price,discount_pct,competitor_price,units_sold,revenue,cost,inventory_level,season,day_of_week
2023-03-08,P002,Electronics,250.35531405830773,15,268.35912735699156,62,15522.029471615078,164.94886644315002,91,Summer,Wednesday
2023-03-09,P002,Electronics,119.13232815764218,0,124.99857691626607,75,8934.924611823164,83.2562625238303,484,Summer,Thursday
2023-03-10,P002,Electronics,204.28531996796661,0,210.16482526384686,73,14912.828357661563,138.8211331263549,239,Summer,Friday
2023-03-11,P002,Electronics,214.36271569566406,0,204.00606491557463,84,18006.468118435783,146.11016011196043,198,Summer,Saturday
2023-03-12,P002,Electronics,330.86911331502006,0,348.14852360080505,23,7609.989606245461,206.4658819776578,411,Summer,Sunday
2023-03-13,P002,Electronics,371.35152914205673,10,396.74977321737276,11,4084.866820562624,249.0089724740356,260,Summer,Monday
2023-03-14,P002,Electronics,207.92828805128573,15,200.53053242355534,60,12475.697283077145,144.60863454576628,260,Summer,Tuesday
2023-03-15,P002,Electronics,328.7489084908746,20,308.0032910138212,33,10848.713980198861,215.1120210035097,99,Summer,Wednesday
2023-03-16,P002,Electronics,344.09005979105655,15,337.1281564734677,22,7569.981315403244,254.07384935793917,85,Summer,Thursday
2023-03-17,P002,Electronics,194.71372372455414,10,212.75957489234483,66,12851.105765820574,133.18909917181367,248,Summer,Friday
2023-03-18,P002,Electronics,383.1340388919075,0,391.78521781642445,4,1532.53615556763,242.87711832401706,147,Summer,Saturday
2023-03-19,P002,Electronics,150.5015131170454,15,161.65603585663655,126,18963.19065274772,95.69178654115815,217,Summer,Sunday
2023-03-20,P002,Electronics,279.0411761280868,15,260.4031405339331,60,16742.47056768521,193.10234559618178,414,Summer,Monday
2023-03-21,P002,Electronics,270.9958751682461,10,281.12358708819727,49,13278.797883244057,166.37915681528204,245,Summer,Tuesday
2023-03-22,P002,Electronics,156.78879590439755,0,164.30435083515556,83,13013.470060064996,98.5714011369885,124,Summer,Wednesday
2023-03-23,P002,Electronics,113.27574182497048,20,111.19840841605694,117,13253.261793521546,80.86611461505268,450,Summer,Thursday
2023-03-24,P002,Electronics,430.41562066662874,10,456.6629485865626,0,0.0,259.4119178207029,376,Summer,Friday
2023-03-25,P002,Electronics,232.16320155030954,0,254.87007941500323,54,12536.812883716715,161.10418063992256,65,Summer,Saturday
2023-03-26,P002,Electronics,457.0093159819384,20,426.89988892766405,0,0.0,339.1997398209134,87,Summer,Sunday
2023-03-27,P002,Electronics,178.43908509535717,10,176.56433773520132,79,14096.687722533217,119.75818982917573,226,Summer,Monday
2023-03-28,P002,Electronics,471.7706777892456,20,461.8234945351455,0,0.0,312.91333152852746,381,Summer,Tuesday
2023-03-29,P002,Electronics,460.1285072297086,15,421.4942785445704,0,0.0,300.5631620758922,472,Summer,Wednesday
2023-03-30,P002,Electronics,464.0538547128537,0,437.7003629914978,0,0.0,310.91198399687744,457,Summer,Thursday
2023-03-31,P002,Electronics,404.76272805296617,15,391.7916067246782,10,4047.6272805296617,274.26152031164804,451,Summer,Friday
2023-04-01,P002,Electronics,225.28250442806961,20,223.41369634102395,70,15769.775309964873,144.9437706502506,171,Summer,Saturday
2023-04-02,P002,Electronics,177.84953468194877,0,178.1144012318423,70,12449.467427736414,124.78067379890258,70,Summer,Sunday
2023-04-03,P002,Electronics,339.64823401613006,20,336.8268729066446,35,11887.688190564551,205.7239960441636,295,Summer,Monday
2023-04-04,P002,Electronics,263.0336834295268,10,268.4057247892441,58,15255.953638912553,181.1541948081186,440,Summer,Tuesday
2023-04-05,P002,Electronics,311.43124388887884,10,342.43863755265176,23,7162.918609444213,218.4762411823741,162,Summer,Wednesday
2023-04-06,P002,Electronics,102.43549929593563,10,102.8980283410284,87,8911.8884387464,66.06422354653095,473,Summer,Thursday
2023-04-07,P002,Electronics,149.16827138615503,0,155.72545361862888,84,12530.134796437022,108.89880786382119,123,Summer,Friday
2023-04-08,P002,Electronics,458.2906903704691,5,455.26303875027025,0,0.0,298.37272586823843,477,Summer,Saturday
2023-04-09,P002,Electronics,450.2044906210465,20,492.1678265513796,0,0.0,321.516088978111,322,Summer,Sunday
2023-04-10,P002,Electronics,186.29627167058163,20,195.76098053570234,67,12481.85020192897,112.78204917434894,442,Summer,Monday
2023-04-11,P002,Electronics,394.4801700243048,0,426.51715794963025,0,0.0,252.46781355265517,78,Summer,Tuesday
2023-04-12,P002,Electronics,219.92021102609436,15,222.04824854809846,54,11875.691395409096,160.95702217607507,356,Summer,Wednesday
2023-04-13,P002,Electronics,181.99248381072658,5,170.9212653084361,75,13649.436285804493,113.03925204596389,75,Summer,Thursday
2023-04-14,P002,Electronics,220.76668003100073,5,209.37040792051366,76,16778.267682356054,149.03749628092356,326,Summer,Friday
2023-04-15,P002,Electronics,187.64699178797537,20,185.282485282953,86,16137.641293765882,129.2951836677881,360,Summer,Saturday
2023-04-16,P002,Electronics,413.7683432013671,15,449.0374659168208,0,0.0,262.4538877546016,220,Summer,Sunday
2023-04-17,P002,Electronics,330.84903441532833,0,349.8761018960058,17,5624.433585060582,210.96595544258355,230,Summer,Monday
2023-04-18,P002,Electronics,457.6377210133003,5,493.56761153168645,0,0.0,303.375916213714,181,Summer,Tuesday
2023-04-19,P002,Electronics,212.98897054800148,20,193.29051906648718,78,16613.139702744116,131.87851508274517,367,Summer,Wednesday
2023-04-20,P002,Electronics,208.57543105368006,0,203.19172408271058,61,12723.101294274484,153.36364343044727,423,Summer,Thursday
2023-04-21,P002,Electronics,247.71230808621644,0,245.17641009529106,55,13624.176944741905,154.53625245971776,320,Summer,Friday
2023-04-22,P002,Electronics,462.6288842688651,0,418.69703604015496,0,0.0,335.7989902053305,127,Summer,Saturday
2023-04-23,P002,Electronics,418.6725588765489,10,448.03659928753416,0,0.0,312.86808100430466,228,Summer,Sunday
2023-04-24,P002,Electronics,179.5968555837747,10,189.84353189265406,69,12392.183035280454,123.95153645282385,453,Summer,Monday
2023-04-25,P002,Electronics,338.1438645034416,10,309.44110510944745,26,8791.740477089481,251.14400740331962,90,Summer,Tuesday
2023-04-26,P002,Electronics,408.92040606613716,15,425.3704229911715,1,408.92040606613716,287.06898789478964,333,Summer,Wednesday
2023-04-27,P002,Electronics,191.66878048566485,10,196.9468881596155,64,12266.80195108255,121.95947982947972,261,Summer,Thursday
2023-04-28,P002,Electronics,305.4444186177298,10,306.7547155610439,42,12828.665581944651,186.40320122956174,258,Summer,Friday
2023-04-29,P002,Electronics,122.4704309389756,15,115.36786483409638,52,6368.462408826731,78.64508680393496,52,Summer,Saturday
2023-04-30,P002,Electronics,223.11833267229827,20,215.38694964323864,77,17180.111615766968,145.73280514820462,411,Summer,Sunday
2023-05-01,P002,Electronics,415.7728776780765,0,402.90304016987557,0,0.0,275.2957532211343,465,Summer,Monday
2023-05-02,P002,Electronics,108.85659018905179,20,113.13742504563238,99,10776.802428716126,73.40804711255643,366,Summer,Tuesday
2023-05-03,P002,Electronics,437.3304671151533,10,404.7394125663487,0,0.0,281.1275334952979,248,Summer,Wednesday
2023-05-04,P002,Electronics,323.62371397864086,20,320.15361924044703,35,11326.82998925243,197.57244787539224,255,Summer,Thursday
2023-05-05,P002,Electronics,105.85130355107029,10,108.40176498936681,108,11431.94078351559,75.29605224513617,120,Summer,Friday
2023-05-06,P002,Electronics,323.1709780602803,5,335.84937271563183,29,9371.958363748128,212.4590045016443,395,Summer,Saturday
2023-05-07,P002,Electronics,112.45963711735642,20,120.98825599471658,54,6072.820404337247,71.58162767096248,54,Summer,Sunday
2023-05-08,P002,Electronics,227.24177876138884,10,205.5368206739482,69,15679.68273453583,148.63067225377654,487,Summer,Monday
2023-05-09,P002,Electronics,471.6558080061851,15,474.2666555450566,0,0.0,297.9663799151735,100,Summer,Tuesday
2023-05-10,P002,Electronics,382.05565822822535,5,394.8744348781652,4,1528.2226329129014,277.22151956296995,191,Summer,Wednesday
2023-05-11,P002,Electronics,198.51440752421263,10,187.04947914681202,79,15682.638194412797,144.80624021539947,288,Summer,Thursday
2023-05-12,P002,Electronics,287.6428844190315,5,263.1829534327264,53,15245.072874208669,191.50357379155443,133,Summer,Friday
2023-05-13,P002,Electronics,154.85939526109726,5,155.03001192161977,80,12388.75162088778,96.26243020745193,404,Summer,Saturday
2023-05-14,P002,Electronics,362.4220087902816,15,361.2028837294859,21,7610.862184595914,263.0221782298074,376,Summer,Sunday
2023-05-15,P002,Electronics,341.5403930161111,0,361.0521245844471,14,4781.565502225556,217.87536779811794,443,Summer,Monday
2023-05-16,P002,Electronics,194.83388340693602,10,176.91146981234394,90,17535.049506624244,125.41829928976094,313,Summer,Tuesday
2023-05-17,P002,Electronics,149.36032608223857,15,142.7427892494103,104,15533.473912552812,108.72644599407148,186,Summer,Wednesday
2023-05-18,P002,Electronics,246.35432382275218,20,258.6437588321945,65,16013.031048478892,163.74355505104225,249,Summer,Thursday
2023-05-19,P002,Electronics,274.25791618260394,10,263.9392053948967,45,12341.606228217177,178.54074594826022,409,Summer,Friday
2023-05-20,P002,Electronics,217.70669465484573,10,228.89891373850523,74,16110.295404458584,132.43987094234913,320,Summer,Saturday
2023-05-21,P002,Electronics,154.8357832315026,0,144.4433766808559,94,14554.563623761245,95.60915468795676,438,Summer,Sunday
2023-05-22,P002,Electronics,395.5466708532131,15,404.79803499483444,6,2373.2800251192784,288.5591517667885,157,Summer,Monday
2023-05-23,P002,Electronics,428.2784643067117,10,415.5002717551303,0,0.0,280.25856151747945,224,Summer,Tuesday
2023-05-24,P002,Electronics,362.5638414002628,5,350.3896570207971,15,5438.457621003942,268.01272984411713,62,Summer,Wednesday
2023-05-25,P002,Electronics,322.53120290283175,15,348.8013012836678,24,7740.748869667962,201.07967766697996,395,Summer,Thursday
2023-05-26,P002,Electronics,316.1186127161229,5,299.4999073641466,39,12328.625895928793,194.77399464890323,142,Summer,Friday
2023-05-27,P002,Electronics,412.075707393198,0,420.60804862810255,0,0.0,288.0103835237712,274,Summer,Saturday
2023-05-28,P002,Electronics,432.06039319916727,20,415.17567660028845,5,2160.3019659958363,276.37925626132204,431,Summer,Sunday
2023-05-29,P002,Electronics,319.9474251104821,15,315.21996117297533,31,9918.370178424944,231.91534075684652,66,Summer,Monday
2023-05-30,P002,Electronics,161.55996187750947,15,169.11791063578278,82,13247.916873955775,105.33448013014744,435,Summer,Tuesday
2023-05-31,P002,Electronics,244.18980205662155,5,221.47718338373656,70,17093.28614396351,182.7671446351775,126,Summer,Wednesday
2023-06-01,P002,Electronics,106.48015893578689,5,101.23247845848113,72,7666.571443376656,71.41012092780946,397,Monsoon,Thursday
2023-06-02,P002,Electronics,229.52782996097255,0,236.51628001053888,38,8722.057538516958,146.36117867767985,295,Monsoon,Friday
2023-06-03,P002,Electronics,456.15372834210643,15,425.6736296683976,0,0.0,275.3812025576104,454,Monsoon,Saturday
2023-06-04,P002,Electronics,337.3845530818895,15,325.476930498664,26,8771.998380129127,236.08767449294913,191,Monsoon,Sunday
2023-06-05,P002,Electronics,424.90324839613675,5,434.0076741691896,0,0.0,279.71761223016875,138,Monsoon,Monday
2023-06-06,P002,Electronics,380.24459855778065,0,403.37074572237765,1,380.24459855778065,252.44083607966323,324,Monsoon,Tuesday
2023-06-07,P002,Electronics,428.02700082225977,5,427.86691389135984,0,0.0,301.07272074253643,479,Monsoon,Wednesday
2023-06-08,P002,Electronics,258.37489047837994,0,267.47511382987506,42,10851.745400091957,166.93235925474235,397,Monsoon,Thursday
2023-06-09,P002,Electronics,265.9841744318722,0,290.1656430943458,28,7447.556884092422,165.6322945271237,187,Monsoon,Friday
2023-06-10,P002,Electronics,168.83441298105058,20,156.79548799421502,83,14013.256277427197,105.13603015781509,236,Monsoon,Saturday
2023-06-11,P002,Electronics,458.0261155404983,5,486.393966328644,0,0.0,340.120997675624,204,Monsoon,Sunday
2023-06-12,P002,Electronics,474.15126452284693,5,501.12150747506024,0,0.0,327.06216873332534,104,Monsoon,Monday
2023-06-13,P002,Electronics,208.24799787743865,5,193.47599663663885,45,9371.159904484739,140.74534889030488,134,Monsoon,Tuesday
2023-06-14,P002,Electronics,479.59226681880057,5,520.6503286604022,0,0.0,294.31191197186854,333,Monsoon,Wednesday
2023-06-15,P002,Electronics,274.8206087368751,0,282.9255049446305,34,9343.900697053754,199.67455646413458,358,Monsoon,Thursday
2023-06-16,P002,Electronics,498.61052351944767,15,516.1073696434172,0,0.0,328.7838514862294,95,Monsoon,Friday
2023-06-17,P002,Electronics,325.55716842216094,10,338.25084552383896,23,7487.814873709702,223.04202942847073,336,Monsoon,Saturday
2023-06-18,P002,Electronics,201.4451083438833,0,189.20910290876296,69,13899.712475727949,121.54889158211157,175,Monsoon,Sunday
2023-06-19,P002,Electronics,331.5910586216581,15,322.33141096229326,28,9284.549641406426,229.03853717476352,53,Monsoon,Monday
2023-06-20,P002,Electronics,300.0233036764347,15,291.41691475040153,38,11400.885539704519,221.04483365166064,122,Monsoon,Tuesday
2023-06-21,P002,Electronics,354.4273681408903,10,319.4676944150848,25,8860.684203522256,240.48289554495855,367,Monsoon,Wednesday
2023-06-22,P002,Electronics,478.0096258322275,20,461.5813979287697,0,0.0,290.6613278859883,223,Monsoon,Thursday
2023-06-23,P002,Electronics,386.98599624476486,10,365.13773536624865,10,3869.8599624476487,237.30864535750422,136,Monsoon,Friday
2023-06-24,P002,Electronics,128.3663837951917,10,132.96607399651995,99,12708.271995723977,89.17694793690012,313,Monsoon,Saturday
2023-06-25,P002,Electronics,266.0582615970983,20,261.30695300754104,63,16761.67048061719,192.2652751591847,321,Monsoon,Sunday
2023-06-26,P002,Electronics,389.1138402486085,0,405.11129947699425,0,0.0,251.42801765517854,174,Monsoon,Monday
2023-06-27,P002,Electronics,293.2928303501741,5,296.9548479165811,35,10265.249062256093,188.2695939768497,242,Monsoon,Tuesday
2023-06-28,P002,Electronics,490.9985032835573,20,514.312088747917,0,0.0,334.1520742310958,498,Monsoon,Wednesday
2023-06-29,P002,Electronics,407.77703176862275,5,407.9781188369511,0,0.0,245.54586971959097,236,Monsoon,Thursday
2023-06-30,P002,Electronics,487.84637556173516,0,443.26698439291283,0,0.0,305.8134478919464,241,Monsoon,Friday
2023-07-01,P002,Electronics,347.66721769722335,5,354.3749056389064,16,5562.675483155574,251.0705193937904,175,Monsoon,Saturday
2023-07-02,P002,Electronics,134.82848223092327,0,123.51855173133606,89,11999.73491855217,83.87335900634892,169,Monsoon,Sunday
2023-07-03,P002,Electronics,145.96253734476412,15,159.15937369470632,75,10947.190300857308,103.73399383789236,425,Monsoon,Monday
2023-07-04,P002,Electronics,416.51371699867343,15,441.92916009558485,0,0.0,302.7038209751832,367,Monsoon,Tuesday
2023-07-05,P002,Electronics,347.3163195019152,5,358.89803576092754,11,3820.479514521067,235.01006337828457,353,Monsoon,Wednesday
2023-07-06,P002,Electronics,230.32983360777948,10,222.95948098041958,43,9904.182845134517,168.24384024464447,156,Monsoon,Thursday
2023-07-07,P002,Electronics,428.6566279115821,0,396.19043193654744,0,0.0,276.661961572033,420,Monsoon,Friday
2023-07-08,P002,Electronics,409.7677978425213,5,404.5429327658538,0,0.0,286.32365717397494,487,Monsoon,Saturday
2023-07-09,P002,Electronics,290.15434214219295,5,265.4851786810279,49,14217.562764967453,178.71303841708794,401,Monsoon,Sunday
2023-07-10,P002,Electronics,346.88783319778327,15,328.2500801214278,29,10059.747162735715,229.16667601649365,226,Monsoon,Monday
2023-07-11,P002,Electronics,305.89687750271196,15,330.74999052914126,26,7953.318815070511,217.65030125245997,131,Monsoon,Tuesday
2023-07-12,P002,Electronics,249.1999342267452,15,235.53328911307528,59,14702.796119377967,172.56928399627992,470,Monsoon,Wednesday
2023-07-13,P002,Electronics,174.7725717765788,5,174.35722627795687,74,12933.17031146683,126.17870447869286,124,Monsoon,Thursday
2023-07-14,P002,Electronics,172.26301652452128,10,173.72977846984932,72,12402.937189765533,120.24613419996832,275,Monsoon,Friday
2023-07-15,P002,Electronics,473.59118965780766,10,474.9636192571331,0,0.0,345.023164687124,226,Monsoon,Saturday
2023-07-16,P002,Electronics,301.1000766438449,20,322.6502778527874,33,9936.302529246881,194.4309991045005,451,Monsoon,Sunday
2023-07-17,P002,Electronics,131.68526000334833,0,138.91440160614945,74,9744.709240247777,81.66659112745405,357,Monsoon,Monday
2023-07-18,P002,Electronics,331.93183041909003,0,317.26099388063005,21,6970.56843880089,219.32239292195575,242,Monsoon,Tuesday
2023-07-19,P002,Electronics,315.0160574561385,0,285.02912687283316,30,9450.481723684155,214.2490216548062,111,Monsoon,Wednesday
2023-07-20,P002,Electronics,458.2905422060458,15,434.42696733055965,0,0.0,277.2008706505695,237,Monsoon,Thursday
2023-07-21,P002,Electronics,332.4861909957533,0,315.4625856361841,21,6982.21001091082,247.70558175020747,84,Monsoon,Friday
2023-07-22,P002,Electronics,196.6405105743052,0,205.13477865716112,51,10028.666039289566,135.8979938549477,168,Monsoon,Saturday
2023-07-23,P002,Electronics,388.9645537854178,0,366.9843949567176,9,3500.68098406876,254.77249529518173,73,Monsoon,Sunday
2023-07-24,P002,Electronics,424.6508057779414,10,451.4965802509987,0,0.0,317.46297800261107,118,Monsoon,Monday
2023-07-25,P002,Electronics,121.08790653380046,0,122.39515915444998,86,10413.55996190684,78.06455475146751,94,Monsoon,Tuesday
2023-07-26,P002,Electronics,165.3417798972626,10,164.9628980988625,67,11077.899253116593,112.20579960932484,446,Monsoon,Wednesday
2023-07-27,P002,Electronics,274.70312713883004,10,290.586248321548,28,7691.687559887241,189.6643603105165,60,Monsoon,Thursday
2023-07-28,P002,Electronics,287.6099758871534,20,313.31541638597105,35,10066.349156050368,184.4372359449258,213,Monsoon,Friday
2023-07-29,P002,Electronics,268.52035265334587,0,288.77325684724036,40,10740.814106133836,170.90702770082507,166,Monsoon,Saturday
