synthetic_retail_demand.csv
date,product_id,category,price,discount_pct,competitor_price,units_sold,revenue,cost,inventory_level,season,day_of_week
2023-07-30,P002,Electronics,499.32750262838266,0,484.3091692934611,0,0.0,344.2623326714668,265,Monsoon,Sunday
2023-07-31,P002,Electronics,433.78330114243863,15,448.7776013415808,0,0.0,292.6234389314888,73,Monsoon,Monday
2023-08-01,P002,Electronics,279.18866255287594,10,260.50648250399314,47,13121.86713998517,167.61049782930667,152,Monsoon,Tuesday
2023-08-02,P002,Electronics,156.55342168653607,10,163.86893890885918,59,9236.651879505627,113.65822637466852,405,Monsoon,Wednesday
2023-08-03,P002,Electronics,419.42233525223963,10,396.2377271640778,3,1258.2670057567188,305.57624114365456,131,Monsoon,Thursday
2023-08-04,P002,Electronics,429.2014297787739,10,442.2732840487699,0,0.0,283.6075368076051,111,Monsoon,Friday
2023-08-05,P002,Electronics,181.5021943399775,20,166.56082360800687,82,14883.179935878155,118.21851915996473,111,Monsoon,Saturday
2023-08-06,P002,Electronics,498.4897972178555,5,511.9420159788663,0,0.0,363.31923022652427,247,Monsoon,Sunday
2023-08-07,P002,Electronics,404.94448548286914,10,365.14808044856306,10,4049.4448548286914,244.1798806256805,75,Monsoon,Monday
2023-08-08,P002,Electronics,122.2911942803938,5,118.83628486304174,76,9294.130765309928,91.63851222848925,203,Monsoon,Tuesday
2023-08-09,P002,Electronics,188.18819239974795,15,184.66275877153882,75,14114.114429981097,139.068779695633,100,Monsoon,Wednesday
2023-08-10,P002,Electronics,188.27962991413403,15,206.95673005262216,54,10167.100015363238,135.5764741894054,78,Monsoon,Thursday
2023-08-11,P002,Electronics,260.14265073593225,5,241.37608159137733,43,11186.133981645087,176.38576862201953,93,Monsoon,Friday
2023-08-12,P002,Electronics,339.7434348543211,5,306.6715317052924,31,10532.046480483954,231.4679817999565,398,Monsoon,Saturday
2023-08-13,P002,Electronics,182.61376158880256,0,169.19057840086967,61,11139.439456916956,124.54940184003678,65,Monsoon,Sunday
2023-08-14,P002,Electronics,215.65468736750438,10,201.0272738910287,64,13801.89999152028,152.04780817380438,200,Monsoon,Monday
2023-08-15,P002,Electronics,322.97638686543996,5,306.10701756438664,28,9043.338832232319,239.7751425652348,396,Monsoon,Tuesday
2023-08-16,P002,Electronics,466.8307117879253,20,499.74625855649083,0,0.0,293.9770510948085,231,Monsoon,Wednesday
2023-08-17,P002,Electronics,101.5673499804373,10,107.70757765804902,91,9242.628848219794,72.92621575452831,149,Monsoon,Thursday
2023-08-18,P002,Electronics,497.4312691276875,10,505.3674310308986,0,0.0,338.7669055693693,230,Monsoon,Friday
2023-08-19,P002,Electronics,304.77545227277113,10,328.08523882310476,28,8533.712663637592,209.0003246692375,371,Monsoon,Saturday
2023-08-20,P002,Electronics,457.6028791667224,10,471.3543097950945,0,0.0,280.7681251853498,142,Monsoon,Sunday
2023-08-21,P002,Electronics,241.9724803872065,0,245.77454229972813,42,10162.844176262673,178.2614341948938,372,Monsoon,Monday
2023-08-22,P002,Electronics,260.1319473643033,10,236.05526352664066,52,13526.861262943772,191.8837568217993,172,Monsoon,Tuesday
2023-08-23,P002,Electronics,430.74713886934484,10,431.5125985182309,0,0.0,262.48293723917516,338,Monsoon,Wednesday
2023-08-24,P002,Electronics,439.4426207595119,0,441.5743323512905,0,0.0,307.8774985118343,270,Monsoon,Thursday
2023-08-25,P002,Electronics,397.90029265196887,0,373.2252814042713,5,1989.5014632598443,266.23780176235175,335,Monsoon,Friday
2023-08-26,P002,Electronics,462.4076284177453,5,459.6150859962694,0,0.0,309.03619029725616,333,Monsoon,Saturday
2023-08-27,P002,Electronics,135.25689735631687,0,141.40482299237928,101,13660.946632988003,94.01208014182755,386,Monsoon,Sunday
2023-08-28,P002,Electronics,466.16648058668136,5,493.8881710344273,0,0.0,298.53892674338755,285,Monsoon,Monday
2023-08-29,P002,Electronics,487.5258762311218,0,444.9747578079384,0,0.0,332.85984972532486,83,Monsoon,Tuesday
2023-08-30,P002,Electronics,401.50728081802094,0,370.75699556359996,5,2007.5364040901047,272.7144485983946,262,Monsoon,Wednesday
2023-08-31,P002,Electronics,436.44292357554804,0,400.19774886961034,0,0.0,314.73814349542516,277,Monsoon,Thursday
2023-09-01,P002,Electronics,246.14673662026112,20,263.78902861397773,61,15014.95093383593,156.27624421113447,252,Autumn,Friday
2023-09-02,P002,Electronics,203.48202812971468,0,212.1509441554431,54,10988.029519004593,133.26912138906988,488,Autumn,Saturday
2023-09-03,P002,Electronics,476.76223490416805,15,476.93581216637983,0,0.0,317.3553253453885,162,Autumn,Sunday
2023-09-04,P002,Electronics,474.6280872283357,10,445.7098484876002,0,0.0,290.95285317765473,298,Autumn,Monday
2023-09-05,P002,Electronics,462.7466309359344,20,424.37591021817315,0,0.0,308.86977075356253,279,Autumn,Tuesday
2023-09-06,P002,Electronics,255.22338970438278,20,275.3099794606783,57,14547.733213149819,182.106580436764,432,Autumn,Wednesday
2023-09-07,P002,Electronics,317.39377143320576,15,336.3706537493003,30,9521.813142996172,228.66811181847365,253,Autumn,Thursday
2023-09-08,P002,Electronics,105.03112499447815,10,109.3448871117323,102,10713.174749436772,66.85711995124865,321,Autumn,Friday
2023-09-09,P002,Electronics,145.29738065592795,15,149.34523411903206,119,17290.388298055426,105.7793747976158,443,Autumn,Saturday
2023-09-10,P002,Electronics,308.0461658009578,20,331.5376151921052,39,12013.800466237353,199.9953577290549,97,Autumn,Sunday
2023-09-11,P002,Electronics,142.6204988864452,20,141.69025198875858,104,14832.5318841903,91.6817254328302,272,Autumn,Monday
2023-09-12,P002,Electronics,339.0452763729842,15,340.42340226477614,28,9493.267738443557,253.02497377327936,399,Autumn,Tuesday
2023-09-13,P002,Electronics,266.5139714177419,15,266.9142271354964,42,11193.58679954516,175.94929577433317,245,Autumn,Wednesday
2023-09-14,P002,Electronics,236.08919778050281,10,233.00484106820252,54,12748.816680147153,148.4826209546238,145,Autumn,Thursday
2023-09-15,P002,Electronics,191.88651347329267,10,205.65788553941232,52,9978.09870061122,133.23274934874394,52,Autumn,Friday
2023-09-16,P002,Electronics,362.4716144890748,15,373.2844301770134,22,7974.375518759645,255.43758239076158,305,Autumn,Saturday
2023-09-17,P002,Electronics,289.50931700576916,15,260.9692877603331,58,16791.54038633461,209.2891035338882,65,Autumn,Sunday
2023-09-18,P002,Electronics,115.52517912472085,5,115.72600672666138,99,11436.992733347364,81.81128281049313,330,Autumn,Monday
2023-09-19,P002,Electronics,238.44340006576306,20,219.42878472153603,56,13352.830403682732,167.2403602995081,470,Autumn,Tuesday
2023-09-20,P002,Electronics,334.31130837241903,0,331.24998092584497,18,6017.603550703543,243.88494769986974,239,Autumn,Wednesday
2023-09-21,P002,Electronics,322.36480682972814,5,348.85186091528453,18,5802.566522935106,239.03238139706284,395,Autumn,Thursday
2023-09-22,P002,Electronics,293.67379932903873,15,266.2416045256263,47,13802.66856846482,202.20002320541886,60,Autumn,Friday
2023-09-23,P002,Electronics,388.1333476663972,10,380.9948349688061,13,5045.733519663163,244.01617755287418,357,Autumn,Saturday
2023-09-24,P002,Electronics,150.5133890338276,10,155.21551702447078,85,12793.638067875345,100.95677703881798,400,Autumn,Sunday
2023-09-25,P002,Electronics,120.78643925247209,10,119.77795256044737,103,12441.003243004625,77.22630916808399,393,Autumn,Monday
2023-09-26,P002,Electronics,301.97312163576004,20,320.68158880680534,30,9059.1936490728,221.34398001656575,245,Autumn,Tuesday
2023-09-27,P002,Electronics,104.53303728179502,0,114.43010590492959,79,8258.109945261807,69.5983790295536,429,Autumn,Wednesday
2023-09-28,P002,Electronics,445.1083109836902,5,415.653256276701,0,0.0,288.5937501168121,298,Autumn,Thursday
2023-09-29,P002,Electronics,450.0034798975881,20,413.5132687468034,2,900.0069597951762,321.1934558860729,288,Autumn,Friday
2023-09-30,P002,Electronics,217.17008136124917,20,234.01168739342899,66,14333.225369842445,131.62414917770892,453,Autumn,Saturday
2023-10-01,P002,Electronics,364.6364263837062,10,335.30922929876493,29,10574.456365127478,250.29515768852943,209,Autumn,Sunday
2023-10-02,P002,Electronics,317.7845328596674,5,290.83599175468964,38,12075.812248667362,223.02697943404286,130,Autumn,Monday
2023-10-03,P002,Electronics,135.68886722289545,20,135.73880730845343,91,12347.686917283487,97.24708208794206,110,Autumn,Tuesday
2023-10-04,P002,Electronics,367.84450261500706,5,355.5389382285497,14,5149.823036610099,224.63419036267098,472,Autumn,Wednesday
2023-10-05,P002,Electronics,284.0410506230752,20,280.1587897082841,50,14202.05253115376,205.2579476473723,50,Autumn,Thursday
2023-10-06,P002,Electronics,484.28590066792697,10,532.3558096364296,0,0.0,351.994818741565,418,Autumn,Friday
2023-10-07,P002,Electronics,386.581192623516,20,400.3945190526823,15,5798.71788935274,256.35531788293554,118,Autumn,Saturday
2023-10-08,P002,Electronics,109.02743328095083,5,111.41443113432469,91,9921.496428566526,78.83626141727922,91,Autumn,Sunday
2023-10-09,P002,Electronics,216.9660335536992,0,197.92581729929398,50,10848.30167768496,149.41092825578545,282,Autumn,Monday
2023-10-10,P002,Electronics,122.06263624071418,15,110.77666118752009,80,9765.010899257135,79.96023561340613,233,Autumn,Tuesday
2023-10-11,P002,Electronics,183.76268557997344,10,173.887800091027,76,13965.96410407798,130.51332712001127,232,Autumn,Wednesday
2023-10-12,P002,Electronics,376.2490968325366,0,389.8730850365386,4,1504.9963873301465,246.79362557213022,442,Autumn,Thursday
2023-10-13,P002,Electronics,411.6021575696151,5,382.580337163472,5,2058.0107878480753,251.4835018442328,382,Autumn,Friday
2023-10-14,P002,Electronics,485.8761915313844,20,463.2245743030198,0,0.0,359.269418738476,116,Autumn,Saturday
2023-10-15,P002,Electronics,377.93103173125036,15,365.8535833603553,16,6046.896507700006,227.1285423031291,260,Autumn,Sunday
2023-10-16,P002,Electronics,156.45044731972874,0,166.15475850551047,72,11264.432207020469,95.92543032479125,375,Autumn,Monday
2023-10-17,P002,Electronics,456.7280845626451,15,412.38290565854265,0,0.0,279.5826510901752,318,Autumn,Tuesday
2023-10-18,P002,Electronics,259.83940464834717,20,235.12301240921434,51,13251.809637065706,178.565207568585,452,Autumn,Wednesday
2023-10-19,P002,Electronics,346.03651494799533,5,341.29637664596385,20,6920.730298959907,219.5559317351192,406,Autumn,Thursday
2023-10-20,P002,Electronics,435.4196828099172,0,441.3691834283559,0,0.0,289.95736043919493,212,Autumn,Friday
2023-10-21,P002,Electronics,226.55016295507315,15,212.67247254367513,68,15405.411080944974,147.68222561676765,176,Autumn,Saturday
2023-10-22,P002,Electronics,301.42802976142195,10,297.9033721495138,49,14769.973458309676,203.03952039043318,333,Autumn,Sunday
2023-10-23,P002,Electronics,145.50478352181977,15,134.09946363353953,75,10912.858764136483,96.8242182163687,400,Autumn,Monday
2023-10-24,P002,Electronics,156.34744158034454,15,163.50410530269093,74,11569.710676945495,115.66379067587071,206,Autumn,Tuesday
2023-10-25,P002,Electronics,164.65507751383672,10,149.37155450829275,91,14983.612053759141,121.38844395050522,98,Autumn,Wednesday
2023-10-26,P002,Electronics,463.37501914890595,15,485.19410638953497,0,0.0,299.1198973218719,188,Autumn,Thursday
2023-10-27,P002,Electronics,430.48695031008805,20,454.2978268329456,0,0.0,311.34856758100494,444,Autumn,Friday
2023-10-28,P002,Electronics,464.6554758941214,20,490.1000793194237,0,0.0,303.7705527187797,185,Autumn,Saturday
2023-10-29,P002,Electronics,472.410397190027,0,454.81614686106377,0,0.0,293.4975535466292,314,Autumn,Sunday
2023-10-30,P002,Electronics,464.25720633381815,5,436.26647629957256,0,0.0,313.0134753331212,371,Autumn,Monday
2023-10-31,P002,Electronics,326.8514830129492,20,325.2366454018236,26,8498.13855833668,234.87235253418385,391,Autumn,Tuesday
2023-11-01,P002,Electronics,447.9718249587974,10,463.91020721671526,0,0.0,307.2227490788129,68,Autumn,Wednesday
2023-11-02,P002,Electronics,159.7072050676989,0,173.63768428554445,55,8783.89627872344,108.28532335161192,59,Autumn,Thursday
2023-11-03,P002,Electronics,492.39452111947327,20,531.6013201074126,0,0.0,349.4724080065357,353,Autumn,Friday
2023-11-04,P002,Electronics,102.12566766194482,5,105.74789854904017,107,10927.446439828096,61.649592356548744,446,Autumn,Saturday
2023-11-05,P002,Electronics,338.6631567988361,15,329.52561302970565,27,9143.905233568574,234.26151065752018,376,Autumn,Sunday
2023-11-06,P002,Electronics,128.3664765754278,20,128.90238188237316,108,13863.579470146204,93.12444055393861,404,Autumn,Monday
2023-11-07,P002,Electronics,168.74948101569873,10,155.4316685247414,67,11306.215228051815,105.92365889643878,329,Autumn,Tuesday
2023-11-08,P002,Electronics,424.46504155165286,15,456.04397541849517,0,0.0,260.92234424567107,358,Autumn,Wednesday
2023-11-09,P002,Electronics,274.8134901799083,0,288.19934033037663,32,8794.031685757065,188.8272541476661,207,Autumn,Thursday
2023-11-10,P002,Electronics,279.9651124342022,20,279.911144841947,52,14558.185846578514,207.09866467649428,94,Autumn,Friday
2023-11-11,P002,Electronics,152.13628942762875,15,145.08750451492804,92,13996.538627341844,107.20979941601854,126,Autumn,Saturday
2023-11-12,P002,Electronics,392.2736389683106,20,427.1847991914154,5,1961.3681948415528,243.69674335490143,234,Autumn,Sunday
2023-11-13,P002,Electronics,296.0017003057374,15,321.3271013600175,27,7992.0459082549105,218.9880037640229,62,Autumn,Monday
2023-11-14,P002,Electronics,338.47306776095076,20,367.10315595756896,24,8123.353626262819,247.96919230763743,188,Autumn,Tuesday
2023-11-15,P002,Electronics,330.7869241873484,5,319.13631448781865,30,9923.607725620452,205.23264031424355,373,Autumn,Wednesday
2023-11-16,P002,Electronics,267.7551326078744,0,276.116916113637,34,9103.67450866773,196.0712519349195,412,Autumn,Thursday
2023-11-17,P002,Electronics,449.43012230389365,0,476.1750328482093,0,0.0,305.9216591585068,308,Autumn,Friday
2023-11-18,P002,Electronics,497.2654955733914,5,537.3328266847368,0,0.0,327.7838366995004,189,Autumn,Saturday
2023-11-19,P002,Electronics,454.8426050074682,5,484.6036979035163,0,0.0,301.9019437806196,150,Autumn,Sunday
2023-11-20,P002,Electronics,472.44818077734027,5,426.43895965594015,0,0.0,295.6368706463253,136,Autumn,Monday
2023-11-21,P002,Electronics,271.2077409758575,0,258.3962168066537,33,8949.855452203297,163.2156635685053,123,Autumn,Tuesday
2023-11-22,P002,Electronics,203.40022707983758,0,216.5667001091637,50,10170.011353991878,142.87016935867808,435,Autumn,Wednesday
2023-11-23,P002,Electronics,306.61860415570493,0,285.12766440180786,37,11344.888353761082,188.74702563728061,116,Autumn,Thursday
2023-11-24,P002,Electronics,201.88820018301956,10,204.15889305794883,54,10901.962809883056,133.59177199212266,55,Autumn,Friday
2023-11-25,P002,Electronics,300.1334622704089,5,277.71621252005906,44,13205.872339897993,201.53753952345306,260,Autumn,Saturday
2023-11-26,P002,Electronics,128.93935353442293,5,126.79109083070601,96,12378.177939304602,84.8180042363083,366,Autumn,Sunday
2023-11-27,P002,Electronics,310.2317496248967,20,281.0077168081604,41,12719.501734620764,218.23970945790438,477,Autumn,Monday
2023-11-28,P002,Electronics,417.3746327549446,20,443.8706141449027,0,0.0,308.85044973983406,394,Autumn,Tuesday
2023-11-29,P002,Electronics,342.6878319128928,10,368.1746394233422,17,5825.693142519178,240.9459264847225,189,Autumn,Wednesday
2023-11-30,P002,Electronics,143.31574259316673,20,135.50279112061693,78,11178.627922267005,89.67247120283724,112,Autumn,Thursday
2023-12-01,P002,Electronics,229.0734828311281,5,231.91313919050825,71,16264.217281010095,144.80612548275028,392,Winter,Friday
2023-12-02,P002,Electronics,409.45895802213363,5,413.83424816089195,0,0.0,246.37491505744367,429,Winter,Saturday
2023-12-03,P002,Electronics,147.341640530635,0,141.0548845420306,106,15618.213896247311,96.51520966020314,106,Winter,Sunday
2023-12-04,P002,Electronics,281.7082897441701,20,275.6105302522122,61,17184.205674394376,193.41199299113268,199,Winter,Monday
2023-12-05,P002,Electronics,394.79852469080896,5,377.1209179673923,10,3947.9852469080897,291.97522240864174,314,Winter,Tuesday
2023-12-06,P002,Electronics,128.40982705973065,5,133.60180435560594,91,11685.29426243549,86.9312694867858,165,Winter,Wednesday
2023-12-07,P002,Electronics,259.09159024908894,0,278.7954017646291,54,13990.945873450803,192.79928195498752,215,Winter,Thursday
2023-12-08,P002,Electronics,125.18856349348017,5,126.2947325434299,107,13395.176293802378,85.3185699448314,285,Winter,Friday
2023-12-09,P002,Electronics,130.4399955923097,20,133.08426493763508,145,18913.79936088491,88.94800996158118,448,Winter,Saturday
2023-12-10,P002,Electronics,478.2518710995988,15,487.74933787482655,0,0.0,321.12257468076984,180,Winter,Sunday
2023-12-11,P002,Electronics,202.4353704953695,0,201.46134127456483,63,12753.428341208279,125.18349730282523,205,Winter,Monday
2023-12-12,P002,Electronics,230.88847326458156,15,224.2821674930094,60,13853.308395874894,172.8033968658468,409,Winter,Tuesday
2023-12-13,P002,Electronics,438.52720511234946,15,451.1286558677441,0,0.0,303.1957616081933,105,Winter,Wednesday
2023-12-14,P002,Electronics,205.94650312542856,10,208.21214829929866,63,12974.629696901999,151.5001544780843,457,Winter,Thursday
2023-12-15,P002,Electronics,169.67367522720667,5,176.30025118990378,85,14422.262394312567,110.55564012167281,105,Winter,Friday
2023-12-16,P002,Electronics,120.01433457390269,15,120.13828581774263,118,14161.691479720517,81.57369747253593,447,Winter,Saturday
2023-12-17,P002,Electronics,499.4469276657539,0,522.1198075428811,0,0.0,327.9891244886409,298,Winter,Sunday
2023-12-18,P002,Electronics,205.76171917185815,20,185.52078446132163,82,16872.46097209237,130.0328885184686,432,Winter,Monday
2023-12-19,P002,Electronics,117.82801628505233,0,119.30399119021989,63,7423.165025958297,73.077802870647,63,Winter,Tuesday
2023-12-20,P002,Electronics,167.48065712149827,15,181.48851011807446,85,14235.855855327352,120.96743241131482,257,Winter,Wednesday
2023-12-21,P002,Electronics,185.89405004862527,20,170.83835927244274,108,20076.55740525153,138.04123550630757,415,Winter,Thursday
