synthetic_retail_demand.csv
date,product_id,category,price,discount_pct,competitor_price,units_sold,revenue,cost,inventory_level,season,day_of_week
2023-12-22,P002,Electronics,137.78497032043475,20,133.85763304932848,107,14742.991824286519,97.74657509881472,107,Winter,Friday
2023-12-23,P002,Electronics,473.01725043439194,20,503.9268132114528,0,0.0,291.3965913004993,143,Winter,Saturday
2023-12-24,P002,Electronics,481.1641254254039,10,446.95482114723234,0,0.0,298.3656317088943,67,Winter,Sunday
2023-12-25,P002,Electronics,297.40367306423997,5,276.7385327023069,40,11896.146922569598,216.77110023439323,94,Winter,Monday
2023-12-26,P002,Electronics,142.28982417245396,10,154.05471502884953,112,15936.460307314843,91.25523102463686,308,Winter,Tuesday
2023-12-27,P002,Electronics,426.90370759500917,20,418.395994345558,3,1280.7111227850276,311.87851060156714,436,Winter,Wednesday
2023-12-28,P002,Electronics,284.94224037386493,10,257.021954680922,52,14816.996499440977,182.7102472609101,84,Winter,Thursday
2023-12-29,P002,Electronics,190.57184203506,20,189.77120908300654,79,15055.17552076974,114.84137089563613,356,Winter,Friday
2023-12-30,P002,Electronics,355.12887170376405,15,352.1075522133415,28,9943.608407705393,240.65371922535348,294,Winter,Saturday
2023-12-31,P002,Electronics,206.8287765396351,5,220.174869602333,80,16546.302123170808,132.51599451151486,166,Winter,Sunday
2024-01-01,P002,Electronics,384.81174282178057,15,417.5785930245678,5,1924.058714108903,268.1375317938895,112,Winter,Monday
2024-01-02,P002,Electronics,371.40682779376573,10,407.0608512922824,7,2599.84779455636,271.99050838440996,491,Winter,Tuesday
2024-01-03,P002,Electronics,358.38061244481804,5,326.5374576248376,30,10751.41837334454,245.8828694911895,96,Winter,Wednesday
2024-01-04,P002,Electronics,388.26578180314493,5,394.05672738185143,5,1941.3289090157245,280.8486391379356,151,Winter,Thursday
2024-01-05,P002,Electronics,237.41264459931764,10,253.79176086408194,62,14719.583965157693,142.45616475803607,193,Winter,Friday
2024-01-06,P002,Electronics,327.1107825727513,5,294.60392947909907,43,14065.763650628305,211.15868471379568,267,Winter,Saturday
2024-01-07,P002,Electronics,193.61127012274983,20,204.71166053752881,102,19748.34955252048,138.5269306402496,379,Winter,Sunday
2024-01-08,P002,Electronics,323.2927001118644,0,328.6875264381103,29,9375.488303244068,239.9415459924003,416,Winter,Monday
2024-01-09,P002,Electronics,105.63186531315627,20,97.19836923599917,131,13837.77435602347,67.50211101350502,459,Winter,Tuesday
2024-01-10,P002,Electronics,405.6372000851926,10,374.53318024143465,12,4867.646401022312,265.7605385883899,88,Winter,Wednesday
2024-01-11,P002,Electronics,496.149771831545,5,509.6047068635864,0,0.0,320.29352537263617,391,Winter,Thursday
2024-01-12,P002,Electronics,335.6474943920946,0,322.3956045257693,31,10405.072326154932,214.9208620253663,259,Winter,Friday
2024-01-13,P002,Electronics,357.4096641496757,10,326.88461520761444,39,13938.976901837352,258.46755927409237,233,Winter,Saturday
2024-01-14,P002,Electronics,455.47728591391933,20,435.4559990274505,0,0.0,276.9156572087837,121,Winter,Sunday
2024-01-15,P002,Electronics,375.8542967660484,10,385.37421127224906,11,4134.397264426532,266.5329407165484,164,Winter,Monday
2024-01-16,P002,Electronics,228.5849911791218,20,249.70522280559211,59,13486.514479568186,161.93764276909738,385,Winter,Tuesday
2024-01-17,P002,Electronics,266.2936993293549,15,266.96427614283647,60,15977.621959761294,172.98175650084187,332,Winter,Wednesday
2024-01-18,P002,Electronics,366.5080547683391,10,345.47493091176665,24,8796.193314440137,234.80684824640855,62,Winter,Thursday
2024-01-19,P002,Electronics,431.5719564772048,20,473.9895837973301,0,0.0,305.11397209900065,311,Winter,Friday
2024-01-20,P002,Electronics,465.08040414284415,0,454.7898500542551,0,0.0,344.64633134507113,329,Winter,Saturday
2024-01-21,P002,Electronics,214.72504990939473,5,217.54417003866874,96,20613.604791301892,133.4106578723174,213,Winter,Sunday
2024-01-22,P002,Electronics,238.47003092245163,15,243.31328601375108,78,18600.662411951227,164.77028173185263,141,Winter,Monday
2024-01-23,P002,Electronics,120.48253967613164,5,116.45936828619422,109,13132.596824698348,79.51779168729911,201,Winter,Tuesday
2024-01-24,P002,Electronics,209.89450051852037,10,214.13545573750716,83,17421.24354303719,136.2438850242472,303,Winter,Wednesday
2024-01-25,P002,Electronics,478.01498614544175,0,430.3112224361929,0,0.0,329.8433862566885,484,Winter,Thursday
2024-01-26,P002,Electronics,120.00752836087455,10,131.01378684138803,93,11160.700137561333,85.23009078890179,484,Winter,Friday
2024-01-27,P002,Electronics,406.6229177467013,20,402.80050787067006,10,4066.229177467013,275.25622369211544,257,Winter,Saturday
2024-01-28,P002,Electronics,403.51765708172513,5,367.5347293027546,11,4438.694227898976,278.23693656057173,493,Winter,Sunday
2024-01-29,P002,Electronics,108.00941380788261,5,99.75447267706141,129,13933.214381216856,80.33067039376192,235,Winter,Monday
2024-01-30,P002,Electronics,290.8640185646326,15,266.1418619594708,62,18033.56915100722,213.5953185548385,429,Winter,Tuesday
2024-01-31,P002,Electronics,314.62186840431974,10,291.97315623643505,47,14787.227815003027,205.2093425730963,156,Winter,Wednesday
2024-02-01,P002,Electronics,386.90541014317085,15,368.7629654753402,17,6577.391972433905,265.3321675931252,270,Winter,Thursday
2024-02-02,P002,Electronics,304.9898816478068,20,300.2739411699677,42,12809.575029207885,212.79856896315806,251,Winter,Friday
2024-02-03,P002,Electronics,496.757393257058,15,453.8721656981463,0,0.0,369.2222763139017,63,Winter,Saturday
2024-02-04,P002,Electronics,480.07228432721666,15,433.1360575367986,0,0.0,305.49345062692186,383,Winter,Sunday
2024-02-05,P002,Electronics,400.84913529945095,20,413.3934297996429,9,3607.6422176950587,241.61926561432762,493,Winter,Monday
2024-02-06,P002,Electronics,292.980588152447,10,322.2572960322595,36,10547.301173488093,197.57440972868216,438,Winter,Tuesday
2024-02-07,P002,Electronics,263.3949555529093,15,277.28361523553133,62,16330.487244280379,161.86744949450153,486,Winter,Wednesday
2024-02-08,P002,Electronics,378.98450689069074,0,343.028901318211,13,4926.79858957898,279.96044905524434,90,Winter,Thursday
2024-02-09,P002,Electronics,350.34335882804686,20,334.9696066889917,37,12962.704276637734,239.46660772252713,162,Winter,Friday
2024-02-10,P002,Electronics,249.81446098041644,20,252.6044132467238,78,19485.527956472484,165.0707585111649,197,Winter,Saturday
2024-02-11,P002,Electronics,289.52337398405547,20,309.33638668127577,54,15634.262195138996,183.70260044638414,380,Winter,Sunday
2024-02-12,P002,Electronics,333.8488035653414,20,313.2865211656026,46,15357.044964005705,245.60047990621808,269,Winter,Monday
2024-02-13,P002,Electronics,441.1824454694995,5,431.8988646698992,0,0.0,313.9567443393885,499,Winter,Tuesday
2024-02-14,P002,Electronics,115.11318722583806,10,116.756174026179,115,13238.016530971378,73.44904886176822,375,Winter,Wednesday
2024-02-15,P002,Electronics,484.10093008057504,5,519.0193129045072,0,0.0,328.3528243287326,78,Winter,Thursday
2024-02-16,P002,Electronics,203.6901948580633,20,212.342711067331,74,15073.074419496685,133.46925819943962,90,Winter,Friday
2024-02-17,P002,Electronics,320.81295033594,20,347.2220726412378,40,12832.5180134376,210.2092910192269,267,Winter,Saturday
2024-02-18,P002,Electronics,225.8070288836421,15,229.8049731027092,101,22806.50991724785,135.85839578590677,228,Winter,Sunday
2024-02-19,P002,Electronics,398.4328626291572,15,388.1584532679416,13,5179.627214179044,276.96430914652484,70,Winter,Monday
2024-02-20,P002,Electronics,158.94110640669544,0,154.0698816637541,98,15576.228427856153,115.92538913252923,440,Winter,Tuesday
2024-02-21,P002,Electronics,387.20248404305914,15,402.1846573569384,9,3484.822356387532,286.94035252644846,293,Winter,Wednesday
2024-02-22,P002,Electronics,220.7356480990062,5,208.69006355701,77,16996.644903623477,145.34204157806698,335,Winter,Thursday
2024-02-23,P002,Electronics,208.46014447088783,5,216.90807964247716,73,15217.590546374811,154.5556448155598,334,Winter,Friday
2024-02-24,P002,Electronics,387.1471404525054,20,393.3150110228165,21,8130.089949502614,232.3514097628675,432,Winter,Saturday
2024-02-25,P002,Electronics,406.2193416397263,5,386.9226599528716,7,2843.535391478084,258.6790853322125,325,Winter,Sunday
2024-02-26,P002,Electronics,218.2396499939514,0,202.62618390427895,77,16804.453049534255,154.13649689530718,198,Winter,Monday
2024-02-27,P002,Electronics,156.11400511518673,20,169.34277310549442,99,15455.286506403487,101.62616674933446,205,Winter,Tuesday
2024-02-28,P002,Electronics,468.83706142893266,5,494.0780101483684,0,0.0,311.4616596377575,284,Winter,Wednesday
2024-02-29,P002,Electronics,225.32952143071668,0,239.63940689603325,47,10590.487507243684,168.65550193625927,115,Winter,Thursday
2024-03-01,P002,Electronics,429.10557418694805,0,421.88943730384085,0,0.0,277.11947893708964,312,Summer,Friday
2024-03-02,P002,Electronics,455.9863474986726,20,419.4046630094926,0,0.0,281.60170331316954,438,Summer,Saturday
2024-03-03,P002,Electronics,112.84790242712579,20,117.05424553493636,120,13541.748291255095,71.30357890446962,481,Summer,Sunday
2024-03-04,P002,Electronics,266.2814313139716,10,268.73253023099016,48,12781.508703070638,181.61837445822258,430,Summer,Monday
2024-03-05,P002,Electronics,302.8950220830228,5,315.7706053930047,26,7875.270574158593,198.45240795166296,495,Summer,Tuesday
2024-03-06,P002,Electronics,481.2710153052557,0,511.3253832581909,0,0.0,337.7893625100935,104,Summer,Wednesday
2024-03-07,P002,Electronics,479.1749385518606,15,460.54107689440696,0,0.0,323.1214102700744,491,Summer,Thursday
2024-03-08,P002,Electronics,381.32212274535124,15,403.3386271458117,8,3050.57698196281,248.89514638956368,135,Summer,Friday
2024-03-09,P002,Electronics,227.8592110350499,20,244.10297722141766,87,19823.75136004934,160.44925069869296,94,Summer,Saturday
2024-03-10,P002,Electronics,351.8564936929829,0,331.85521105867275,25,8796.412342324573,213.41476966450404,151,Summer,Sunday
2024-03-11,P002,Electronics,391.70656233465337,15,410.0387702835982,7,2741.9459363425735,245.20155389497617,342,Summer,Monday
2024-03-12,P002,Electronics,182.45846411206563,0,188.00738639747573,63,11494.883239060135,113.1605340319634,166,Summer,Tuesday
2024-03-13,P002,Electronics,228.93332472018946,10,233.13004185574044,68,15567.466080972883,148.0226589535022,485,Summer,Wednesday
2024-03-14,P002,Electronics,108.86381421780862,20,115.36286490638207,83,9035.696580078116,81.06831689790167,83,Summer,Thursday
2024-03-15,P002,Electronics,279.8346396447114,10,278.5359396131369,50,13991.73198223557,173.4659467789734,245,Summer,Friday
2024-03-16,P002,Electronics,175.39521997545546,20,168.04551500083076,90,15785.569797790991,114.174778057022,287,Summer,Saturday
2024-03-17,P002,Electronics,215.17509926856602,20,226.2633999145354,62,13340.856154651094,147.29178183177754,62,Summer,Sunday
2024-03-18,P002,Electronics,209.9877465811796,5,224.9514451262814,49,10289.399582477801,141.44595138362934,221,Summer,Monday
2024-03-19,P002,Electronics,260.8033886603446,10,274.17382836742166,43,11214.545712394816,186.9945510077036,263,Summer,Tuesday
2024-03-20,P002,Electronics,195.48587357402542,10,205.00131130902042,61,11924.63828801555,141.20677154058657,457,Summer,Wednesday
2024-03-21,P002,Electronics,231.69739150543077,5,252.73624700876206,43,9962.987834733523,156.778205517278,115,Summer,Thursday
2024-03-22,P002,Electronics,141.31738702105724,10,130.21426920125555,110,15544.912572316296,93.09412380962841,461,Summer,Friday
2024-03-23,P002,Electronics,461.75073346439706,15,457.0367606276385,0,0.0,344.8757317187967,220,Summer,Saturday
2024-03-24,P002,Electronics,402.8047470989441,20,433.16396157153355,4,1611.2189883957765,274.5241586209973,61,Summer,Sunday
2024-03-25,P002,Electronics,149.55222611822478,5,140.95042272823312,76,11365.969184985082,94.40469881692138,122,Summer,Monday
2024-03-26,P002,Electronics,326.4743937269501,5,310.3174729038968,33,10773.654992989354,232.3903049489695,311,Summer,Tuesday
2024-03-27,P002,Electronics,382.8384304644446,0,362.6608327785221,11,4211.222735108891,249.53907737162675,121,Summer,Wednesday
2024-03-28,P002,Electronics,440.89460999036436,20,448.5977624424319,0,0.0,294.4415023002596,107,Summer,Thursday
2024-03-29,P002,Electronics,344.8198485792613,20,341.13712441466265,28,9654.955760219316,221.20469129526515,483,Summer,Friday
2024-03-30,P002,Electronics,440.80433979535053,20,410.9721180059243,5,2204.0216989767528,283.8450858612837,267,Summer,Saturday
2024-03-31,P002,Electronics,167.58886001515614,5,154.19135313317676,66,11060.864761000306,109.00252179159185,66,Summer,Sunday
2024-04-01,P002,Electronics,141.80302505708966,0,127.88108607150001,98,13896.696455594787,101.58815889638669,244,Summer,Monday
2024-04-02,P002,Electronics,131.21274826154212,0,139.4936439558781,83,10890.658105707997,90.88978067989574,425,Summer,Tuesday
2024-04-03,P002,Electronics,223.1171022191699,10,221.71316218284474,64,14279.494542026874,166.97568194681682,460,Summer,Wednesday
2024-04-04,P002,Electronics,177.85185888128984,0,195.1260272948595,60,10671.11153287739,130.25149492556488,477,Summer,Thursday
2024-04-05,P002,Electronics,293.2994776178498,5,272.4923265004182,41,12025.27858233184,196.3858392775267,271,Summer,Friday
2024-04-06,P002,Electronics,295.8243624910423,0,267.1752160015027,57,16861.98866198941,214.05784568741868,405,Summer,Saturday
2024-04-07,P002,Electronics,149.11596076168934,10,160.45195493617072,98,14613.364154645555,94.25534281609748,112,Summer,Sunday
2024-04-08,P002,Electronics,481.95588400370315,15,465.7323092954643,0,0.0,302.29460788389923,439,Summer,Monday
2024-04-09,P002,Electronics,496.04391349396684,10,475.7990684628359,0,0.0,315.8417473879703,423,Summer,Tuesday
2024-04-10,P002,Electronics,306.4924037667656,5,281.6030012945644,46,14098.650573271218,212.4486158039428,325,Summer,Wednesday
2024-04-11,P002,Electronics,494.5423182022964,15,533.1753469235047,0,0.0,322.0738760452125,383,Summer,Thursday
2024-04-12,P002,Electronics,266.0578015473151,20,271.6753605435085,61,16229.525894386219,186.7675032544951,272,Summer,Friday
2024-04-13,P002,Electronics,424.5630010802625,10,424.879958190329,0,0.0,265.04024790038494,380,Summer,Saturday
2024-04-14,P002,Electronics,410.1192073590012,15,422.38391483943155,2,820.2384147180024,274.84638001709556,52,Summer,Sunday
2024-04-15,P002,Electronics,180.68182295457672,5,166.10356719044287,91,16442.04588886648,109.49280876935957,199,Summer,Monday
2024-04-16,P002,Electronics,466.8182360617904,15,436.92734594306654,0,0.0,300.0543884476845,210,Summer,Tuesday
2024-04-17,P002,Electronics,160.26389528306743,20,149.59160721285372,101,16186.65342358981,101.51399509605851,212,Summer,Wednesday
2024-04-18,P002,Electronics,180.80713492895697,10,194.44097907033682,61,11029.235230666374,113.39246413695078,281,Summer,Thursday
2024-04-19,P002,Electronics,230.88000881557167,5,252.29529244686134,48,11082.24042314744,170.76498448869924,420,Summer,Friday
2024-04-20,P002,Electronics,366.9447189967232,5,354.1303066046317,18,6605.004941941018,228.4636529305689,484,Summer,Saturday
2024-04-21,P002,Electronics,200.14922028279108,20,195.72804952536785,111,22216.56345138981,140.84550261129775,496,Summer,Sunday
2024-04-22,P002,Electronics,400.1412489633371,20,407.54277405564653,7,2800.9887427433596,257.9582830890685,238,Summer,Monday
2024-04-23,P002,Electronics,375.24415970026064,10,352.1548729553476,16,6003.90655520417,240.38456590680465,123,Summer,Tuesday
2024-04-24,P002,Electronics,308.03597504233375,10,285.83905228103595,38,11705.367051608682,224.23995491523576,185,Summer,Wednesday
2024-04-25,P002,Electronics,400.4316775609745,10,368.38803898111115,13,5205.611808292669,273.9957081558223,360,Summer,Thursday
2024-04-26,P002,Electronics,197.5730255240865,10,193.13025378151573,86,16991.28019507144,136.71279798373712,87,Summer,Friday
2024-04-27,P002,Electronics,418.83072262510257,0,440.2481993138467,0,0.0,267.96847064503964,410,Summer,Saturday
2024-04-28,P002,Electronics,392.22650817336194,20,422.3013767925799,9,3530.0385735602576,290.9665678516503,410,Summer,Sunday
2024-04-29,P002,Electronics,144.11069131062675,15,156.64577918397316,107,15419.843970237062,89.82375479180853,309,Summer,Monday
2024-04-30,P002,Electronics,332.8485483279344,5,349.2596914144994,21,6989.8195148866225,227.66635517296115,325,Summer,Tuesday
2024-05-01,P002,Electronics,169.9357157262293,0,171.99269188772175,64,10875.885806478675,126.97583826328889,223,Summer,Wednesday
2024-05-02,P002,Electronics,317.694703044167,15,303.19803539392535,40,12707.78812176668,237.27667070144003,51,Summer,Thursday
2024-05-03,P002,Electronics,240.85539342409743,5,231.28981722550083,54,13006.191244901262,151.77035606531877,256,Summer,Friday
2024-05-04,P002,Electronics,108.93871537074293,5,116.93017381654869,102,11111.748967815778,71.80553326465177,189,Summer,Saturday
2024-05-05,P002,Electronics,240.25971318160745,5,221.14332046897215,60,14415.582790896447,161.10244059540258,439,Summer,Sunday
2024-05-06,P002,Electronics,484.4415499882146,0,446.8104403746168,0,0.0,304.2640543600519,430,Summer,Monday
2024-05-07,P002,Electronics,436.13449528843324,20,399.97795450043463,6,2616.8069717305993,275.85175598824765,442,Summer,Tuesday
2024-05-08,P002,Electronics,273.20197204499203,0,260.74011201862646,52,14206.502546339585,179.66199411379722,125,Summer,Wednesday
2024-05-09,P002,Electronics,177.85361310314244,5,185.56833995411688,79,14050.435435148253,122.21705482500964,308,Summer,Thursday
2024-05-10,P002,Electronics,398.99718235256,5,401.5918506360424,2,797.99436470512,246.23603105225138,433,Summer,Friday
2024-05-11,P002,Electronics,139.56177861482044,10,131.12241592780364,94,13118.807189793122,93.777810502049,94,Summer,Saturday
2024-05-12,P002,Electronics,223.36843553147202,15,226.29203795419505,68,15189.053616140098,148.6390520625523,68,Summer,Sunday
2024-05-13,P002,Electronics,441.09198611141903,15,466.3107020289845,0,0.0,301.4337345565714,226,Summer,Monday
