synthetic_retail_demand.csv
date,product_id,category,price,discount_pct,competitor_price,units_sold,revenue,cost,inventory_level,season,day_of_week
2024-05-14,P002,Electronics,292.4268763389895,0,263.60834967915895,43,12574.355682576548,218.79676908515265,64,Summer,Tuesday
2024-05-15,P002,Electronics,210.71203258630987,10,226.29457719510916,55,11589.161792247043,151.61504792316117,190,Summer,Wednesday
2024-05-16,P002,Electronics,413.80405427102124,15,393.41959441453014,7,2896.6283798971485,278.9385691494641,382,Summer,Thursday
2024-05-17,P002,Electronics,374.3716882832878,5,401.68511453915505,6,2246.230129699727,263.6328425910847,353,Summer,Friday
2024-05-18,P002,Electronics,358.77133643929875,20,370.742551522357,24,8610.51207454317,265.31896727586775,109,Summer,Saturday
2024-05-19,P002,Electronics,466.1007536123034,15,431.71708121730325,0,0.0,347.4287980354009,422,Summer,Sunday
2024-05-20,P002,Electronics,259.8553929975743,15,273.3151976500711,49,12732.914256881142,159.45632126340203,425,Summer,Monday
2024-05-21,P002,Electronics,181.70590333320217,5,198.85255999341018,83,15081.58997665578,118.80662672734127,325,Summer,Tuesday
2024-05-22,P002,Electronics,223.69940705005655,10,226.26501844492074,75,16777.455528754243,164.03628635348807,364,Summer,Wednesday
2024-05-23,P002,Electronics,439.16966491136435,5,418.50189221455037,0,0.0,278.12059039665826,188,Summer,Thursday
2024-05-24,P002,Electronics,375.1092142181926,5,376.4994764961461,9,3375.9829279637333,255.36547456179284,459,Summer,Friday
2024-05-25,P002,Electronics,245.42251754706913,5,244.07825049015997,59,14479.928535277078,165.51058368674197,431,Summer,Saturday
2024-05-26,P002,Electronics,399.2440964639742,20,376.88040231202234,18,7186.393736351535,296.27267768027855,351,Summer,Sunday
2024-05-27,P002,Electronics,185.16691424172228,5,188.0288566224527,65,12035.84942571195,129.88689395393044,279,Summer,Monday
2024-05-28,P002,Electronics,235.24319650388108,15,248.91833170413562,53,12467.889414705698,165.74552763873768,283,Summer,Tuesday
2024-05-29,P002,Electronics,419.27319582993715,5,451.95619676663466,0,0.0,270.5558557653064,417,Summer,Wednesday
2024-05-30,P002,Electronics,259.46371500736484,0,260.343337287424,44,11416.403460324053,177.4457189446017,95,Summer,Thursday
2024-05-31,P002,Electronics,128.90880490209477,10,129.15407376287524,87,11215.066026482245,87.22237007288791,324,Summer,Friday
2024-06-01,P002,Electronics,414.40019683094675,5,449.1252198220393,0,0.0,290.28377072507556,471,Monsoon,Saturday
2024-06-02,P002,Electronics,383.9584435484896,10,356.25174220059426,13,4991.459766130364,263.79206166148435,165,Monsoon,Sunday
2024-06-03,P002,Electronics,347.8783421617188,15,342.96231908517154,19,6609.688501072657,253.6885036890086,108,Monsoon,Monday
2024-06-04,P002,Electronics,413.3874205753263,5,374.94089180974066,4,1653.5496823013052,295.7310278039031,466,Monsoon,Tuesday
2024-06-05,P002,Electronics,147.719832240725,20,149.9395902231398,67,9897.228760128575,89.31651700887836,471,Monsoon,Wednesday
2024-06-06,P002,Electronics,330.5013180354369,5,307.3174369693472,21,6940.527678744174,238.92459573342794,118,Monsoon,Thursday
2024-06-07,P002,Electronics,420.94422039299116,10,407.29332645784257,1,420.94422039299116,257.483375262504,69,Monsoon,Friday
2024-06-08,P002,Electronics,210.10314577772658,5,214.61299266825858,66,13866.807621329954,126.06947228714753,258,Monsoon,Saturday
2024-06-09,P002,Electronics,375.54659377022244,15,368.48888704134225,16,6008.745500323559,246.16684923571697,307,Monsoon,Sunday
2024-06-10,P002,Electronics,369.5002585035435,5,366.4586313722573,10,3695.002585035435,233.6869037181789,286,Monsoon,Monday
2024-06-11,P002,Electronics,167.80806413178493,15,161.77117068912247,73,12249.9886816203,121.84105159224812,320,Monsoon,Tuesday
2024-06-12,P002,Electronics,203.14800141920344,15,207.3022126534656,55,11173.140078056189,151.71931174907306,426,Monsoon,Wednesday
2024-06-13,P002,Electronics,202.6292903960187,10,217.40816924194772,44,8915.688777424823,149.7230081271707,362,Monsoon,Thursday
2024-06-14,P002,Electronics,337.6542335895182,20,364.3096112951641,21,7090.7389053798815,249.62471893166654,388,Monsoon,Friday
2024-06-15,P002,Electronics,160.66678414304812,20,147.6699855541997,90,14460.010572874331,99.08146850657238,289,Monsoon,Saturday
2024-06-16,P002,Electronics,328.13297048049924,5,340.5586325116577,25,8203.32426201248,200.3107937754538,190,Monsoon,Sunday
2024-06-17,P002,Electronics,195.48032187959137,15,207.94629595216546,58,11337.8586690163,133.81932768952075,67,Monsoon,Monday
2024-06-18,P002,Electronics,423.7993686246245,0,384.6041048218322,0,0.0,285.57231430849816,256,Monsoon,Tuesday
2024-06-19,P002,Electronics,363.83873082352596,15,396.1732304413562,12,4366.064769882311,227.75113119218048,164,Monsoon,Wednesday
2024-06-20,P002,Electronics,221.6281139121028,10,235.31689014843795,52,11524.661923429347,151.95141364650664,301,Monsoon,Thursday
2024-06-21,P002,Electronics,317.92079131039077,20,325.6064747818026,30,9537.623739311723,236.97380854922272,187,Monsoon,Friday
2024-06-22,P002,Electronics,158.22710346100047,5,153.4390847081042,92,14556.893518412044,104.43343780646028,385,Monsoon,Saturday
2024-06-23,P002,Electronics,368.2840913336302,5,371.5230452488383,12,4419.409096003563,249.4237345130915,308,Monsoon,Sunday
2024-06-24,P002,Electronics,355.3911666452956,5,383.98027402169333,8,2843.1293331623647,215.88772329561928,180,Monsoon,Monday
2024-06-25,P002,Electronics,305.9895139928421,10,297.47118367520534,34,10403.643475756631,221.522296361449,188,Monsoon,Tuesday
2024-06-26,P002,Electronics,493.46432166399427,5,484.294960697672,0,0.0,332.98251106611696,481,Monsoon,Wednesday
2024-06-27,P002,Electronics,144.73837751905316,5,158.93436200870946,81,11723.808579043305,105.93083595501574,228,Monsoon,Thursday
2024-06-28,P002,Electronics,240.4830273545652,10,263.4216218448913,40,9619.321094182607,146.69411030553516,239,Monsoon,Friday
2024-06-29,P002,Electronics,403.17509584246636,5,439.4964792252428,0,0.0,285.2349684524119,56,Monsoon,Saturday
2024-06-30,P002,Electronics,256.07838689996095,5,275.31820264983196,50,12803.919344998047,161.6822391529187,302,Monsoon,Sunday
2024-07-01,P002,Electronics,221.00158414056463,20,211.45587556363768,62,13702.098216715007,136.71167922185518,95,Monsoon,Monday
2024-07-02,P002,Electronics,492.9580214491075,5,480.35014641727116,0,0.0,340.86060709206305,377,Monsoon,Tuesday
2024-07-03,P002,Electronics,320.3776775362412,10,314.6010180330324,27,8650.197293478512,215.8554751661101,281,Monsoon,Wednesday
2024-07-04,P002,Electronics,394.39859533220573,15,422.70949878411284,3,1183.1957859966171,289.63654791979553,420,Monsoon,Thursday
2024-07-05,P002,Electronics,128.47071954547073,20,116.59731080420849,79,10149.186844092188,88.99723318908183,478,Monsoon,Friday
2024-07-06,P002,Electronics,207.55324491173374,15,215.92176476048522,80,16604.2595929387,138.062416728102,124,Monsoon,Saturday
2024-07-07,P002,Electronics,444.9670161079072,0,425.7943520510927,0,0.0,305.39033725148903,225,Monsoon,Sunday
2024-07-08,P002,Electronics,455.88548804975903,15,489.5006346613562,0,0.0,292.5986923910324,229,Monsoon,Monday
2024-07-09,P002,Electronics,317.559368285259,5,324.2283094505638,20,6351.18736570518,209.21420205865408,192,Monsoon,Tuesday
2024-07-10,P002,Electronics,242.44235980758378,15,241.73311384511712,58,14061.65686883986,152.77808920167567,498,Monsoon,Wednesday
2024-07-11,P002,Electronics,232.89110562651354,10,248.84191415185572,46,10712.990858819623,148.48202933405153,280,Monsoon,Thursday
2024-07-12,P002,Electronics,117.76098624241214,5,122.07013378241152,88,10362.96678933227,75.09168876961898,461,Monsoon,Friday
2024-07-13,P002,Electronics,469.85899142366253,5,432.26434310656276,0,0.0,344.02059776927956,288,Monsoon,Saturday
2024-07-14,P002,Electronics,365.03330574957954,10,364.7165549637032,17,6205.566197742852,266.6748461357159,292,Monsoon,Sunday
2024-07-15,P002,Electronics,372.92218514682446,5,374.63668058712364,10,3729.2218514682445,226.17114189944218,137,Monsoon,Monday
2024-07-16,P002,Electronics,497.3680438330271,20,466.1736586807128,0,0.0,340.2376961927695,190,Monsoon,Tuesday
2024-07-17,P002,Electronics,356.13893851909484,10,335.27727919177585,18,6410.5008933437075,251.70782823681427,209,Monsoon,Wednesday
2024-07-18,P002,Electronics,481.75144008835724,5,505.1528126369982,0,0.0,324.4626675224476,191,Monsoon,Thursday
2024-07-19,P002,Electronics,325.040596959426,0,303.96872740809044,19,6175.771342229094,232.7968510625955,491,Monsoon,Friday
2024-07-20,P002,Electronics,405.4417436651981,10,409.20598030054236,2,810.8834873303962,250.54642600524127,188,Monsoon,Saturday
2024-07-21,P002,Electronics,141.41742878111359,5,154.4771975661397,81,11454.8117312702,105.61941076237292,119,Monsoon,Sunday
2024-07-22,P002,Electronics,432.9051543880595,15,462.19156607932564,0,0.0,320.55393682241186,330,Monsoon,Monday
2024-07-23,P002,Electronics,260.68381336533605,0,286.6419102367926,31,8081.198214325417,170.03776115120698,327,Monsoon,Tuesday
2024-07-24,P002,Electronics,168.51305451686054,0,176.55948644339512,67,11290.374652629656,101.85586898962319,383,Monsoon,Wednesday
2024-07-25,P002,Electronics,382.3626677306633,10,364.9780129903342,14,5353.077348229286,229.61139237032563,191,Monsoon,Thursday
2024-07-26,P002,Electronics,185.72013975389382,10,182.06684546716403,67,12443.249363510886,116.63598559809061,281,Monsoon,Friday
2024-07-27,P002,Electronics,193.20019592359853,5,204.8780395311073,59,11398.811559492313,131.2645470462427,455,Monsoon,Saturday
2024-07-28,P002,Electronics,186.34655906379544,20,171.13446734266697,87,16212.150638550203,129.11439672210054,108,Monsoon,Sunday
2024-07-29,P002,Electronics,243.56519639921225,5,243.21568403967404,39,9499.042659569277,167.0686509545201,402,Monsoon,Monday
2024-07-30,P002,Electronics,237.2994379594973,15,258.82598705974516,39,9254.678080420395,148.8983508873711,99,Monsoon,Tuesday
2024-07-31,P002,Electronics,406.34092161480373,0,411.0928285230175,0,0.0,291.760427076449,167,Monsoon,Wednesday
2024-08-01,P002,Electronics,464.4980623017199,20,437.1330182654137,0,0.0,293.1967618342333,341,Monsoon,Thursday
2024-08-02,P002,Electronics,419.2808535925309,20,421.56381701050265,2,838.5617071850618,265.3680285893718,312,Monsoon,Friday
2024-08-03,P002,Electronics,183.1552221052578,15,168.9136791939954,67,12271.399881052272,110.76793053239354,300,Monsoon,Saturday
2024-08-04,P002,Electronics,448.65470820802204,0,452.07481430943346,0,0.0,299.82584770672383,251,Monsoon,Sunday
2024-08-05,P002,Electronics,166.42577776077619,15,179.6512670366651,68,11316.952887732781,107.05650245445483,494,Monsoon,Monday
2024-08-06,P002,Electronics,348.9165503350566,10,379.3191750439612,11,3838.0820536856227,229.86067144956974,442,Monsoon,Tuesday
2024-08-07,P002,Electronics,334.7010478984481,5,348.5937178891066,17,5689.917814273618,232.04237061047374,282,Monsoon,Wednesday
2024-08-08,P002,Electronics,128.3631689327367,0,138.1381227799892,58,7445.0637980987285,87.37165988325384,156,Monsoon,Thursday
2024-08-09,P002,Electronics,115.16677762945334,0,113.24853939611675,73,8407.174766950093,79.77556124776093,441,Monsoon,Friday
2024-08-10,P002,Electronics,140.82471405513073,15,144.84503151667406,91,12815.048979016896,85.19606128259412,353,Monsoon,Saturday
2024-08-11,P002,Electronics,347.6637490880803,0,352.44259186018155,12,4171.9649890569635,232.15090490625025,275,Monsoon,Sunday
2024-08-12,P002,Electronics,334.7677426360344,20,318.56792275396765,33,11047.335506989137,204.52433692339648,286,Monsoon,Monday
2024-08-13,P002,Electronics,260.2777726371129,5,249.41910193558385,50,13013.888631855645,189.3874639201127,73,Monsoon,Tuesday
2024-08-14,P002,Electronics,351.4679706793172,15,318.6609345019002,23,8083.763325624295,237.39080118988042,429,Monsoon,Wednesday
2024-08-15,P002,Electronics,157.13131168670645,20,170.76886807487682,64,10056.403947949213,97.6772889512704,114,Monsoon,Thursday
2024-08-16,P002,Electronics,215.33657111787434,15,232.06235187810117,63,13566.203980426084,130.02713613449947,114,Monsoon,Friday
2024-08-17,P002,Electronics,492.15413945777453,0,497.6177741013939,0,0.0,353.71178469032793,347,Monsoon,Saturday
2024-08-18,P002,Electronics,326.86542371330586,20,342.8286227943373,25,8171.635592832647,222.20222269304077,308,Monsoon,Sunday
2024-08-19,P002,Electronics,183.15434876775018,0,201.00514117932488,45,8241.945694548758,131.65187359692382,350,Monsoon,Monday
2024-08-20,P002,Electronics,112.26379606007893,10,121.14263447160286,88,9879.214053286945,67.95557018031722,191,Monsoon,Tuesday
2024-08-21,P002,Electronics,129.59555368076204,15,118.27324972491297,68,8812.497650291818,82.96224601013868,196,Monsoon,Wednesday
2024-08-22,P002,Electronics,316.6668635396281,5,340.7150507093985,18,5700.003543713306,236.54079730573673,414,Monsoon,Thursday
2024-08-23,P002,Electronics,226.63778136391187,15,240.69629225288006,48,10878.613505467769,136.4615457983427,276,Monsoon,Friday
2024-08-24,P002,Electronics,439.8698472538431,0,409.77760195796606,0,0.0,299.25562949863996,211,Monsoon,Saturday
2024-08-25,P002,Electronics,440.5705577660024,5,469.09572853724893,0,0.0,302.79491554606096,288,Monsoon,Sunday
2024-08-26,P002,Electronics,352.69447072936435,10,358.60141361573426,14,4937.722590211101,257.6767647530026,371,Monsoon,Monday
2024-08-27,P002,Electronics,273.0591298512418,20,297.3809507846164,38,10376.246934347188,169.72475604514182,260,Monsoon,Tuesday
2024-08-28,P002,Electronics,235.49779769746885,20,216.51159604138394,61,14365.3656595456,149.63179880583698,450,Monsoon,Wednesday
2024-08-29,P002,Electronics,184.78363610318942,10,198.97387848131902,55,10163.099985675419,126.16220880145667,271,Monsoon,Thursday
2024-08-30,P002,Electronics,254.34215068869443,0,261.18294089583765,32,8138.948822038222,175.155090431443,363,Monsoon,Friday
2024-08-31,P002,Electronics,217.7559543756949,5,228.48957039260333,61,13283.113216917389,160.95260108548874,474,Monsoon,Saturday
2024-09-01,P002,Electronics,437.3929971257143,15,416.440785996726,0,0.0,318.69895814394255,387,Autumn,Sunday
2024-09-02,P002,Electronics,116.30930973654858,15,112.9083321343838,55,6397.012035510172,80.92637899279718,55,Autumn,Monday
2024-09-03,P002,Electronics,360.80584613565253,5,368.5926819650386,12,4329.670153627831,236.68439337823168,483,Autumn,Tuesday
2024-09-04,P002,Electronics,470.1371243080452,20,460.2504860785628,0,0.0,300.052158305304,251,Autumn,Wednesday
2024-09-05,P002,Electronics,233.160338474752,10,250.63628985325954,56,13056.978954586111,160.2252911279062,320,Autumn,Thursday
2024-09-06,P002,Electronics,129.84964856764117,5,127.12604919653852,66,8570.076805464318,84.07116618130894,66,Autumn,Friday
2024-09-07,P002,Electronics,292.3125671796453,0,269.60279841872307,41,11984.815254365458,183.17932739554465,134,Autumn,Saturday
2024-09-08,P002,Electronics,494.14304390989565,15,495.79114859058376,0,0.0,370.0050123488462,394,Autumn,Sunday
2024-09-09,P002,Electronics,165.63331408646224,0,152.56957771139872,79,13085.031812830517,123.77199545799834,159,Autumn,Monday
2024-09-10,P002,Electronics,216.40271775166588,0,212.2044945989925,66,14282.579371609947,153.2960311855499,199,Autumn,Tuesday
2024-09-11,P002,Electronics,329.57812888026774,0,339.3393835442653,17,5602.828190964552,240.41412762341076,469,Autumn,Wednesday
2024-09-12,P002,Electronics,476.4108330630299,20,476.54155396135974,0,0.0,329.1083391134697,185,Autumn,Thursday
2024-09-13,P002,Electronics,482.65372914557474,5,450.90878732343003,0,0.0,349.65254329906793,373,Autumn,Friday
2024-09-14,P002,Electronics,183.31254345003202,10,167.77686274549993,91,16681.441453952913,135.30568706942796,443,Autumn,Saturday
2024-09-15,P002,Electronics,121.03474408575083,20,116.68358692285051,99,11982.439664489331,80.9858263425051,182,Autumn,Sunday
2024-09-16,P002,Electronics,489.03581470062295,20,511.1481321066732,0,0.0,328.48669962623273,471,Autumn,Monday
2024-09-17,P002,Electronics,299.37673617399776,15,286.88119705436566,42,12573.822919307906,206.63886250722078,142,Autumn,Tuesday
2024-09-18,P002,Electronics,128.2672761232314,10,128.72569359877602,82,10517.916642104974,92.96643195614851,142,Autumn,Wednesday
2024-09-19,P002,Electronics,137.43565282896904,15,132.21041053152197,99,13606.129630067935,97.73350101809649,166,Autumn,Thursday
2024-09-20,P002,Electronics,272.56228146791415,0,273.0885674113396,33,8994.555288441166,192.85205705762144,104,Autumn,Friday
2024-09-21,P002,Electronics,103.07912118188511,0,107.28727175945647,100,10307.912118188511,72.0805899419986,403,Autumn,Saturday
2024-09-22,P002,Electronics,178.77646929795657,10,184.55388195466767,83,14838.446951730395,111.6331661350101,168,Autumn,Sunday
2024-09-23,P002,Electronics,448.121511399937,0,489.60292172394196,0,0.0,311.0141527831148,299,Autumn,Monday
2024-09-24,P002,Electronics,310.8439301414538,15,320.1188468557338,30,9325.317904243615,197.8944115083003,296,Autumn,Tuesday
2024-09-25,P002,Electronics,315.13131165069944,0,311.9381528419985,27,8508.545414568885,231.33268500008617,421,Autumn,Wednesday
2024-09-26,P002,Electronics,229.9499468397155,5,245.35356476940618,57,13107.146969863783,148.41170071861683,77,Autumn,Thursday
2024-09-27,P002,Electronics,473.17801412965764,20,447.07844345456465,0,0.0,331.7211453836378,170,Autumn,Friday
2024-09-28,P002,Electronics,412.1352990500628,0,372.34454142901734,4,1648.5411962002513,279.759786856004,126,Autumn,Saturday
2024-09-29,P002,Electronics,270.78655767640373,10,278.96260965723303,43,11643.82198008536,178.65232456092585,155,Autumn,Sunday
2024-09-30,P002,Electronics,483.4216031798112,15,496.5999344055032,0,0.0,351.63619103798777,460,Autumn,Monday
2024-10-01,P002,Electronics,270.97426782051883,0,296.0654145674887,27,7316.305231154009,178.4661886807047,55,Autumn,Tuesday
2024-10-02,P002,Electronics,110.42222111802803,0,116.83793725853657,74,8171.2443627340745,75.63814569183339,429,Autumn,Wednesday
2024-10-03,P002,Electronics,338.5519330809463,20,313.9358977451558,34,11510.765724752175,231.99127860962045,124,Autumn,Thursday
