synthetic_retail_demand.csv
date,product_id,category,price,discount_pct,competitor_price,units_sold,revenue,cost,inventory_level,season,day_of_week
2024-10-04,P002,Electronics,172.25749328987797,5,180.27574247172447,82,14125.114449769993,108.4725362008335,218,Autumn,Friday
2024-10-05,P002,Electronics,251.8616063474693,0,246.40870623828192,54,13600.526742763343,181.09559486595967,175,Autumn,Saturday
2024-10-06,P002,Electronics,407.0380473012705,5,366.4275316723493,11,4477.418520313976,261.4652243651893,241,Autumn,Sunday
2024-10-07,P002,Electronics,462.0535499376743,15,440.25082643588496,0,0.0,329.16659705536705,434,Autumn,Monday
2024-10-08,P002,Electronics,326.18885262010014,20,325.28626774031096,36,11742.798694323605,211.26016859747781,130,Autumn,Tuesday
2024-10-09,P002,Electronics,290.3932219442188,0,275.01141647637166,41,11906.122099712971,207.06293607111428,435,Autumn,Wednesday
2024-10-10,P002,Electronics,467.96054657476856,20,458.2964098615443,0,0.0,318.33221237097337,351,Autumn,Thursday
2024-10-11,P002,Electronics,158.74875033328294,5,167.66489652783514,67,10636.166272329958,111.58915857632799,456,Autumn,Friday
2024-10-12,P002,Electronics,141.12575449242144,20,141.74252892322616,99,13971.449694749723,87.54701122755768,141,Autumn,Saturday
2024-10-13,P002,Electronics,353.9656176550574,10,384.7164288027087,17,6017.415500135975,225.15127383820777,419,Autumn,Sunday
2024-10-14,P002,Electronics,174.07037553802365,5,163.285695863617,83,14447.841169655963,123.54176128530308,140,Autumn,Monday
2024-10-15,P002,Electronics,247.43947807446358,5,248.87568314667757,56,13856.610772169961,162.6459949137054,254,Autumn,Tuesday
2024-10-16,P002,Electronics,111.09012990473968,5,116.15367097385521,88,9775.931431617093,82.80004035288582,128,Autumn,Wednesday
2024-10-17,P002,Electronics,158.60133620216743,5,143.3353324515986,76,12053.701551364724,104.47708895731657,106,Autumn,Thursday
2023-01-01,P003,Clothing,108.23379771832097,5,113.0393517605696,111,12013.951546733628,80.17774723933151,435,Winter,Sunday
2023-01-02,P003,Clothing,254.16660101596645,5,233.71493876057914,64,16266.662465021853,178.58633800729925,416,Winter,Monday
2023-01-03,P003,Clothing,486.1021229056552,15,490.2530542382515,0,0.0,301.93680848275307,64,Winter,Tuesday
2023-01-04,P003,Clothing,147.83769837532068,10,155.54847064696435,85,12566.204361902259,101.14930838107608,304,Winter,Wednesday
2023-01-05,P003,Clothing,187.37617488673345,15,202.08741559761725,77,14427.965466278476,127.58468786878855,397,Winter,Thursday
2023-01-06,P003,Clothing,159.23477198135996,0,151.80745757864017,72,11464.903582657917,118.86752215965573,269,Winter,Friday
2023-01-07,P003,Clothing,188.09641902621934,5,188.5513512184534,79,14859.617103071327,119.24830805162657,401,Winter,Saturday
2023-01-08,P003,Clothing,454.8345697060469,0,467.75475023869234,0,0.0,278.6412065396689,469,Winter,Sunday
2023-01-09,P003,Clothing,335.94833902421755,20,335.05754868575593,39,13101.985221944484,247.2293608234163,76,Winter,Monday
2023-01-10,P003,Clothing,440.45466860674276,10,411.33997606064236,0,0.0,301.0596584944319,272,Winter,Tuesday
2023-01-11,P003,Clothing,418.31706777444043,15,450.66277819451136,0,0.0,252.72312571940483,403,Winter,Wednesday
2023-01-12,P003,Clothing,490.34083178501385,15,511.3857801611317,0,0.0,297.2250611207041,169,Winter,Thursday
2023-01-13,P003,Clothing,163.45857905699643,0,158.2893540572853,70,11442.10053398975,100.32594916269159,96,Winter,Friday
2023-01-14,P003,Clothing,255.26797048260877,15,236.3015783096116,92,23484.653284400007,184.22194886592752,476,Winter,Saturday
2023-01-15,P003,Clothing,421.39237215393945,0,425.4353692896602,0,0.0,279.60253702998597,457,Winter,Sunday
2023-01-16,P003,Clothing,482.72035405058256,15,489.81034672170256,0,0.0,335.3823148444903,422,Winter,Monday
2023-01-17,P003,Clothing,258.66064078170075,10,269.32999010820964,48,12415.710757521636,158.35264362816702,214,Winter,Tuesday
2023-01-18,P003,Clothing,372.4157708387636,15,406.8398400188961,8,2979.3261667101087,244.3906198789723,418,Winter,Wednesday
2023-01-19,P003,Clothing,282.26270111428516,15,272.985294312014,52,14677.660457942828,176.54176686832727,213,Winter,Thursday
2023-01-20,P003,Clothing,264.50204663414763,0,263.46361592982566,50,13225.102331707381,197.79275451865394,316,Winter,Friday
2023-01-21,P003,Clothing,451.2882669916769,5,438.4863667569231,0,0.0,278.46004154313385,203,Winter,Saturday
2023-01-22,P003,Clothing,239.30218680932015,0,252.87794405812164,66,15793.94432941513,157.81534533153192,296,Winter,Sunday
2023-01-23,P003,Clothing,306.09442194568436,5,312.33479314046735,30,9182.832658370531,193.9344957321621,326,Winter,Monday
2023-01-24,P003,Clothing,183.7397293346841,5,193.29255663013993,86,15801.616722782834,124.88603147679306,435,Winter,Tuesday
2023-01-25,P003,Clothing,359.5291361166304,5,329.8262977223834,25,8988.22840291576,244.68329931737023,83,Winter,Wednesday
2023-01-26,P003,Clothing,498.90221390735775,5,506.4853696866978,0,0.0,367.9949337040051,384,Winter,Thursday
2023-01-27,P003,Clothing,234.64171127756822,5,236.92257503085494,57,13374.57754282139,160.105025674394,435,Winter,Friday
2023-01-28,P003,Clothing,419.8148523678062,10,391.62561147252154,7,2938.7039665746433,303.18449630815644,428,Winter,Saturday
2023-01-29,P003,Clothing,155.7088290653549,20,155.5663127105541,133,20709.274265692202,110.74309897989173,460,Winter,Sunday
2023-01-30,P003,Clothing,326.2033389291895,5,310.0105437872057,39,12721.93021823839,212.637081457827,60,Winter,Monday
2023-01-31,P003,Clothing,149.12431273829353,20,163.5846348547872,112,16701.923026688874,108.23960273278402,231,Winter,Tuesday
2023-02-01,P003,Clothing,267.57017980181917,0,260.20632197078123,43,11505.517731478225,183.84432727230214,199,Winter,Wednesday
2023-02-02,P003,Clothing,313.7823565028988,0,307.5545963807638,27,8472.123625578268,214.6102031945326,368,Winter,Thursday
2023-02-03,P003,Clothing,388.9067727422637,10,424.89226342038046,1,388.9067727422637,288.4371644234579,231,Winter,Friday
2023-02-04,P003,Clothing,145.69517036815873,10,157.19204115145294,113,16463.554251601938,104.89735938866194,258,Winter,Saturday
2023-02-05,P003,Clothing,154.7542520275229,0,147.52717873130013,112,17332.476227082567,109.84885273434165,147,Winter,Sunday
2023-02-06,P003,Clothing,393.02883888410014,0,374.94253386340864,7,2751.201872188701,267.6433704165981,276,Winter,Monday
2023-02-07,P003,Clothing,480.094941528321,0,449.8617239046377,0,0.0,327.08155046385576,265,Winter,Tuesday
2023-02-08,P003,Clothing,289.6856866629855,15,309.64789248377565,35,10138.999033204493,187.67723795368474,152,Winter,Wednesday
2023-02-09,P003,Clothing,475.6270794051585,10,434.7259763478971,0,0.0,286.05297700713714,78,Winter,Thursday
2023-02-10,P003,Clothing,419.19572885735334,20,384.77229802804885,15,6287.9359328603,277.7746489637093,489,Winter,Friday
2023-02-11,P003,Clothing,258.4968075610635,5,258.04114701138525,52,13441.833993175303,193.73052713237516,52,Winter,Saturday
2023-02-12,P003,Clothing,373.30350546383835,20,409.9973985555706,15,5599.552581957575,227.4267815094256,350,Winter,Sunday
2023-02-13,P003,Clothing,151.5479469893781,10,143.3226870622837,109,16518.72622184221,111.58554087057675,131,Winter,Monday
2023-02-14,P003,Clothing,478.9191553025352,0,504.8750689984843,0,0.0,338.2537990688184,423,Winter,Tuesday
2023-02-15,P003,Clothing,219.34977239599704,5,231.3184953362229,74,16231.88315730378,139.1791968893691,76,Winter,Wednesday
2023-02-16,P003,Clothing,161.46321526444507,10,172.59717698064654,99,15984.858311180062,115.30953622932252,436,Winter,Thursday
2023-02-17,P003,Clothing,388.75505117077404,10,403.91508979447366,7,2721.285358195418,283.4095696823271,151,Winter,Friday
2023-02-18,P003,Clothing,180.06009769792405,15,165.81978703746626,89,16025.34869511524,125.22541255536564,172,Winter,Saturday
2023-02-19,P003,Clothing,231.6069751258649,15,242.92232221966898,85,19686.592885698516,169.25256798855014,358,Winter,Sunday
2023-02-20,P003,Clothing,116.04367656499299,0,116.3685029564414,111,12880.848098714223,79.86227437325873,299,Winter,Monday
2023-02-21,P003,Clothing,448.29996050900456,0,462.88058310047535,0,0.0,275.3858358435158,194,Winter,Tuesday
2023-02-22,P003,Clothing,114.66857077341719,20,111.38290463030825,131,15021.582771317651,77.97769995875385,354,Winter,Wednesday
2023-02-23,P003,Clothing,355.64797512620015,0,361.3463255810078,14,4979.0716517668025,226.95095363589792,476,Winter,Thursday
2023-02-24,P003,Clothing,472.3794782027911,15,489.0557384166439,0,0.0,298.7097643143158,191,Winter,Friday
2023-02-25,P003,Clothing,148.08362214824336,0,143.00083626756114,113,16733.4493027515,102.84871241325958,248,Winter,Saturday
2023-02-26,P003,Clothing,257.7461295273401,5,268.85451897797486,54,13918.290994476365,174.79958975024942,70,Winter,Sunday
2023-02-27,P003,Clothing,172.45973981387212,15,161.47192787965426,85,14659.07788417913,117.06127496437234,120,Winter,Monday
2023-02-28,P003,Clothing,220.82420073391802,10,236.33375582814554,55,12145.33104036549,154.73454284067074,394,Winter,Tuesday
2023-03-01,P003,Clothing,387.03910626327047,0,349.5598718803555,10,3870.3910626327047,252.02574049213518,351,Summer,Wednesday
2023-03-02,P003,Clothing,367.79478207927605,15,379.6995039917838,15,5516.921731189141,251.44934381342196,403,Summer,Thursday
2023-03-03,P003,Clothing,308.3831909088169,5,326.1400176725292,29,8943.112536355691,225.02811760040473,321,Summer,Friday
2023-03-04,P003,Clothing,315.89304750397713,20,308.3509931790429,52,16426.43847020681,231.13772605973023,207,Summer,Saturday
2023-03-05,P003,Clothing,148.7047644501099,20,134.60195871368524,96,14275.657387210551,92.23783934862045,117,Summer,Sunday
2023-03-06,P003,Clothing,221.31005902703822,10,207.04735108201103,67,14827.77395481156,155.74534032155464,146,Summer,Monday
2023-03-07,P003,Clothing,404.115929248854,5,379.0360782927346,5,2020.57964624427,279.98858117544455,62,Summer,Tuesday
2023-03-08,P003,Clothing,482.13387460157134,0,497.43604646553814,0,0.0,357.46594945663253,179,Summer,Wednesday
2023-03-09,P003,Clothing,104.84339009395498,20,105.02328645201128,99,10379.495619301542,69.00155376430871,464,Summer,Thursday
2023-03-10,P003,Clothing,228.88620137785134,15,219.40216597210812,66,15106.489290938189,170.97697374920318,423,Summer,Friday
2023-03-11,P003,Clothing,284.215798909656,15,258.8556896846475,74,21031.96911931454,184.17438849561987,199,Summer,Saturday
2023-03-12,P003,Clothing,424.70088674628397,15,443.93658499079953,0,0.0,318.0039169210499,153,Summer,Sunday
2023-03-13,P003,Clothing,247.32381220273933,20,254.41533676932218,51,12613.514422339706,177.34600447347984,276,Summer,Monday
2023-03-14,P003,Clothing,233.69532747842433,5,243.40214028948506,55,12853.243011313338,167.8615413505802,241,Summer,Tuesday
2023-03-15,P003,Clothing,380.10078377780843,20,395.1277358678548,16,6081.612540444935,281.0626884164094,100,Summer,Wednesday
2023-03-16,P003,Clothing,213.0982758315048,5,203.81516406416574,60,12785.896549890287,136.22431999581687,212,Summer,Thursday
2023-03-17,P003,Clothing,431.1473501288691,0,430.6714610053032,0,0.0,322.03802244938663,118,Summer,Friday
2023-03-18,P003,Clothing,166.30981606531032,5,171.77102843761892,92,15300.503078008549,105.1765841675939,379,Summer,Saturday
2023-03-19,P003,Clothing,408.80499052399614,5,373.25568393406985,9,3679.244914715965,273.7316136296302,93,Summer,Sunday
2023-03-20,P003,Clothing,210.7617949511236,0,214.8974737257613,57,12013.422312214045,127.51247514583882,57,Summer,Monday
2023-03-21,P003,Clothing,456.10322120712084,20,499.29230934161063,0,0.0,296.7070384140534,314,Summer,Tuesday
2023-03-22,P003,Clothing,348.37142699137246,0,372.16154125354257,10,3483.714269913725,233.65030364920653,320,Summer,Wednesday
2023-03-23,P003,Clothing,415.37893730131947,20,448.5134981508631,0,0.0,289.77469453790303,183,Summer,Thursday
2023-03-24,P003,Clothing,323.6739227317306,15,344.997215392084,28,9062.869836488457,207.87251423250308,480,Summer,Friday
2023-03-25,P003,Clothing,417.8313114800761,15,424.7511691805659,1,417.8313114800761,313.08753132104835,99,Summer,Saturday
2023-03-26,P003,Clothing,381.05350923420656,15,394.49908613230053,13,4953.695620044686,236.15944257145733,309,Summer,Sunday
2023-03-27,P003,Clothing,102.20231966416833,0,96.45995578900684,90,9198.20876977515,61.88434306282291,429,Summer,Monday
2023-03-28,P003,Clothing,368.37720189700315,20,376.3271660643693,21,7735.921239837066,238.12119956063628,350,Summer,Tuesday
2023-03-29,P003,Clothing,358.4384700020252,5,348.53983255763694,18,6451.8924600364535,246.98171185636215,315,Summer,Wednesday
2023-03-30,P003,Clothing,438.2417451959627,10,432.1003198102543,0,0.0,307.1833571760929,424,Summer,Thursday
2023-03-31,P003,Clothing,236.24166663251665,10,231.97178253544212,68,16064.433331011132,152.77338093735597,343,Summer,Friday
2023-04-01,P003,Clothing,482.3675315821277,20,479.85984059621103,0,0.0,321.55543725532345,323,Summer,Saturday
2023-04-02,P003,Clothing,323.08353050001756,10,301.4525744588275,41,13246.42475050072,222.1030182947785,174,Summer,Sunday
2023-04-03,P003,Clothing,149.92832558673933,0,155.34841126103964,61,9145.627860791099,100.4545736400194,61,Summer,Monday
2023-04-04,P003,Clothing,180.18980621136112,0,164.3140596840812,86,15496.323334177056,108.1995058300962,386,Summer,Tuesday
2023-04-05,P003,Clothing,100.92701916192554,10,105.72851145350506,50,5046.350958096277,73.1843706559509,50,Summer,Wednesday
2023-04-06,P003,Clothing,436.8297749594317,15,454.9220828117423,0,0.0,265.38889756839666,499,Summer,Thursday
2023-04-07,P003,Clothing,349.913545115761,15,359.50753327693434,24,8397.925082778263,237.57092133570734,227,Summer,Friday
2023-04-08,P003,Clothing,226.50805989172272,10,241.30876064355454,81,18347.15285122954,140.31936220430256,186,Summer,Saturday
2023-04-09,P003,Clothing,477.59292214528386,0,439.8979381526349,0,0.0,342.5647848118437,189,Summer,Sunday
2023-04-10,P003,Clothing,360.65590419091063,5,377.75795834623415,11,3967.214946100017,269.1173861546765,477,Summer,Monday
2023-04-11,P003,Clothing,485.3996963550353,15,475.4633295975896,0,0.0,346.74350371384367,168,Summer,Tuesday
2023-04-12,P003,Clothing,459.4242418699357,0,469.1775028942681,0,0.0,295.7183539189862,94,Summer,Wednesday
2023-04-13,P003,Clothing,226.0588156530213,10,210.0973773026531,77,17406.52880528264,163.1395412086889,409,Summer,Thursday
2023-04-14,P003,Clothing,348.3634360870832,5,351.62827319586364,15,5225.451541306248,218.43996544289692,272,Summer,Friday
2023-04-15,P003,Clothing,105.2118271028335,15,112.1430060837695,146,15360.92675701369,74.68128983108562,174,Summer,Saturday
2023-04-16,P003,Clothing,423.23171294233197,5,424.47462742763116,0,0.0,305.25219758727053,327,Summer,Sunday
2023-04-17,P003,Clothing,362.65242948315046,5,391.8268312715795,7,2538.567006382053,265.31772933292746,453,Summer,Monday
2023-04-18,P003,Clothing,455.5549696014519,5,428.6480808132293,0,0.0,313.7268338605857,90,Summer,Tuesday
2023-04-19,P003,Clothing,336.1724359290773,15,337.68589641082673,25,8404.310898226933,204.4584494660413,187,Summer,Wednesday
2023-04-20,P003,Clothing,188.19537387564256,20,189.79394315074822,66,12420.89467579241,117.14036943429497,321,Summer,Thursday
2023-04-21,P003,Clothing,284.68645752524765,0,263.16589760043126,40,11387.458301009905,176.15509444554152,175,Summer,Friday
2023-04-22,P003,Clothing,488.10284389042283,20,448.8119634344563,0,0.0,333.78771191181943,462,Summer,Saturday
2023-04-23,P003,Clothing,369.6079676235171,15,346.4641841637214,25,9240.199190587928,222.862275531535,102,Summer,Sunday
2023-04-24,P003,Clothing,210.52764338634145,5,227.99011624049797,61,12842.18624656683,126.67913546803841,111,Summer,Monday
2023-04-25,P003,Clothing,339.6178348601526,15,311.9114894749085,27,9169.68154122412,231.9613084131906,358,Summer,Tuesday
2023-04-26,P003,Clothing,254.24540514625923,0,256.3805618667533,45,11441.043231581665,188.38255496552244,187,Summer,Wednesday
2023-04-27,P003,Clothing,361.5976369359205,20,388.896092312791,14,5062.366917102887,257.0266640094399,96,Summer,Thursday
2023-04-28,P003,Clothing,333.7795639029704,0,322.67183322411023,28,9345.82778928317,243.5853170697111,402,Summer,Friday
2023-04-29,P003,Clothing,362.0694858097352,0,392.7749239986465,5,1810.347429048676,223.31797508174375,462,Summer,Saturday
2023-04-30,P003,Clothing,192.71343611574002,0,177.39533740514088,86,16573.35550595364,126.9807353200625,158,Summer,Sunday
2023-05-01,P003,Clothing,196.6147366806727,5,201.9091490729023,69,13566.416830966416,135.1375497239826,211,Summer,Monday
2023-05-02,P003,Clothing,157.13678592573274,5,157.52286337955658,95,14927.99466294461,96.97584634161915,331,Summer,Tuesday
2023-05-03,P003,Clothing,173.37687856137381,5,170.06776086745595,64,11096.120227927924,116.62224585367747,188,Summer,Wednesday
2023-05-04,P003,Clothing,127.4854710895844,15,126.57365725800325,92,11728.663340241765,90.31206707650934,171,Summer,Thursday
2023-05-05,P003,Clothing,238.78506389382338,20,222.4845865029593,65,15521.02915309852,152.5202949158467,436,Summer,Friday
2023-05-06,P003,Clothing,483.3991342670961,0,461.35091684483524,0,0.0,340.2423361182239,288,Summer,Saturday
2023-05-07,P003,Clothing,443.2481577004414,0,478.52354700697003,0,0.0,324.99740728005446,281,Summer,Sunday
2023-05-08,P003,Clothing,225.11119568414162,20,213.0460541136825,74,16658.22848062648,135.55233108862808,457,Summer,Monday
2023-05-09,P003,Clothing,297.6590682551531,0,295.34726345710885,28,8334.453911144286,220.56232416626193,63,Summer,Tuesday
2023-05-10,P003,Clothing,374.1581373784023,0,382.3669742324642,6,2244.9488242704138,263.7612581579474,317,Summer,Wednesday
2023-05-11,P003,Clothing,250.17644386716506,0,275.05588577793725,47,11758.292861756758,151.23263620582563,283,Summer,Thursday
2023-05-12,P003,Clothing,403.71700276738943,15,385.8217203070019,11,4440.887030441284,290.5728821964671,159,Summer,Friday
2023-05-13,P003,Clothing,169.6973606581518,0,167.7202673345201,99,16800.03870515703,126.87171591320826,362,Summer,Saturday
2023-05-14,P003,Clothing,419.88716544748786,15,412.8452686692825,4,1679.5486617899514,284.2961985291643,446,Summer,Sunday
