synthetic_retail_demand.csv
date,product_id,category,price,discount_pct,competitor_price,units_sold,revenue,cost,inventory_level,season,day_of_week
2023-05-15,P003,Clothing,134.80688732111548,0,140.99354663391057,74,9975.709661762547,92.47529758027169,374,Summer,Monday
2023-05-16,P003,Clothing,414.32505818734927,20,411.6790999948783,5,2071.6252909367463,277.57496462226214,238,Summer,Tuesday
2023-05-17,P003,Clothing,164.27183388473807,10,172.6081060983876,66,10841.941036392713,103.87320606025165,337,Summer,Wednesday
2023-05-18,P003,Clothing,193.77024000460588,10,185.72941159810983,80,15501.61920036847,125.91787698476297,499,Summer,Thursday
2023-05-19,P003,Clothing,439.8136861951605,5,426.0375518306744,0,0.0,318.9466260371196,496,Summer,Friday
2023-05-20,P003,Clothing,445.98504204608076,15,438.0641237151777,0,0.0,294.5111010986299,400,Summer,Saturday
2023-05-21,P003,Clothing,118.09967560755514,15,123.60312302345864,67,7912.678265706195,82.52795921757597,67,Summer,Sunday
2023-05-22,P003,Clothing,169.00955077854482,10,177.39786073626786,90,15210.859570069033,115.63436597062946,430,Summer,Monday
2023-05-23,P003,Clothing,322.9242301257234,20,296.10139063329257,49,15823.287276160447,216.36051559041937,127,Summer,Tuesday
2023-05-24,P003,Clothing,195.65701817380926,10,206.3622785098442,58,11348.107054080938,118.68673230084408,468,Summer,Wednesday
2023-05-25,P003,Clothing,451.7320862713896,10,427.4632891629138,0,0.0,305.08363075753505,220,Summer,Thursday
2023-05-26,P003,Clothing,200.46770701936052,5,190.42439837307808,82,16438.351975587564,136.74317734629213,278,Summer,Friday
2023-05-27,P003,Clothing,221.79701309958034,0,207.65449381300155,71,15747.587930070204,153.79693457017748,224,Summer,Saturday
2023-05-28,P003,Clothing,470.58551918247394,5,510.7656492796159,0,0.0,297.4357991443648,321,Summer,Sunday
2023-05-29,P003,Clothing,227.0218319478007,15,241.4288786008843,54,12259.178925181239,167.89621223690742,257,Summer,Monday
2023-05-30,P003,Clothing,371.8788867333381,20,396.2262849680597,16,5950.06218773341,255.75070293066938,324,Summer,Tuesday
2023-05-31,P003,Clothing,162.4806031722397,15,177.9903494373202,91,14785.734888673815,116.83536855314712,433,Summer,Wednesday
2023-06-01,P003,Clothing,360.83722475266023,20,379.9878207057734,16,5773.395596042564,230.19753324864385,329,Monsoon,Thursday
2023-06-02,P003,Clothing,342.3987869084102,15,356.1894654442638,18,6163.178164351384,211.2655718693881,385,Monsoon,Friday
2023-06-03,P003,Clothing,135.95074069446426,5,125.82202115361865,87,11827.714440418391,97.88874126807774,363,Monsoon,Saturday
2023-06-04,P003,Clothing,150.50845484309275,15,163.27922590931118,91,13696.26939072144,100.70527854801598,93,Monsoon,Sunday
2023-06-05,P003,Clothing,292.01895092403424,15,268.46148045581816,39,11388.739086037336,182.95995985461258,103,Monsoon,Monday
2023-06-06,P003,Clothing,347.6690941463347,20,359.74723901678465,20,6953.381882926695,248.6267999662771,101,Monsoon,Tuesday
2023-06-07,P003,Clothing,361.17986325513687,15,389.92510622921725,10,3611.7986325513684,260.5871766588817,492,Monsoon,Wednesday
2023-06-08,P003,Clothing,200.3516399562801,5,203.73931023398853,62,12421.801677289366,149.34176618424738,75,Monsoon,Thursday
2023-06-09,P003,Clothing,310.1033675126333,5,303.991960685995,23,7132.377452790566,201.7881875847796,50,Monsoon,Friday
2023-06-10,P003,Clothing,345.76000297252955,5,343.67959076151124,17,5877.920050533003,233.5171888433201,79,Monsoon,Saturday
2023-06-11,P003,Clothing,449.54998220840736,15,477.8164964137734,0,0.0,288.6336617783273,239,Monsoon,Sunday
2023-06-12,P003,Clothing,446.5169743928725,15,438.93734335279885,0,0.0,268.87003354492987,482,Monsoon,Monday
2023-06-13,P003,Clothing,321.31625584920005,20,353.0997024346521,29,9318.171419626802,202.51801293144203,383,Monsoon,Tuesday
2023-06-14,P003,Clothing,101.67497745118314,0,92.63436154762533,81,8235.673173545834,66.05538324353039,209,Monsoon,Wednesday
2023-06-15,P003,Clothing,484.6463228184663,20,457.9575668688293,0,0.0,319.81805367735427,100,Monsoon,Thursday
2023-06-16,P003,Clothing,392.06938132427064,20,386.8981568195464,11,4312.763194566977,242.74408270750638,114,Monsoon,Friday
2023-06-17,P003,Clothing,305.2700329128144,20,304.5482326234196,48,14652.96157981509,189.26049653057714,150,Monsoon,Saturday
2023-06-18,P003,Clothing,456.26338218473694,5,467.8495916584917,0,0.0,329.084176781972,74,Monsoon,Sunday
2023-06-19,P003,Clothing,367.55061241627413,0,352.37332972137966,9,3307.955511746467,235.19550969939286,192,Monsoon,Monday
2023-06-20,P003,Clothing,225.03920996332005,15,211.9729958409644,66,14852.587857579123,167.9882041534257,390,Monsoon,Tuesday
2023-06-21,P003,Clothing,463.70107777479694,15,491.06482192880856,0,0.0,300.7377965765499,84,Monsoon,Wednesday
2023-06-22,P003,Clothing,304.22816349140146,10,292.4269806069667,37,11256.442049181855,185.44310307379098,124,Monsoon,Thursday
2023-06-23,P003,Clothing,434.5768769879479,20,446.40148281919755,0,0.0,286.9376270704263,214,Monsoon,Friday
2023-06-24,P003,Clothing,351.85133797543705,20,337.65571659859205,30,10555.540139263112,252.04018922390497,401,Monsoon,Saturday
2023-06-25,P003,Clothing,369.41863125255634,10,366.31762904988364,18,6649.535362546014,235.8727177505556,179,Monsoon,Sunday
2023-06-26,P003,Clothing,249.92996973999908,0,260.8628120258415,44,10996.91866855996,154.10445496192506,277,Monsoon,Monday
2023-06-27,P003,Clothing,259.4569976852256,5,238.5638023041043,50,12972.849884261279,183.16517224232126,383,Monsoon,Tuesday
2023-06-28,P003,Clothing,124.09077796011898,5,119.07915352146772,86,10671.806904570232,80.41829350455568,256,Monsoon,Wednesday
2023-06-29,P003,Clothing,179.6878743348306,15,172.10391489989487,68,12218.775454768482,117.97552750659142,255,Monsoon,Thursday
2023-06-30,P003,Clothing,382.3824946320029,5,402.5352637673845,3,1147.1474838960087,235.6632418585571,136,Monsoon,Friday
2023-07-01,P003,Clothing,270.39900778737126,10,256.20215702540753,59,15953.541459454904,174.4032064099543,497,Monsoon,Saturday
2023-07-02,P003,Clothing,192.63960990555955,0,173.60862892301233,80,15411.168792444765,129.56536251496166,367,Monsoon,Sunday
2023-07-03,P003,Clothing,121.80477097513051,20,115.88658634728887,93,11327.843700687137,81.57940921281212,296,Monsoon,Monday
2023-07-04,P003,Clothing,108.00929189287504,5,109.81135173243688,85,9180.78981089438,72.32632610875434,183,Monsoon,Tuesday
2023-07-05,P003,Clothing,115.70602065946409,0,112.41907166749658,87,10066.423797373376,75.21459848141603,386,Monsoon,Wednesday
2023-07-06,P003,Clothing,242.43723406656866,20,227.0093844315838,59,14303.796809927551,161.1121438897095,427,Monsoon,Thursday
2023-07-07,P003,Clothing,122.92412400419472,5,114.71906977262825,91,11186.09528438172,80.75630757841594,263,Monsoon,Friday
2023-07-08,P003,Clothing,422.04674052647107,15,409.1323073969824,3,1266.1402215794133,312.28510950994314,265,Monsoon,Saturday
2023-07-09,P003,Clothing,145.69485543655833,5,145.83797007253287,81,11801.283290361225,104.21728858760453,81,Monsoon,Sunday
2023-07-10,P003,Clothing,488.02978266668276,15,489.65273467446525,0,0.0,313.6518890084609,138,Monsoon,Monday
2023-07-11,P003,Clothing,341.2852248398017,5,307.8768907953666,22,7508.274946475637,224.94570686340072,137,Monsoon,Tuesday
2023-07-12,P003,Clothing,280.11072417663627,20,260.3885949820435,39,10924.318242888814,209.4382763232424,473,Monsoon,Wednesday
2023-07-13,P003,Clothing,210.2267105236714,0,198.25033118824445,62,13034.056052467626,145.92260316172155,150,Monsoon,Thursday
2023-07-14,P003,Clothing,257.5020566261627,0,238.61914587828352,37,9527.57609516802,163.86958148215058,77,Monsoon,Friday
2023-07-15,P003,Clothing,332.82805244968944,20,357.0823154182707,25,8320.701311242236,222.50660653538495,497,Monsoon,Saturday
2023-07-16,P003,Clothing,305.2759566839319,15,322.37434622166273,28,8547.726787150094,204.7620024852115,56,Monsoon,Sunday
2023-07-17,P003,Clothing,271.3407202275385,10,286.72582060709703,38,10310.947368646463,163.23233202438,383,Monsoon,Monday
2023-07-18,P003,Clothing,428.23671572965924,10,392.48513011024085,3,1284.7101471889778,266.86775334983963,176,Monsoon,Tuesday
2023-07-19,P003,Clothing,393.2641512547198,5,376.551305689624,8,3146.1132100377586,267.7078914852621,130,Monsoon,Wednesday
2023-07-20,P003,Clothing,330.59556125594634,10,319.8830452046978,22,7273.102347630819,233.34211735365986,262,Monsoon,Thursday
2023-07-21,P003,Clothing,305.5821786762832,15,326.20589516809,26,7945.136645583363,198.15429086704242,461,Monsoon,Friday
2023-07-22,P003,Clothing,296.8368041400392,20,311.0601063357613,44,13060.819382161724,187.49562669923347,93,Monsoon,Saturday
2023-07-23,P003,Clothing,448.63435314496263,10,475.5647592034567,0,0.0,285.44308593049135,217,Monsoon,Sunday
2023-07-24,P003,Clothing,494.94738892488,0,455.788672931736,0,0.0,339.2109453093725,62,Monsoon,Monday
2023-07-25,P003,Clothing,383.0482342962141,10,392.32614708000546,7,2681.3376400734987,247.1695373539456,263,Monsoon,Tuesday
2023-07-26,P003,Clothing,142.6847276409417,15,153.18631194924745,78,11129.408755993452,103.33625786463904,329,Monsoon,Wednesday
2023-07-27,P003,Clothing,378.67559514927876,10,357.6977111645053,16,6058.80952238846,250.37439261603876,151,Monsoon,Thursday
2023-07-28,P003,Clothing,126.42212312886403,0,138.58506569015233,76,9608.081357793666,88.40340148969429,267,Monsoon,Friday
2023-07-29,P003,Clothing,233.56098861062156,10,239.68259378042453,47,10977.366464699213,141.0118892099646,297,Monsoon,Saturday
2023-07-30,P003,Clothing,276.2956164337054,0,283.23892046390546,41,11328.12027378192,189.8464203737216,264,Monsoon,Sunday
2023-07-31,P003,Clothing,356.17890959730113,0,351.3341192946654,13,4630.325824764915,215.47106905828187,286,Monsoon,Monday
2023-08-01,P003,Clothing,122.17809428153657,10,121.14703169593716,92,11240.384673901364,78.05277187802785,98,Monsoon,Tuesday
2023-08-02,P003,Clothing,469.49255835071045,20,438.0303621608741,0,0.0,290.47141173428093,451,Monsoon,Wednesday
2023-08-03,P003,Clothing,352.25411799323217,15,338.8945909526202,21,7397.336477857875,251.6219653831762,155,Monsoon,Thursday
2023-08-04,P003,Clothing,118.47859328065154,5,128.18351672341427,61,7227.194190119744,75.87896359013875,107,Monsoon,Friday
2023-08-05,P003,Clothing,305.8247161393194,10,285.4285632487008,33,10092.21563259754,228.73441554746196,360,Monsoon,Saturday
2023-08-06,P003,Clothing,338.16592064804337,5,359.3762832671859,19,6425.152492312824,239.16545435827172,60,Monsoon,Sunday
2023-08-07,P003,Clothing,310.0615576446513,5,279.51820846872295,27,8371.662056405585,205.69576533977084,218,Monsoon,Monday
2023-08-08,P003,Clothing,152.26905216530497,5,164.96086048112346,53,8070.259764761164,109.65240325255269,215,Monsoon,Tuesday
2023-08-09,P003,Clothing,150.0920102514987,10,137.61074925372935,70,10506.440717604908,112.22175248073853,375,Monsoon,Wednesday
2023-08-10,P003,Clothing,212.51382542121365,15,200.0519159239639,68,14450.940128642529,156.99664640054948,257,Monsoon,Thursday
2023-08-11,P003,Clothing,459.0129306088336,10,421.13672658102536,0,0.0,339.88714064035054,125,Monsoon,Friday
2023-08-12,P003,Clothing,427.25823245112053,15,443.0185377255119,0,0.0,288.6056992185453,465,Monsoon,Saturday
2023-08-13,P003,Clothing,267.19363420276545,20,240.5078044721849,49,13092.488075935507,198.91607365874995,305,Monsoon,Sunday
2023-08-14,P003,Clothing,332.5284078900213,0,353.45276168254276,13,4322.869302570277,246.21216559387767,106,Monsoon,Monday
2023-08-15,P003,Clothing,168.21521955929035,0,152.5765618041431,65,10933.989271353872,109.08282328670298,65,Monsoon,Tuesday
2023-08-16,P003,Clothing,428.3676854452001,10,463.1435740655959,0,0.0,265.1576991195809,322,Monsoon,Wednesday
2023-08-17,P003,Clothing,146.06231496114816,10,142.4391288717817,64,9347.988157513482,104.20764951570374,163,Monsoon,Thursday
2023-08-18,P003,Clothing,302.14146729513044,10,273.8894738862474,43,12992.08309369061,214.97454056491935,220,Monsoon,Friday
2023-08-19,P003,Clothing,337.39856632874057,0,337.3384188334201,16,5398.377061259849,208.0134170495994,191,Monsoon,Saturday
2023-08-20,P003,Clothing,293.47632925871756,5,310.4360401246431,28,8217.337219244091,206.098983340148,167,Monsoon,Sunday
2023-08-21,P003,Clothing,253.50898319096368,5,270.9070443551419,37,9379.832378065656,176.602457910865,444,Monsoon,Monday
2023-08-22,P003,Clothing,186.185162910292,5,185.17941276780806,71,13219.146566630732,126.22474407419118,406,Monsoon,Tuesday
2023-08-23,P003,Clothing,156.64689799464688,0,154.5201418088107,60,9398.813879678813,116.70015566464897,147,Monsoon,Wednesday
2023-08-24,P003,Clothing,473.3652508093819,20,479.23006733420533,0,0.0,306.354711215535,246,Monsoon,Thursday
2023-08-25,P003,Clothing,142.08782209526788,15,146.3780713904728,85,12077.46487809777,102.82576846639732,245,Monsoon,Friday
2023-08-26,P003,Clothing,352.8489713796092,0,376.1513209972057,8,2822.791771036874,246.85378757633592,250,Monsoon,Saturday
2023-08-27,P003,Clothing,211.1564503951024,10,203.95729984954147,66,13936.325726076759,140.649298676726,411,Monsoon,Sunday
2023-08-28,P003,Clothing,123.2951323281101,0,114.83468505664382,84,10356.79111556125,91.50160454280984,441,Monsoon,Monday
2023-08-29,P003,Clothing,137.87239620191804,0,143.97254568843184,65,8961.705753124672,87.4882058085746,261,Monsoon,Tuesday
2023-08-30,P003,Clothing,351.94896007327156,20,360.57701683283466,17,5983.132321245616,211.69977972408148,311,Monsoon,Wednesday
2023-08-31,P003,Clothing,211.73807637249064,10,219.49512465225996,62,13127.76073509442,128.70497460388214,129,Monsoon,Thursday
2023-09-01,P003,Clothing,103.6392725123104,0,98.4647445810453,74,7669.30616591097,72.58866793236436,206,Autumn,Friday
2023-09-02,P003,Clothing,213.287633523867,5,202.2031432919833,70,14930.13434667069,138.32315000192457,202,Autumn,Saturday
2023-09-03,P003,Clothing,119.65935613807082,5,113.67369854274477,97,11606.95754539287,78.18990863472408,383,Autumn,Sunday
2023-09-04,P003,Clothing,114.53629932649699,5,119.77046924678483,84,9621.049143425747,72.1521945282982,174,Autumn,Monday
2023-09-05,P003,Clothing,340.792541189781,10,312.8813806361352,32,10905.361318072992,229.90866670267997,158,Autumn,Tuesday
2023-09-06,P003,Clothing,257.82045171254924,0,238.75813505248777,53,13664.48394076511,168.0587288494394,319,Autumn,Wednesday
2023-09-07,P003,Clothing,421.28484929763727,5,441.58093838607795,0,0.0,294.59566786172024,105,Autumn,Thursday
2023-09-08,P003,Clothing,130.21083441035475,10,136.61027331143907,70,9114.758408724832,78.81317383671188,241,Autumn,Friday
2023-09-09,P003,Clothing,371.66867981519715,15,390.073499360548,13,4831.692837597563,278.73765944754615,374,Autumn,Saturday
2023-09-10,P003,Clothing,422.67434190543185,15,416.7426364948272,1,422.67434190543185,271.8170737141745,475,Autumn,Sunday
2023-09-11,P003,Clothing,175.17038314951816,0,176.1098977999252,70,12261.926820466271,106.6025400070198,188,Autumn,Monday
2023-09-12,P003,Clothing,193.64106598825623,5,194.32266182302473,50,9682.053299412812,119.79897549378585,50,Autumn,Tuesday
2023-09-13,P003,Clothing,472.5961547675704,0,490.5381442370112,0,0.0,326.26439565970605,375,Autumn,Wednesday
2023-09-14,P003,Clothing,381.67022247787594,20,402.06922827832966,11,4198.3724472566355,240.78929184257447,488,Autumn,Thursday
2023-09-15,P003,Clothing,120.93887137252523,0,115.47444670387212,58,7014.454539606463,87.09710453377299,58,Autumn,Friday
2023-09-16,P003,Clothing,361.63102118229904,15,336.96234420907246,28,10125.668593104372,219.87846203393514,418,Autumn,Saturday
2023-09-17,P003,Clothing,265.45782589107955,0,276.21574725556746,42,11149.22868742534,197.34055373632705,356,Autumn,Sunday
2023-09-18,P003,Clothing,437.01380334072064,20,430.8473547744562,0,0.0,293.0640314481776,321,Autumn,Monday
2023-09-19,P003,Clothing,422.36233701337653,5,396.3043819458373,0,0.0,285.3646862736756,449,Autumn,Tuesday
2023-09-20,P003,Clothing,279.45303664709365,20,299.73931764335134,40,11178.121465883745,178.8228942192418,454,Autumn,Wednesday
2023-09-21,P003,Clothing,274.63268869672976,20,254.3655992227676,49,13457.001746139758,189.53598675610897,388,Autumn,Thursday
2023-09-22,P003,Clothing,223.93884670131197,0,246.0906170756428,52,11644.820028468223,150.55362264136747,177,Autumn,Friday
2023-09-23,P003,Clothing,224.41466690413478,0,202.4578637399598,79,17728.75868542665,158.2463816426577,328,Autumn,Saturday
2023-09-24,P003,Clothing,473.43725748050065,10,485.3771653961494,0,0.0,347.35150369625256,414,Autumn,Sunday
2023-09-25,P003,Clothing,427.140265365933,10,416.74773611743666,0,0.0,304.31986738447904,260,Autumn,Monday
2023-09-26,P003,Clothing,406.46284063311117,5,425.5105013752686,0,0.0,282.65057540486794,408,Autumn,Tuesday
2023-09-27,P003,Clothing,458.03406910652586,20,490.9506830005886,0,0.0,282.37922113619686,95,Autumn,Wednesday
2023-09-28,P003,Clothing,206.114035634421,10,198.7212509622542,77,15870.780743850415,140.74511392879452,213,Autumn,Thursday
2023-09-29,P003,Clothing,120.1822282480495,20,111.5411022360185,108,12979.680650789345,83.33224299353517,432,Autumn,Friday
2023-09-30,P003,Clothing,385.5603733586392,5,407.8681759239331,2,771.1207467172784,233.1414308118925,95,Autumn,Saturday
2023-10-01,P003,Clothing,476.8741817958554,20,436.88431922782297,0,0.0,357.1385368631019,129,Autumn,Sunday
2023-10-02,P003,Clothing,178.84241552946088,5,169.33511908996095,71,12697.811502591723,114.53875940760615,477,Autumn,Monday
2023-10-03,P003,Clothing,374.9747443763469,10,358.69228428067476,14,5249.646421268857,275.31784909353087,60,Autumn,Tuesday
2023-10-04,P003,Clothing,278.67548869786594,15,279.57476361340804,44,12261.721502706101,179.94793208740748,101,Autumn,Wednesday
2023-10-05,P003,Clothing,184.28266602996248,20,166.05503567555354,86,15848.309278576773,111.54191084926713,427,Autumn,Thursday
2023-10-06,P003,Clothing,247.3181870622838,0,241.5573804142531,53,13107.863914301042,179.42762129053963,104,Autumn,Friday
2023-10-07,P003,Clothing,453.50480618321274,20,438.7067358765018,0,0.0,310.8423337184234,451,Autumn,Saturday
2023-10-08,P003,Clothing,414.79031975248034,10,400.24020520865236,4,1659.1612790099214,293.743674369723,155,Autumn,Sunday
