synthetic_retail_demand.csv
date,product_id,category,price,discount_pct,competitor_price,units_sold,revenue,cost,inventory_level,season,day_of_week
2023-10-09,P003,Clothing,118.6739279597095,15,112.46555313549105,100,11867.39279597095,87.96971629755839,133,Autumn,Monday
2023-10-10,P003,Clothing,398.52552502763075,15,404.96544483521564,7,2789.678675193415,281.8205667516966,385,Autumn,Tuesday
2023-10-11,P003,Clothing,170.6729256705221,20,164.27418100886823,85,14507.198681994378,125.81432220133568,430,Autumn,Wednesday
2023-10-12,P003,Clothing,460.4710492869423,10,459.42162893940895,0,0.0,317.94757903609525,275,Autumn,Thursday
2023-10-13,P003,Clothing,423.1752120057134,15,441.4839166232488,0,0.0,296.3952249896827,174,Autumn,Friday
2023-10-14,P003,Clothing,345.9612058267744,10,317.8454542918461,27,9340.95255732291,247.43609262713358,380,Autumn,Saturday
2023-10-15,P003,Clothing,136.79380426831997,20,133.14830619300997,111,15184.112273783518,86.94074666420617,359,Autumn,Sunday
2023-10-16,P003,Clothing,306.5777367611286,10,316.7115311774496,33,10117.065313117244,187.5657267866737,161,Autumn,Monday
2023-10-17,P003,Clothing,385.3286918005089,0,422.5189928179259,0,0.0,261.7056549574953,455,Autumn,Tuesday
2023-10-18,P003,Clothing,481.85606428649254,5,496.5299312138046,0,0.0,341.66952508431336,276,Autumn,Wednesday
2023-10-19,P003,Clothing,349.74907916944414,20,319.6964074411057,29,10142.72329591388,242.95499078362724,67,Autumn,Thursday
2023-10-20,P003,Clothing,372.09510153751324,20,380.6191318985674,13,4837.236319987672,269.7035968299143,193,Autumn,Friday
2023-10-21,P003,Clothing,339.8817653632401,10,356.81860552230046,23,7817.280603354522,220.69071700379754,450,Autumn,Saturday
2023-10-22,P003,Clothing,493.07201948897364,15,469.17732027330806,0,0.0,361.2931044183825,146,Autumn,Sunday
2023-10-23,P003,Clothing,131.83525894881697,10,126.93388292153793,98,12919.855376984064,91.62809129842503,419,Autumn,Monday
2023-10-24,P003,Clothing,168.55932492990098,5,172.03211438333219,80,13484.745994392079,102.58013284852876,180,Autumn,Tuesday
2023-10-25,P003,Clothing,402.9876202892412,5,384.4922439458894,4,1611.9504811569648,290.4367635494764,246,Autumn,Wednesday
2023-10-26,P003,Clothing,469.02896196232,0,460.08411329658264,0,0.0,285.8108322875935,325,Autumn,Thursday
2023-10-27,P003,Clothing,356.88385480107894,5,377.86117766810054,9,3211.9546932097105,260.9399784000183,70,Autumn,Friday
2023-10-28,P003,Clothing,292.2592113249636,15,313.30617186075585,50,14612.960566248179,180.7314033709117,53,Autumn,Saturday
2023-10-29,P003,Clothing,457.18583668193094,15,471.8822942211936,0,0.0,339.50206741104637,144,Autumn,Sunday
2023-10-30,P003,Clothing,373.9092633116794,5,359.3428450030119,12,4486.911159740153,278.9592637127915,159,Autumn,Monday
2023-10-31,P003,Clothing,258.4989387265624,0,268.37108383229315,34,8788.963916703122,170.77015434129348,257,Autumn,Tuesday
2023-11-01,P003,Clothing,268.25209475152775,0,291.73711793078104,28,7511.058653042777,164.62302415715217,103,Autumn,Wednesday
2023-11-02,P003,Clothing,154.07322166857202,5,148.9890694337075,72,11093.271960137185,97.23443590786714,290,Autumn,Thursday
2023-11-03,P003,Clothing,325.1320948858412,5,356.2572557240553,21,6827.773992602665,230.51562036096345,366,Autumn,Friday
2023-11-04,P003,Clothing,373.7314601821067,10,352.51366471041723,19,7100.8977434600265,257.36299009233085,496,Autumn,Saturday
2023-11-05,P003,Clothing,426.19510623205434,10,389.5121412095681,5,2130.9755311602717,293.3673113442219,378,Autumn,Sunday
2023-11-06,P003,Clothing,379.3090374122186,5,404.23193671674824,3,1137.9271122366558,272.4354090114102,186,Autumn,Monday
2023-11-07,P003,Clothing,276.4918676366867,20,294.4808931854542,49,13548.10151419765,171.1183550401998,454,Autumn,Tuesday
2023-11-08,P003,Clothing,119.70946143310859,0,119.46295647286287,77,9217.62853034936,85.51872344237361,177,Autumn,Wednesday
2023-11-09,P003,Clothing,210.9387046898517,10,196.6203181562635,56,11812.567462631696,137.34278410724835,126,Autumn,Thursday
2023-11-10,P003,Clothing,242.54665510202264,20,228.44439889440446,49,11884.78609999911,145.66332175464373,102,Autumn,Friday
2023-11-11,P003,Clothing,152.12957868093127,10,138.32406858141053,81,12322.495873155432,97.3533241197217,81,Autumn,Saturday
2023-11-12,P003,Clothing,437.3493282700022,20,477.776667680422,0,0.0,321.5492316755749,231,Autumn,Sunday
2023-11-13,P003,Clothing,154.6941610916941,20,139.78281683825847,97,15005.333625894327,114.49502620764534,213,Autumn,Monday
2023-11-14,P003,Clothing,375.21220758079255,20,348.83609694665853,26,9755.517397100606,248.42618465077683,326,Autumn,Tuesday
2023-11-15,P003,Clothing,393.64343249236106,0,400.40245732463046,0,0.0,275.9947543369595,335,Autumn,Wednesday
2023-11-16,P003,Clothing,131.67456364345034,15,142.20614656706593,82,10797.314218762927,87.85644630250984,269,Autumn,Thursday
2023-11-17,P003,Clothing,103.81558161021798,15,105.9206913936992,97,10070.111416191143,72.49629123677684,350,Autumn,Friday
2023-11-18,P003,Clothing,304.5924187153533,20,280.3605183510682,52,15838.805773198372,221.340679611215,269,Autumn,Saturday
2023-11-19,P003,Clothing,321.3961080795296,0,318.1273941333864,30,9641.883242385888,214.0556302796458,248,Autumn,Sunday
2023-11-20,P003,Clothing,424.2921860921651,15,400.6233752065854,4,1697.1687443686603,287.18894011343497,360,Autumn,Monday
2023-11-21,P003,Clothing,250.48056531807927,15,271.1958574655023,45,11271.625439313568,165.90627691735997,397,Autumn,Tuesday
2023-11-22,P003,Clothing,255.4124592024168,15,272.3816110296484,42,10727.323286501505,177.13072629050876,482,Autumn,Wednesday
2023-11-23,P003,Clothing,383.15227809461413,15,359.89360546000285,19,7279.893283797668,244.34177219561377,383,Autumn,Thursday
2023-11-24,P003,Clothing,489.47685394007954,0,467.7996816147983,0,0.0,350.3373458512833,496,Autumn,Friday
2023-11-25,P003,Clothing,235.59758806462932,5,238.05538106979475,59,13900.25769581313,167.9628341788542,69,Autumn,Saturday
2023-11-26,P003,Clothing,204.8451888067186,10,201.18667014627582,85,17411.84104857108,145.0431781379234,367,Autumn,Sunday
2023-11-27,P003,Clothing,497.82365624389587,20,454.46228788714353,0,0.0,341.5787302005832,282,Autumn,Monday
2023-11-28,P003,Clothing,227.86082490212027,15,236.50593454588503,55,12532.345369616614,161.4919455379045,157,Autumn,Tuesday
2023-11-29,P003,Clothing,494.5656073931556,5,464.46711126599723,0,0.0,298.8053957607903,183,Autumn,Wednesday
2023-11-30,P003,Clothing,159.02073873147998,15,145.9176215598708,78,12403.617621055439,116.726022671395,153,Autumn,Thursday
2023-12-01,P003,Clothing,176.81346094459846,10,175.06429980102882,96,16974.092250681453,106.39692281428324,458,Winter,Friday
2023-12-02,P003,Clothing,434.2886386591485,5,435.3815370359883,0,0.0,290.45167432120775,462,Winter,Saturday
2023-12-03,P003,Clothing,465.7830603523765,10,490.9801961528444,0,0.0,322.5652646236469,399,Winter,Sunday
2023-12-04,P003,Clothing,184.6867113847863,20,202.2714935690384,90,16621.804024630765,117.92703366385676,221,Winter,Monday
2023-12-05,P003,Clothing,206.49339780712057,20,203.307964948789,93,19203.885996062214,139.9142590070495,369,Winter,Tuesday
2023-12-06,P003,Clothing,134.49966852158596,15,141.80492223551752,95,12777.468509550667,91.24512201504463,400,Winter,Wednesday
2023-12-07,P003,Clothing,266.3144248276732,10,276.3950455458853,46,12250.463542072966,197.3034046920725,258,Winter,Thursday
2023-12-08,P003,Clothing,427.32608466170865,15,399.04597772909386,5,2136.6304233085434,264.4808175510495,219,Winter,Friday
2023-12-09,P003,Clothing,325.2506375568188,10,320.65307445372616,35,11383.772314488657,215.05010741027561,167,Winter,Saturday
2023-12-10,P003,Clothing,164.78687376117614,10,170.94833543276133,124,20433.57234638584,118.44649467335095,487,Winter,Sunday
2023-12-11,P003,Clothing,122.26912598159024,10,113.80961011194134,107,13082.796480030156,84.82688552601078,401,Winter,Monday
2023-12-12,P003,Clothing,281.5015041001414,10,292.051612554986,37,10415.555651705232,195.64144037986188,450,Winter,Tuesday
2023-12-13,P003,Clothing,188.6004203415411,20,206.2925590368732,86,16219.636149372536,126.37984103094009,466,Winter,Wednesday
2023-12-14,P003,Clothing,422.0070772938511,0,459.77956776146794,0,0.0,275.7296703220292,357,Winter,Thursday
2023-12-15,P003,Clothing,437.3711182836197,10,398.73350910447516,2,874.7422365672394,327.9247627100747,149,Winter,Friday
2023-12-16,P003,Clothing,346.0912811200814,15,365.52676265165724,23,7960.099465761873,217.6104369519016,416,Winter,Saturday
2023-12-17,P003,Clothing,315.8463402407348,15,315.10946523350066,41,12949.699949870126,190.5770875539007,475,Winter,Sunday
2023-12-18,P003,Clothing,493.6773566874254,0,521.0454381040547,0,0.0,317.34113340765236,205,Winter,Monday
2023-12-19,P003,Clothing,279.41701974738373,10,271.3136490510527,48,13412.01694787442,170.69084237247597,315,Winter,Tuesday
2023-12-20,P003,Clothing,131.1356612442056,5,120.80101481915187,88,11539.938189490094,80.88921782567968,201,Winter,Wednesday
2023-12-21,P003,Clothing,251.18734225651366,5,228.04844331669378,63,15824.802562160361,172.8487600913703,349,Winter,Thursday
2023-12-22,P003,Clothing,245.2530361037849,10,231.79819331874805,68,16677.206455057374,147.92186822998266,124,Winter,Friday
2023-12-23,P003,Clothing,414.51715703851113,5,442.1056839270097,0,0.0,253.20397372616165,208,Winter,Saturday
2023-12-24,P003,Clothing,127.40111702875762,10,125.02044390090046,89,11338.69941555943,83.23666620906666,89,Winter,Sunday
2023-12-25,P003,Clothing,461.36310234511717,10,504.90881730208827,0,0.0,335.66016183812843,406,Winter,Monday
2023-12-26,P003,Clothing,341.20153617196456,5,361.1068993602585,18,6141.627651095362,214.60677991407877,345,Winter,Tuesday
2023-12-27,P003,Clothing,222.17769061939268,5,202.0713986693912,68,15108.082962118702,140.6149922862332,365,Winter,Wednesday
2023-12-28,P003,Clothing,257.3411354991047,5,271.09238184976203,45,11580.351097459712,162.39188829018212,228,Winter,Thursday
2023-12-29,P003,Clothing,167.88209566209798,10,177.7203325610543,94,15780.91699223721,104.06953714026957,379,Winter,Friday
2023-12-30,P003,Clothing,375.1851360474836,20,407.52754117948655,13,4877.406768617287,272.4641226319041,291,Winter,Saturday
2023-12-31,P003,Clothing,417.53436485944655,5,420.667801621614,0,0.0,312.8476067564393,294,Winter,Sunday
2024-01-01,P003,Clothing,194.770368292579,0,183.08449370870736,78,15192.088726821163,120.68485321177445,266,Winter,Monday
2024-01-02,P003,Clothing,408.4544192683289,5,401.04872572938757,1,408.4544192683289,299.93294340444453,242,Winter,Tuesday
2024-01-03,P003,Clothing,447.74113916911836,5,453.1623308922475,0,0.0,290.94715482633785,406,Winter,Wednesday
2024-01-04,P003,Clothing,474.45853417284513,10,490.91194756855657,0,0.0,348.10662050688336,421,Winter,Thursday
2024-01-05,P003,Clothing,248.03571202798835,0,229.56316239914185,57,14138.035585595337,176.88287271491558,207,Winter,Friday
2024-01-06,P003,Clothing,370.8509954295608,20,383.9866323553557,18,6675.317917732094,233.57590237540495,337,Winter,Saturday
2024-01-07,P003,Clothing,296.71625304946724,15,310.81639312312456,56,16616.110170770167,204.72170850855633,499,Winter,Sunday
2024-01-08,P003,Clothing,149.84568308300848,0,139.27894862646804,88,13186.420111304746,105.82484070124886,362,Winter,Monday
2024-01-09,P003,Clothing,474.5387789884333,15,427.86534003533916,0,0.0,337.1181956943962,449,Winter,Tuesday
2024-01-10,P003,Clothing,494.0829303644375,20,490.1506842223794,0,0.0,363.43015475058945,278,Winter,Wednesday
2024-01-11,P003,Clothing,309.2520451624897,5,305.6742534393425,42,12988.585896824568,188.1879365086452,274,Winter,Thursday
2024-01-12,P003,Clothing,347.02292528384737,20,340.63731217279695,28,9716.641907947727,219.21186794124253,197,Winter,Friday
2024-01-13,P003,Clothing,106.2250185034864,0,110.08806194193349,106,11259.851961369557,79.56521934753334,497,Winter,Saturday
2024-01-14,P003,Clothing,203.06280919646204,10,219.36468913192263,98,19900.15530125328,147.2383026466545,357,Winter,Sunday
2024-01-15,P003,Clothing,315.43335434168137,0,307.6080779867033,36,11355.60075630053,219.54392344870962,340,Winter,Monday
2024-01-16,P003,Clothing,111.38295673756899,20,111.49938484774374,98,10915.52976028176,81.05127335069506,352,Winter,Tuesday
2024-01-17,P003,Clothing,280.69670140617677,15,285.2226415732874,49,13754.138368902662,200.96859873993967,195,Winter,Wednesday
2024-01-18,P003,Clothing,367.63200674491327,0,398.96956003411515,4,1470.528026979653,225.45607720252232,285,Winter,Thursday
2024-01-19,P003,Clothing,347.63723810844783,10,358.59256023572584,20,6952.744762168957,254.63312158352718,317,Winter,Friday
2024-01-20,P003,Clothing,189.397725702336,0,177.6857298765724,85,16098.80668469856,129.34468224630808,98,Winter,Saturday
2024-01-21,P003,Clothing,273.84306154690137,5,246.89864943093693,67,18347.485123642393,184.5188110383584,417,Winter,Sunday
2024-01-22,P003,Clothing,321.9726577497373,15,354.0098223412948,24,7727.343785993696,217.01763822298088,63,Winter,Monday
2024-01-23,P003,Clothing,214.7182916754159,15,219.38558971142746,88,18895.2096674366,141.69480128383307,290,Winter,Tuesday
2024-01-24,P003,Clothing,229.44378777362832,10,245.36363483467508,54,12389.964539775929,150.6202730088746,117,Winter,Wednesday
2024-01-25,P003,Clothing,461.16040446534845,5,457.39356607443625,0,0.0,294.1134724269821,462,Winter,Thursday
2024-01-26,P003,Clothing,265.87924732205124,20,241.92073203910806,74,19675.064301831793,193.37740777155722,235,Winter,Friday
2024-01-27,P003,Clothing,201.26085019584696,0,203.51727958391638,94,18918.519918409613,130.6276792848358,122,Winter,Saturday
2024-01-28,P003,Clothing,101.26971927380129,5,102.53871229589342,149,15089.188171796392,68.0386795357487,215,Winter,Sunday
2024-01-29,P003,Clothing,308.4595622020362,0,321.1133844848655,28,8636.867741657014,224.41815372480363,128,Winter,Monday
2024-01-30,P003,Clothing,292.7493535779961,15,300.11765960524855,45,13173.720911009825,193.61609906179814,490,Winter,Tuesday
2024-01-31,P003,Clothing,258.88292172275885,15,278.2627191429779,55,14238.560694751737,160.5537059071578,394,Winter,Wednesday
2024-02-01,P003,Clothing,202.51726491784305,5,190.9518372344293,75,15188.79486883823,123.76313384122228,90,Winter,Thursday
2024-02-02,P003,Clothing,381.8344128533401,0,360.0715748720732,10,3818.344128533401,240.81878010000048,133,Winter,Friday
2024-02-03,P003,Clothing,451.4068836256063,15,409.1967415500366,0,0.0,321.2588437575119,415,Winter,Saturday
2024-02-04,P003,Clothing,137.9482850700719,15,148.64805384577784,104,14346.621647287478,97.12437834693331,339,Winter,Sunday
2024-02-05,P003,Clothing,280.43042872994386,0,267.05349927738433,47,13180.230150307361,198.65609694213828,251,Winter,Monday
2024-02-06,P003,Clothing,180.90927269681214,20,189.91557455688726,88,15920.015997319468,130.0962733268986,475,Winter,Tuesday
2024-02-07,P003,Clothing,126.7188309048688,5,129.1315620301226,80,10137.506472389503,88.53624101646221,80,Winter,Wednesday
2024-02-08,P003,Clothing,487.69624301475983,20,444.76674481407,0,0.0,362.9679365826861,479,Winter,Thursday
2024-02-09,P003,Clothing,304.31681219955357,10,310.774999233759,32,9738.137990385714,225.9341182087162,66,Winter,Friday
2024-02-10,P003,Clothing,377.8167896149096,10,388.76128028704596,11,4155.984685764006,239.9768804767805,190,Winter,Saturday
2024-02-11,P003,Clothing,422.7597391678756,0,455.74473382223067,0,0.0,308.13137384271135,477,Winter,Sunday
2024-02-12,P003,Clothing,292.296364963889,20,299.4468317780578,45,13153.336423375005,204.3886012335826,136,Winter,Monday
2024-02-13,P003,Clothing,456.58202582254887,5,494.28098626504357,0,0.0,280.28808843934996,77,Winter,Tuesday
2024-02-14,P003,Clothing,345.8571275739544,0,323.3726799716976,23,7954.713934200951,238.45389870476242,312,Winter,Wednesday
2024-02-15,P003,Clothing,259.1514349909474,5,235.85476933949337,58,15030.78322947495,181.3742337431585,162,Winter,Thursday
2024-02-16,P003,Clothing,296.14321406607496,0,267.89621434123967,50,14807.160703303747,183.6109206567463,82,Winter,Friday
2024-02-17,P003,Clothing,418.03498426410385,5,410.36168647408056,0,0.0,267.9923535328375,207,Winter,Saturday
2024-02-18,P003,Clothing,209.01905915721164,15,190.04201644775608,80,16721.52473257693,136.47975559047822,80,Winter,Sunday
2024-02-19,P003,Clothing,356.63893173794594,0,349.4449296890826,16,5706.222907807135,237.94641481409414,439,Winter,Monday
2024-02-20,P003,Clothing,164.8089665457759,10,160.45247964171247,96,15821.660788394485,109.16107894106621,353,Winter,Tuesday
2024-02-21,P003,Clothing,212.02128224662258,20,198.22715012114276,96,20354.043095675766,137.56168595235349,464,Winter,Wednesday
2024-02-22,P003,Clothing,495.19012839094813,20,536.3377528028481,0,0.0,354.8017517558891,398,Winter,Thursday
2024-02-23,P003,Clothing,257.5538539766468,10,263.2042542863945,57,14680.569676668867,158.80460324875364,492,Winter,Friday
2024-02-24,P003,Clothing,109.95035280584217,10,118.65399761049146,146,16052.751509652957,70.49967495791124,164,Winter,Saturday
2024-02-25,P003,Clothing,353.49280202305476,5,321.9197979882851,32,11311.769664737752,244.71210410351918,99,Winter,Sunday
2024-02-26,P003,Clothing,394.67435034774616,20,391.90144178381513,16,6314.7896055639385,293.13926127343086,153,Winter,Monday
2024-02-27,P003,Clothing,225.0625257420878,10,229.12769557926714,65,14629.064173235705,160.1207987072839,321,Winter,Tuesday
2024-02-28,P003,Clothing,197.63782899704094,0,199.92650584131033,84,16601.57763575144,126.10916628600738,290,Winter,Wednesday
2024-02-29,P003,Clothing,167.91705582037895,20,171.68106164660844,80,13433.364465630315,120.59462210686031,293,Winter,Thursday
2024-03-01,P003,Clothing,337.82004045801796,15,339.8636845741778,25,8445.50101145045,238.37016163481044,59,Summer,Friday
2024-03-02,P003,Clothing,277.56667921861595,10,299.551534866543,47,13045.633923274949,183.8027146096904,372,Summer,Saturday
2024-03-03,P003,Clothing,431.9830036624729,15,475.0569143919307,0,0.0,287.25202953896576,254,Summer,Sunday
2024-03-04,P003,Clothing,144.65497812847414,20,139.11049951525092,97,14031.532878461992,105.98501091138212,429,Summer,Monday
