synthetic_retail_demand.csv
date,product_id,category,price,discount_pct,competitor_price,units_sold,revenue,cost,inventory_level,season,day_of_week
2024-03-05,P003,Clothing,435.33512823735407,0,409.22083118897314,0,0.0,267.421087893017,119,Summer,Tuesday
2024-03-06,P003,Clothing,189.09950810948155,20,188.73456273951194,77,14560.662124430079,122.44814017210561,198,Summer,Wednesday
2024-03-07,P003,Clothing,457.8155408962364,20,470.59352299765004,0,0.0,320.2717336367147,101,Summer,Thursday
2024-03-08,P003,Clothing,135.09357090507956,10,145.99722438676625,107,14455.012086843513,85.8989752737979,239,Summer,Friday
2024-03-09,P003,Clothing,149.08417757207246,10,160.6109666679653,96,14312.081046918956,89.99119110850229,152,Summer,Saturday
2024-03-10,P003,Clothing,433.22277650568543,10,396.57490223769764,2,866.4455530113709,261.7846412271538,254,Summer,Sunday
2024-03-11,P003,Clothing,471.2034967098216,0,428.31789550323197,0,0.0,294.60282876324135,68,Summer,Monday
2024-03-12,P003,Clothing,224.5622580179512,5,235.9367647882835,59,13249.17322305912,160.3642147402426,133,Summer,Tuesday
2024-03-13,P003,Clothing,165.86187530241182,5,151.28470112858378,84,13932.397525402594,121.58058602282702,354,Summer,Wednesday
2024-03-14,P003,Clothing,494.7186376719587,5,464.56784538430236,0,0.0,299.9834382368856,422,Summer,Thursday
2024-03-15,P003,Clothing,216.22540463098213,20,237.62363412656015,57,12324.848063965981,133.45819921101062,324,Summer,Friday
2024-03-16,P003,Clothing,116.86016678517367,5,123.5670224684356,132,15425.542015642925,78.21111835930657,451,Summer,Saturday
2024-03-17,P003,Clothing,325.73568927286937,10,344.77279261529566,35,11400.749124550428,232.4838745091431,238,Summer,Sunday
2024-03-18,P003,Clothing,288.5217607026033,10,308.69885937634945,34,9809.739863888512,214.5931240800171,389,Summer,Monday
2024-03-19,P003,Clothing,140.75625840135837,15,150.79420376678928,106,14920.163390543987,99.69479146301914,278,Summer,Tuesday
2024-03-20,P003,Clothing,255.2197080233657,20,270.1358884516653,64,16334.061313495406,169.06022341928758,208,Summer,Wednesday
2024-03-21,P003,Clothing,163.13079251991942,10,156.92394525076958,95,15497.425289392346,102.679797713985,241,Summer,Thursday
2024-03-22,P003,Clothing,389.56906847722615,0,410.97367779932085,0,0.0,289.0675243405675,182,Summer,Friday
2024-03-23,P003,Clothing,428.4568365988841,5,458.2441305513297,0,0.0,270.61422044518497,284,Summer,Saturday
2024-03-24,P003,Clothing,322.88761797201755,5,303.30707566998603,44,14207.055190768773,224.85473553882872,88,Summer,Sunday
2024-03-25,P003,Clothing,112.71565982205507,10,108.9147556462658,93,10482.556363451122,84.15196006391754,440,Summer,Monday
2024-03-26,P003,Clothing,229.87158253512044,10,235.22664143123077,56,12872.808621966744,144.35398676175262,74,Summer,Tuesday
2024-03-27,P003,Clothing,415.5803586164934,10,446.96821815288854,0,0.0,268.03246818213483,70,Summer,Wednesday
2024-03-28,P003,Clothing,289.5133449231289,20,269.6089616591408,44,12738.587176617672,215.2905435406507,121,Summer,Thursday
2024-03-29,P003,Clothing,451.76692410575845,0,466.6187988575646,0,0.0,317.2174769438162,267,Summer,Friday
2024-03-30,P003,Clothing,301.02679071575903,20,278.7781105607192,66,19867.768187240097,215.0544199617419,409,Summer,Saturday
2024-03-31,P003,Clothing,234.1906442243479,0,222.80924324481992,71,16627.5357399287,170.38110516080644,90,Summer,Sunday
2024-04-01,P003,Clothing,410.45576147660887,20,370.05104587515854,15,6156.836422149133,288.98243466066606,327,Summer,Monday
2024-04-02,P003,Clothing,295.12539272303957,10,278.23966768446945,38,11214.764923475504,195.5732313061881,216,Summer,Tuesday
2024-04-03,P003,Clothing,483.47626156470216,15,499.86424509867527,0,0.0,291.32962150823386,327,Summer,Wednesday
2024-04-04,P003,Clothing,375.39511652462375,0,351.9965041612697,11,4129.346281770861,253.41957083336396,472,Summer,Thursday
2024-04-05,P003,Clothing,200.80226848455314,15,182.73862337537204,64,12851.3451830114,138.81527367803258,64,Summer,Friday
2024-04-06,P003,Clothing,204.3233708771105,5,223.15127254402555,87,17776.133266308614,126.27050103497814,123,Summer,Saturday
2024-04-07,P003,Clothing,171.42114371396656,10,183.5286811478755,88,15085.060646829057,121.23765451830688,195,Summer,Sunday
2024-04-08,P003,Clothing,151.7523724270165,15,164.2945730575013,65,9863.904207756072,96.33168789768493,65,Summer,Monday
2024-04-09,P003,Clothing,230.6836859921531,15,235.54651525358142,55,12687.60272956842,162.82240473114842,236,Summer,Tuesday
2024-04-10,P003,Clothing,362.2375804979357,20,385.5171010254565,20,7244.751609958714,245.15187496249123,476,Summer,Wednesday
2024-04-11,P003,Clothing,261.6080411451254,20,266.40430126303556,51,13342.010098401395,157.46153314430916,399,Summer,Thursday
2024-04-12,P003,Clothing,294.5703340104287,0,296.0643221903013,34,10015.391356354576,181.80981100449875,75,Summer,Friday
2024-04-13,P003,Clothing,316.6566031332212,10,291.05604952654363,54,17099.456569193946,197.6100904203751,289,Summer,Saturday
2024-04-14,P003,Clothing,255.3708884911428,5,249.52905455702285,71,18131.33308287114,173.53726516170454,450,Summer,Sunday
2024-04-15,P003,Clothing,330.04502677574465,10,329.3928073803244,26,8581.17069616936,199.45567768240377,446,Summer,Monday
2024-04-16,P003,Clothing,439.94857142442186,15,460.71277916582176,0,0.0,264.48684713856545,315,Summer,Tuesday
2024-04-17,P003,Clothing,258.98157026681076,20,246.15926424783427,63,16315.838926809078,169.90822931714564,327,Summer,Wednesday
2024-04-18,P003,Clothing,343.95749666771974,5,339.5971173656634,18,6191.234940018955,211.1428375533045,295,Summer,Thursday
2024-04-19,P003,Clothing,335.45746788642464,10,307.51197852886537,34,11405.553908138438,201.55801407314422,312,Summer,Friday
2024-04-20,P003,Clothing,317.1608525910477,15,302.991518781686,54,17126.686039916578,236.66653448201922,101,Summer,Saturday
2024-04-21,P003,Clothing,281.9626411529589,15,283.1523080554888,55,15507.94526341274,210.49630906759631,55,Summer,Sunday
2024-04-22,P003,Clothing,140.46042316737143,20,154.01271246363282,55,7725.323274205429,92.20137758050033,55,Summer,Monday
2024-04-23,P003,Clothing,456.74719350043245,15,424.7417046691508,0,0.0,304.8600689878681,162,Summer,Tuesday
2024-04-24,P003,Clothing,171.48244837304355,10,182.75248524274218,76,13032.66607635131,113.83448375344352,76,Summer,Wednesday
2024-04-25,P003,Clothing,294.8061566801092,10,271.6300061937338,43,12676.664737244697,198.7199372008917,429,Summer,Thursday
2024-04-26,P003,Clothing,372.50225207474995,20,351.1550059658863,22,8195.049545644499,247.32603065437897,499,Summer,Friday
2024-04-27,P003,Clothing,378.20177440621137,20,407.28332100672174,11,4160.219518468325,231.7640582167567,277,Summer,Saturday
2024-04-28,P003,Clothing,426.0031107935031,15,437.3290151103625,0,0.0,301.61519694559576,114,Summer,Sunday
2024-04-29,P003,Clothing,292.90063692096976,0,320.68622452897426,32,9372.820381471032,176.4948791380087,165,Summer,Monday
2024-04-30,P003,Clothing,101.40434036426025,15,96.44294290963364,97,9836.221015333243,74.29517742036846,392,Summer,Tuesday
2024-05-01,P003,Clothing,469.23432769577175,10,453.21221263353556,0,0.0,291.41723606303015,132,Summer,Wednesday
2024-05-02,P003,Clothing,435.74834541515617,15,423.2306544041472,0,0.0,273.9514326224075,395,Summer,Thursday
2024-05-03,P003,Clothing,326.22411738321637,0,318.8656663770316,30,9786.723521496491,240.21713224174653,248,Summer,Friday
2024-05-04,P003,Clothing,367.3037748832698,5,372.7335758220399,15,5509.556623249047,221.87943384639772,118,Summer,Saturday
2024-05-05,P003,Clothing,465.95135224694815,15,484.9044533403435,0,0.0,300.47684624868907,409,Summer,Sunday
2024-05-06,P003,Clothing,126.84338461054065,0,137.88286906995063,85,10781.687691895955,94.27459344042786,480,Summer,Monday
2024-05-07,P003,Clothing,470.6002476176885,5,467.0740346252783,0,0.0,304.48838093036534,55,Summer,Tuesday
2024-05-08,P003,Clothing,193.97167721165732,10,174.96132670574517,84,16293.620885779215,126.23086355255343,115,Summer,Wednesday
2024-05-09,P003,Clothing,174.71092265442803,5,190.7419302272995,87,15199.85027093524,127.423797004769,265,Summer,Thursday
2024-05-10,P003,Clothing,124.97007347300536,0,117.97010759743338,104,12996.887641192558,93.18803661476755,424,Summer,Friday
2024-05-11,P003,Clothing,373.355453257367,5,361.33553950299535,18,6720.398158632606,256.0142059013882,491,Summer,Saturday
2024-05-12,P003,Clothing,179.07915541743225,15,179.14014921103023,111,19877.78625133498,131.65512127511047,396,Summer,Sunday
2024-05-13,P003,Clothing,326.86581851834825,0,305.9014799185484,31,10132.840374068795,235.98655300457486,460,Summer,Monday
2024-05-14,P003,Clothing,374.7510238600738,0,357.25390758412044,13,4871.76331018096,244.2368848472735,352,Summer,Tuesday
2024-05-15,P003,Clothing,181.99197728173823,0,184.1842934134934,65,11829.478523312984,114.76081977383723,126,Summer,Wednesday
2024-05-16,P003,Clothing,433.137237146735,10,399.5432314330531,2,866.27447429347,324.23994420810897,473,Summer,Thursday
2024-05-17,P003,Clothing,446.05973390854854,10,471.1223297932346,0,0.0,333.9765886853974,304,Summer,Friday
2024-05-18,P003,Clothing,337.06345915417864,5,360.97044047650115,23,7752.459560546109,212.06341515801205,261,Summer,Saturday
2024-05-19,P003,Clothing,200.70375461817923,5,196.30526464788775,76,15253.485350981622,131.90356517822553,280,Summer,Sunday
2024-05-20,P003,Clothing,333.6646925104196,20,337.409447489497,37,12345.593622885526,220.45169934442717,248,Summer,Monday
2024-05-21,P003,Clothing,167.88536655796426,10,152.056960886096,82,13766.600057753069,123.61959449571805,372,Summer,Tuesday
2024-05-22,P003,Clothing,499.9266877450711,20,524.5952303700855,0,0.0,308.19428631602034,226,Summer,Wednesday
2024-05-23,P003,Clothing,290.2603937806547,10,283.37175861909344,47,13642.23850769077,182.22263831335002,495,Summer,Thursday
2024-05-24,P003,Clothing,458.40620918464896,20,427.60497432501387,0,0.0,276.8288293123185,308,Summer,Friday
2024-05-25,P003,Clothing,190.58587667095796,15,174.3092230032652,97,18486.83003708292,139.08487937358592,444,Summer,Saturday
2024-05-26,P003,Clothing,187.66462149518608,0,181.6678075803491,77,14450.175855129328,121.55410605881241,228,Summer,Sunday
2024-05-27,P003,Clothing,177.10172875481584,5,171.01309443574436,77,13636.83311412082,128.05371530393646,449,Summer,Monday
2024-05-28,P003,Clothing,218.80809152432653,0,232.78269145268217,62,13566.101674508245,157.04470635354883,460,Summer,Tuesday
2024-05-29,P003,Clothing,149.3022479803527,10,148.2432048726825,91,13586.504566212096,99.08045667845336,154,Summer,Wednesday
2024-05-30,P003,Clothing,349.8234543669578,10,373.0191962279218,13,4547.704906770451,234.218288625459,170,Summer,Thursday
2024-05-31,P003,Clothing,218.84686325113677,5,235.68945269863923,58,12693.118068565933,155.068165314665,446,Summer,Friday
2024-06-01,P003,Clothing,107.11919868837971,5,101.82666391276526,74,7926.820702940098,75.25167832731115,74,Monsoon,Saturday
2024-06-02,P003,Clothing,309.87653656770783,15,299.62937112519415,38,11775.308389572898,203.54816259752556,102,Monsoon,Sunday
2024-06-03,P003,Clothing,479.51868502346383,0,451.7907894868425,0,0.0,304.8824499088052,127,Monsoon,Monday
2024-06-04,P003,Clothing,361.3733676991201,10,374.7579583637251,12,4336.480412389441,218.28677161286382,468,Monsoon,Tuesday
2024-06-05,P003,Clothing,244.49711761640418,10,240.79729626974301,41,10024.381822272571,180.2808549269274,139,Monsoon,Wednesday
2024-06-06,P003,Clothing,336.8257231019667,15,336.41519950035286,19,6399.688738937367,228.03554149367207,479,Monsoon,Thursday
2024-06-07,P003,Clothing,368.9625174382303,0,360.43276306964833,8,2951.7001395058423,258.60483630083115,82,Monsoon,Friday
2024-06-08,P003,Clothing,337.1817091709613,10,329.29589299693214,24,8092.3610201030715,234.185974969447,79,Monsoon,Saturday
2024-06-09,P003,Clothing,221.39147920552762,10,231.3528030594118,54,11955.13987709849,133.35609626604148,291,Monsoon,Sunday
2024-06-10,P003,Clothing,111.5205482277334,0,106.73963713758216,85,9479.246599357339,71.06752783422783,147,Monsoon,Monday
2024-06-11,P003,Clothing,444.2914237552339,10,462.0772706691504,0,0.0,311.4769782575076,326,Monsoon,Tuesday
2024-06-12,P003,Clothing,324.75924120057056,15,322.0907935216456,31,10067.536477217687,242.08716729690045,414,Monsoon,Wednesday
2024-06-13,P003,Clothing,482.84967827422406,15,461.3300930917929,0,0.0,352.9657299069236,479,Monsoon,Thursday
2024-06-14,P003,Clothing,159.68445918526743,10,159.99670121707118,61,9740.752010301314,100.01329031525033,440,Monsoon,Friday
2024-06-15,P003,Clothing,431.71467101220566,10,406.62586527550246,0,0.0,320.4757203857733,268,Monsoon,Saturday
2024-06-16,P003,Clothing,198.09198329267153,10,179.87730158925876,61,12083.610980852964,125.86527236294772,392,Monsoon,Sunday
2024-06-17,P003,Clothing,410.3895634999553,10,426.01535720435555,0,0.0,303.7612166600316,165,Monsoon,Monday
2024-06-18,P003,Clothing,173.15506035862109,10,188.56860343077747,65,11255.078923310371,129.52372569058198,137,Monsoon,Tuesday
2024-06-19,P003,Clothing,407.8400605178929,15,400.0827138859584,6,2447.0403631073573,302.88110166118406,470,Monsoon,Wednesday
2024-06-20,P003,Clothing,301.62997873603535,10,278.517363610534,39,11763.56917070538,208.3791766932474,101,Monsoon,Thursday
2024-06-21,P003,Clothing,153.38760178786362,20,153.16905197720232,83,12731.17094839268,106.6032369840657,392,Monsoon,Friday
2024-06-22,P003,Clothing,497.7013276346144,10,543.1412721874692,0,0.0,364.8195313017538,454,Monsoon,Saturday
2024-06-23,P003,Clothing,465.9263903059923,20,443.7635681644482,0,0.0,294.4317528916754,497,Monsoon,Sunday
2024-06-24,P003,Clothing,375.8172734630392,0,404.7764619317039,1,375.8172734630392,245.87414428335174,68,Monsoon,Monday
2024-06-25,P003,Clothing,276.14367897047805,0,251.84189045041765,39,10769.603479848643,185.89817005732212,146,Monsoon,Tuesday
2024-06-26,P003,Clothing,260.6863678741551,20,278.8628707918619,49,12773.6320258336,186.0772226447232,491,Monsoon,Wednesday
2024-06-27,P003,Clothing,172.30796772036126,20,159.71827978658723,87,14990.79319167143,125.29318251736292,188,Monsoon,Thursday
2024-06-28,P003,Clothing,335.0225607943514,20,326.2670925022298,26,8710.586580653136,245.67551748109534,366,Monsoon,Friday
2024-06-29,P003,Clothing,428.9454055249722,20,404.79048128824155,6,2573.6724331498335,292.2668932059987,199,Monsoon,Saturday
2024-06-30,P003,Clothing,168.30182039847858,20,157.71814705097393,74,12454.334709487415,120.29481647241101,469,Monsoon,Sunday
2024-07-01,P003,Clothing,497.8020416882235,5,506.20010320682167,0,0.0,326.27977649984626,143,Monsoon,Monday
2024-07-02,P003,Clothing,331.9330965067455,5,305.9112226072074,30,9957.992895202366,225.7914148996666,419,Monsoon,Tuesday
2024-07-03,P003,Clothing,275.9282951332977,20,281.981911117703,37,10209.346919932015,195.51229301514715,456,Monsoon,Wednesday
2024-07-04,P003,Clothing,253.88465994609462,10,248.07313859412608,45,11424.809697574257,188.2410847131369,187,Monsoon,Thursday
2024-07-05,P003,Clothing,370.3139014684926,10,370.4057746755059,11,4073.4529161534183,235.4739146877502,153,Monsoon,Friday
2024-07-06,P003,Clothing,394.849986358991,5,382.1031210035871,7,2763.949904512937,250.1871548777313,322,Monsoon,Saturday
2024-07-07,P003,Clothing,215.8871672510142,10,196.14805611073572,64,13816.77870406491,151.41648986933035,120,Monsoon,Sunday
2024-07-08,P003,Clothing,373.7730758326395,20,341.9318322485375,18,6727.915364987512,251.2740097585449,401,Monsoon,Monday
2024-07-09,P003,Clothing,367.9075609558405,15,385.27677230028,12,4414.890731470086,249.05385575610288,265,Monsoon,Tuesday
2024-07-10,P003,Clothing,389.93254940972355,15,428.7908078463287,2,779.8650988194471,236.83658790044348,431,Monsoon,Wednesday
2024-07-11,P003,Clothing,183.39778998170422,5,197.61691641415774,51,9353.287289066915,127.58927516919546,285,Monsoon,Thursday
2024-07-12,P003,Clothing,179.18930221398705,15,164.25575834067342,70,12543.251154979094,112.501680298485,127,Monsoon,Friday
2024-07-13,P003,Clothing,358.33394076675853,5,348.75231660150513,19,6808.344874568412,249.69292180310956,494,Monsoon,Saturday
2024-07-14,P003,Clothing,120.92230883332844,10,120.23951257974731,94,11366.697030332874,86.04581450199608,156,Monsoon,Sunday
2024-07-15,P003,Clothing,167.61500654502044,0,173.31144753572877,72,12068.28047124147,112.383093928783,417,Monsoon,Monday
2024-07-16,P003,Clothing,310.47012826783657,15,308.89577915850197,34,10555.984361106443,212.27501611796393,188,Monsoon,Tuesday
2024-07-17,P003,Clothing,493.9463761379371,5,447.41591078945083,0,0.0,353.47261666023553,126,Monsoon,Wednesday
2024-07-18,P003,Clothing,340.18914530010966,20,372.023205245643,19,6463.593760702083,238.8845799834563,495,Monsoon,Thursday
2024-07-19,P003,Clothing,369.4066109888436,20,389.27091677810625,16,5910.505775821498,261.47223376567683,436,Monsoon,Friday
2024-07-20,P003,Clothing,443.12037491303624,20,423.8957249996675,0,0.0,319.44896653081,443,Monsoon,Saturday
2024-07-21,P003,Clothing,106.93837074148718,20,105.14036537582996,125,13367.296342685897,76.75144024975287,338,Monsoon,Sunday
2024-07-22,P003,Clothing,173.03885243483973,10,163.82793787741772,64,11074.486555829742,105.89757428293507,475,Monsoon,Monday
2024-07-23,P003,Clothing,457.71308747347126,5,441.7696219511761,0,0.0,328.5648857742779,334,Monsoon,Tuesday
2024-07-24,P003,Clothing,334.44421435925403,0,350.908936732551,17,5685.551644107319,203.20502978976847,272,Monsoon,Wednesday
2024-07-25,P003,Clothing,108.8663023562447,5,102.9371523328052,68,7402.90856022464,75.48023497653833,242,Monsoon,Thursday
2024-07-26,P003,Clothing,295.01102816199995,0,288.9646195512545,26,7670.286732211998,195.74350671021205,372,Monsoon,Friday
2024-07-27,P003,Clothing,146.76125691201935,5,156.88163024146817,73,10713.571754577413,92.36658436067397,296,Monsoon,Saturday
2024-07-28,P003,Clothing,127.57308084963563,15,138.08663098155805,112,14288.18505515919,85.35774707197199,354,Monsoon,Sunday
2024-07-29,P003,Clothing,290.826699826909,0,272.7749487179334,35,10178.934493941815,184.44763275328054,53,Monsoon,Monday
