synthetic_retail_demand.csv
date,product_id,category,price,discount_pct,competitor_price,units_sold,revenue,cost,inventory_level,season,day_of_week
2024-07-30,P003,Clothing,254.9766469420939,0,239.20636188613503,47,11983.902406278414,153.26038530040006,240,Monsoon,Tuesday
2024-07-31,P003,Clothing,411.2502645146087,0,422.7360272514331,0,0.0,248.89212701199827,162,Monsoon,Wednesday
2024-08-01,P003,Clothing,467.986609145457,5,460.1046758648019,0,0.0,301.85076414882275,95,Monsoon,Thursday
2024-08-02,P003,Clothing,206.8829107026276,5,207.50283135980962,59,12206.09173145503,134.1168381667055,396,Monsoon,Friday
2024-08-03,P003,Clothing,252.1515748153893,20,257.9625338806358,48,12103.275591138687,167.3813102875455,284,Monsoon,Saturday
2024-08-04,P003,Clothing,312.5593227985289,15,333.9751611734155,31,9689.339006754397,225.300719724241,276,Monsoon,Sunday
2024-08-05,P003,Clothing,330.92256727589915,0,352.1430161543299,12,3971.07080731079,208.24264608602414,330,Monsoon,Monday
2024-08-06,P003,Clothing,427.73845948870843,0,416.9979362946427,0,0.0,320.1477632638758,441,Monsoon,Tuesday
2024-08-07,P003,Clothing,379.00875544323,0,412.2638035491701,0,0.0,253.48610775074096,195,Monsoon,Wednesday
2024-08-08,P003,Clothing,291.7301111086062,0,296.0807933265603,31,9043.633444366793,177.15687208475208,469,Monsoon,Thursday
2024-08-09,P003,Clothing,463.7908433471563,10,508.85031891871876,0,0.0,323.81940782373914,316,Monsoon,Friday
2024-08-10,P003,Clothing,145.0949152786785,5,137.92247324371453,94,13638.92203619578,95.58811912241872,384,Monsoon,Saturday
2024-08-11,P003,Clothing,378.47012025430706,15,402.77384981778533,10,3784.7012025430704,277.3740940855832,140,Monsoon,Sunday
2024-08-12,P003,Clothing,299.25937489382676,20,276.9745248803647,42,12568.893745540723,215.58114047569052,160,Monsoon,Monday
2024-08-13,P003,Clothing,230.5987790065594,0,211.43801908826313,55,12682.932845360767,172.442160758414,255,Monsoon,Tuesday
2024-08-14,P003,Clothing,214.2041794958236,0,213.9264417879675,50,10710.208974791181,141.90804592730515,368,Monsoon,Wednesday
2024-08-15,P003,Clothing,482.79047588412425,15,437.3527532255649,0,0.0,314.2852094564137,272,Monsoon,Thursday
2024-08-16,P003,Clothing,252.04674354982566,0,239.55623413217558,39,9829.8229984432,184.40741794488946,65,Monsoon,Friday
2024-08-17,P003,Clothing,188.59589000805698,15,183.3713474426335,71,13390.308190572046,128.5716633035564,429,Monsoon,Saturday
2024-08-18,P003,Clothing,304.8777907038424,15,331.5721358181916,34,10365.84488393064,183.27384255101788,52,Monsoon,Sunday
2024-08-19,P003,Clothing,427.96680775147536,5,444.7752768691932,0,0.0,263.8699835221495,361,Monsoon,Monday
2024-08-20,P003,Clothing,114.893041966375,10,119.38428274796155,89,10225.480735007375,73.3391496859989,488,Monsoon,Tuesday
2024-08-21,P003,Clothing,348.2843454943795,10,374.4707257289511,14,4875.980836921313,218.16881615805434,364,Monsoon,Wednesday
2024-08-22,P003,Clothing,160.908274268919,10,172.25992647431093,68,10941.762650286491,112.1241461281321,335,Monsoon,Thursday
2024-08-23,P003,Clothing,302.68470557311934,15,305.89758914857856,37,11199.334106205415,205.98353538434066,306,Monsoon,Friday
2024-08-24,P003,Clothing,323.14153965207817,5,350.7259584035,20,6462.830793041563,228.09047267945806,92,Monsoon,Saturday
2024-08-25,P003,Clothing,280.28719421285894,5,266.24388568574784,36,10090.338991662922,175.77801412307116,229,Monsoon,Sunday
2024-08-26,P003,Clothing,490.15939104209036,0,458.44619828740827,0,0.0,338.971817600184,91,Monsoon,Monday
2024-08-27,P003,Clothing,475.23174531050006,15,442.1520540584293,0,0.0,287.8572502137296,87,Monsoon,Tuesday
2024-08-28,P003,Clothing,105.73138218092085,20,97.00748914662356,83,8775.704721016431,63.759978545579436,260,Monsoon,Wednesday
2024-08-29,P003,Clothing,416.61304746675677,20,432.93342034367083,1,416.61304746675677,286.61211364454454,217,Monsoon,Thursday
2024-08-30,P003,Clothing,247.43067753525506,20,262.1078168039921,38,9402.365746339692,180.430592093992,113,Monsoon,Friday
2024-08-31,P003,Clothing,220.87069256506302,5,214.2414148290303,65,14356.595016729096,150.51274791279207,370,Monsoon,Saturday
2024-09-01,P003,Clothing,256.1156403357335,0,275.1733808991067,38,9732.394332757873,168.79507730627583,84,Autumn,Sunday
2024-09-02,P003,Clothing,223.73070968672477,20,222.6205092325098,62,13871.304000576936,139.6874730872208,429,Autumn,Monday
2024-09-03,P003,Clothing,486.80639551958916,10,512.5913032560654,0,0.0,321.6760762032806,448,Autumn,Tuesday
2024-09-04,P003,Clothing,230.73867885228628,15,250.94180162526695,46,10613.979227205169,167.05548314153637,311,Autumn,Wednesday
2024-09-05,P003,Clothing,195.02633735339396,15,191.1384944690035,66,12871.738265324002,119.43623580869587,131,Autumn,Thursday
2024-09-06,P003,Clothing,360.193339997875,20,333.0073313109876,25,9004.833499946875,232.11491674457855,344,Autumn,Friday
2024-09-07,P003,Clothing,209.8287002598966,15,212.11395419701932,78,16366.638620271935,145.78687099291358,93,Autumn,Saturday
2024-09-08,P003,Clothing,229.78136864726704,0,212.77786700395032,77,17693.165385839562,161.79276800001125,440,Autumn,Sunday
2024-09-09,P003,Clothing,165.97866430327528,10,158.31741843130789,81,13444.271808565298,120.23151976202399,88,Autumn,Monday
2024-09-10,P003,Clothing,186.05209056987167,10,190.92332243771773,60,11163.1254341923,117.52691198843563,397,Autumn,Tuesday
2024-09-11,P003,Clothing,158.21581252905852,0,153.8256948762577,70,11075.106877034097,95.450901274122,366,Autumn,Wednesday
2024-09-12,P003,Clothing,326.09055246833225,15,322.98298139639047,33,10760.988231454965,220.9613368006854,112,Autumn,Thursday
2024-09-13,P003,Clothing,133.58228122836064,5,122.47867479380669,77,10285.835654583769,88.06332597428427,366,Autumn,Friday
2024-09-14,P003,Clothing,292.4973821507346,20,305.95290456722785,55,16087.356018290404,210.66186617373782,83,Autumn,Saturday
2024-09-15,P003,Clothing,411.15605695687003,5,438.5431315731234,0,0.0,279.8507758190661,307,Autumn,Sunday
2024-09-16,P003,Clothing,170.8466274713492,0,165.85485888875547,77,13155.190315293888,121.83993665909138,461,Autumn,Monday
2024-09-17,P003,Clothing,451.2865241096812,15,452.56551946336276,0,0.0,317.03983635144675,97,Autumn,Tuesday
2024-09-18,P003,Clothing,333.96460010872715,0,327.7314971086513,21,7013.256602283271,226.96043975932065,221,Autumn,Wednesday
2024-09-19,P003,Clothing,429.8525871956453,15,419.23438538061714,0,0.0,263.14004029715346,446,Autumn,Thursday
2024-09-20,P003,Clothing,366.7581083481369,15,331.251939473309,25,9168.952708703422,266.9838019461661,484,Autumn,Friday
2024-09-21,P003,Clothing,474.1529042931145,15,442.8665425602576,0,0.0,310.61476637452097,444,Autumn,Saturday
2024-09-22,P003,Clothing,458.99995096048167,5,497.99529330596886,0,0.0,286.89639653947916,52,Autumn,Sunday
2024-09-23,P003,Clothing,357.4565491514905,15,391.64538561022334,13,4646.935138969377,239.74020935257275,285,Autumn,Monday
2024-09-24,P003,Clothing,227.54150824595035,5,213.74033605107877,64,14562.656527740823,142.0001579440938,83,Autumn,Tuesday
2024-09-25,P003,Clothing,309.30321926219256,5,336.0772491753239,23,7113.974043030429,218.76234476164504,234,Autumn,Wednesday
2024-09-26,P003,Clothing,293.40282983106613,5,295.92271450722745,35,10269.099044087314,207.62434296357637,270,Autumn,Thursday
2024-09-27,P003,Clothing,469.7715008629892,0,475.5791807311278,0,0.0,320.3436217417053,238,Autumn,Friday
2024-09-28,P003,Clothing,482.46627355530825,10,527.0716389809303,0,0.0,311.23251171901325,426,Autumn,Saturday
2024-09-29,P003,Clothing,211.22142238535503,10,195.16914158098467,67,14151.835299818787,150.52157203940416,206,Autumn,Sunday
2024-09-30,P003,Clothing,193.66747447865697,10,191.95264197888454,73,14137.72563694196,145.16818527002405,435,Autumn,Monday
2024-10-01,P003,Clothing,387.935384540196,10,397.7280367428854,7,2715.547691781372,273.41357449457706,426,Autumn,Tuesday
2024-10-02,P003,Clothing,318.91710573879266,15,293.28949409557055,36,11481.015806596535,216.41024054674588,214,Autumn,Wednesday
2024-10-03,P003,Clothing,461.2610044809173,10,468.9074205471326,0,0.0,319.08222882774305,156,Autumn,Thursday
2024-10-04,P003,Clothing,423.9526342822843,5,422.4344486414803,0,0.0,307.5438176044735,117,Autumn,Friday
2024-10-05,P003,Clothing,284.39191467734287,15,269.1586636963536,49,13935.203819189801,201.29382238950512,271,Autumn,Saturday
2024-10-06,P003,Clothing,475.8258812938717,15,476.3898543471735,0,0.0,321.853517801671,111,Autumn,Sunday
2024-10-07,P003,Clothing,107.01902512906014,0,109.54261005829214,78,8347.483960066691,75.35828320617405,368,Autumn,Monday
2024-10-08,P003,Clothing,486.6690666821172,5,453.7503986992195,0,0.0,294.2019478813415,342,Autumn,Tuesday
2024-10-09,P003,Clothing,413.4694372078415,20,412.3382036197463,6,2480.816623247049,256.8488143684578,194,Autumn,Wednesday
2024-10-10,P003,Clothing,154.96619993058727,5,166.4814907354528,59,9143.005795904648,109.96560160572103,95,Autumn,Thursday
2024-10-11,P003,Clothing,269.269135810702,20,242.69233386728496,60,16156.148148642118,182.92370468194974,217,Autumn,Friday
2024-10-12,P003,Clothing,455.79599615981203,15,440.5157945446433,0,0.0,324.55323662556106,52,Autumn,Saturday
2024-10-13,P003,Clothing,424.8528423212156,0,434.16228763987704,0,0.0,298.35732393487456,233,Autumn,Sunday
2024-10-14,P003,Clothing,303.4961157720568,15,316.3841806697166,39,11836.348515110214,192.80220393621613,386,Autumn,Monday
2024-10-15,P003,Clothing,200.6717615441241,5,182.2502820121018,78,15652.397400441681,145.36614725409368,423,Autumn,Tuesday
2024-10-16,P003,Clothing,247.55917740823742,0,265.04197361578736,38,9407.248741513022,175.74669032516618,438,Autumn,Wednesday
2024-10-17,P003,Clothing,494.5053858211089,10,489.00500504915317,0,0.0,300.0657174440178,409,Autumn,Thursday
2023-01-01,P004,Clothing,173.36180394137352,15,177.23308260497433,98,16989.456786254606,104.2008364778377,394,Winter,Sunday
2023-01-02,P004,Clothing,343.99866311304834,10,372.1597973330476,21,7223.971925374015,219.75219302445277,409,Winter,Monday
2023-01-03,P004,Clothing,106.25456269647758,0,112.04001247808154,112,11900.511022005488,66.91990479423845,112,Winter,Tuesday
2023-01-04,P004,Clothing,116.17343581537254,5,105.14669769169288,112,13011.424811321725,71.58417915454886,112,Winter,Wednesday
2023-01-05,P004,Clothing,462.7313766183016,0,437.55278926502126,0,0.0,307.2842522202949,165,Winter,Thursday
2023-01-06,P004,Clothing,211.45858569464457,0,217.14053476198941,66,13956.26665584654,148.46630322584755,102,Winter,Friday
2023-01-07,P004,Clothing,476.2093057958416,5,508.3734448147154,0,0.0,333.991071712763,490,Winter,Saturday
2023-01-08,P004,Clothing,342.57162386383595,10,333.8211638529679,27,9249.43384432357,253.85243032302049,202,Winter,Sunday
2023-01-09,P004,Clothing,301.0548372420768,15,311.22591829970594,42,12644.303164167226,219.65717619313662,366,Winter,Monday
2023-01-10,P004,Clothing,472.00673392433276,5,482.86357101472686,0,0.0,353.3008529841383,499,Winter,Tuesday
2023-01-11,P004,Clothing,331.3120563984696,10,329.03249812712613,35,11595.921973946437,225.75494031186628,174,Winter,Wednesday
2023-01-12,P004,Clothing,275.5885682822544,5,249.42698647058032,52,14330.60555067723,205.14737572339334,328,Winter,Thursday
2023-01-13,P004,Clothing,442.1842336044029,15,413.4714664476966,0,0.0,266.44879546183364,481,Winter,Friday
2023-01-14,P004,Clothing,254.4410551203097,0,262.1498441575407,50,12722.052756015484,160.55298106277155,334,Winter,Saturday
2023-01-15,P004,Clothing,496.2020568002693,15,483.501078987698,0,0.0,355.5098902871464,201,Winter,Sunday
2023-01-16,P004,Clothing,340.9763703604476,15,352.741313755115,30,10229.291110813429,243.06711264616507,200,Winter,Monday
2023-01-17,P004,Clothing,332.5221668907129,20,323.9192961783834,45,14963.497510082081,240.05438113727254,376,Winter,Tuesday
2023-01-18,P004,Clothing,311.3480485188837,20,340.19273525584293,37,11519.877795198696,187.37646990764716,209,Winter,Wednesday
2023-01-19,P004,Clothing,241.34089121042112,5,230.04314125288292,75,18100.566840781583,157.8494356892742,277,Winter,Thursday
2023-01-20,P004,Clothing,252.3563426524086,10,269.6235186913502,44,11103.67907670598,183.14744047066023,147,Winter,Friday
2023-01-21,P004,Clothing,290.4842787156057,10,291.65571473098544,64,18590.993837798764,211.4223664975855,103,Winter,Saturday
2023-01-22,P004,Clothing,379.05674859738536,20,352.300912834819,34,12887.929452311102,280.11844303107455,379,Winter,Sunday
2023-01-23,P004,Clothing,211.43613561278346,20,191.63745384102887,83,17549.199255861025,144.26441804722828,182,Winter,Monday
2023-01-24,P004,Clothing,114.67328115623916,10,119.56638056558045,118,13531.44717643622,84.20241450240728,287,Winter,Tuesday
2023-01-25,P004,Clothing,334.61417386430367,15,309.69079200213235,44,14723.023650029361,215.01182036079737,55,Winter,Wednesday
2023-01-26,P004,Clothing,203.16113081797593,10,216.1984467623273,75,15237.084811348195,143.79106722891822,252,Winter,Thursday
2023-01-27,P004,Clothing,423.94977834185397,0,393.3257468934891,0,0.0,254.54225978598419,314,Winter,Friday
2023-01-28,P004,Clothing,463.1464521850064,0,498.0862706329778,0,0.0,305.1518051880275,345,Winter,Saturday
2023-01-29,P004,Clothing,160.66995189310046,0,167.32106004326013,82,13174.936055234237,115.1659385347506,338,Winter,Sunday
2023-01-30,P004,Clothing,237.00970287141735,5,258.2118011555637,48,11376.465737828032,147.65768729596897,190,Winter,Monday
2023-01-31,P004,Clothing,232.85856506197558,10,237.10941846056977,60,13971.513903718534,153.6518185990424,358,Winter,Tuesday
2023-02-01,P004,Clothing,185.0723137364905,0,173.15498802622108,82,15175.929726392222,137.72351433952466,226,Winter,Wednesday
2023-02-02,P004,Clothing,233.74512452419287,10,227.82245859574402,67,15660.923343120923,149.739861815246,415,Winter,Thursday
2023-02-03,P004,Clothing,217.2590921044053,5,196.09814011347547,84,18249.763736770044,133.14208112973665,200,Winter,Friday
2023-02-04,P004,Clothing,304.9830623527686,0,307.5226084099534,35,10674.407182346902,211.969856524115,408,Winter,Saturday
2023-02-05,P004,Clothing,366.01466981850217,5,396.35084012981565,9,3294.1320283665195,242.60022520081523,239,Winter,Sunday
2023-02-06,P004,Clothing,438.5631397258229,10,447.0574805020198,0,0.0,285.125941364123,203,Winter,Monday
2023-02-07,P004,Clothing,355.57975413370474,0,366.8717842328085,15,5333.696312005571,250.27178207079038,247,Winter,Tuesday
2023-02-08,P004,Clothing,338.5079513928212,10,342.6158939205001,29,9816.730590391815,227.53126175467767,180,Winter,Wednesday
2023-02-09,P004,Clothing,260.77236544369686,20,259.7178711993444,74,19297.15504283357,179.18023386778992,285,Winter,Thursday
2023-02-10,P004,Clothing,340.3193785768792,20,373.61519948025307,22,7487.026328691343,242.1382327587066,309,Winter,Friday
2023-02-11,P004,Clothing,189.77622873466427,20,191.17960204193483,119,22583.371219425047,130.74462294586397,447,Winter,Saturday
2023-02-12,P004,Clothing,336.96311386380705,5,341.76948441314545,30,10108.893415914212,235.6439670161041,89,Winter,Sunday
2023-02-13,P004,Clothing,432.85367118309676,20,411.9631427917504,5,2164.268355915484,272.2519431292657,62,Winter,Monday
2023-02-14,P004,Clothing,348.3662071069908,10,372.92007873777794,22,7664.056556353798,260.7598592274398,224,Winter,Tuesday
2023-02-15,P004,Clothing,485.2946613760528,15,507.7414871437351,0,0.0,357.3849052586779,406,Winter,Wednesday
2023-02-16,P004,Clothing,217.66718933739116,15,238.0195618842678,64,13930.700117593035,136.65556040071613,64,Winter,Thursday
2023-02-17,P004,Clothing,389.71412325056474,10,358.92126542246115,17,6625.1400952596005,247.9777281219439,426,Winter,Friday
2023-02-18,P004,Clothing,474.4848984974759,0,494.32411036777546,0,0.0,346.6801935397501,227,Winter,Saturday
2023-02-19,P004,Clothing,299.2782865812556,5,270.5991151277909,66,19752.36691436287,208.89308751139026,86,Winter,Sunday
2023-02-20,P004,Clothing,294.66757656988113,5,300.426769799424,36,10608.03275651572,211.8493135504925,344,Winter,Monday
2023-02-21,P004,Clothing,487.764928934115,5,522.6875568749148,0,0.0,293.3196645247434,498,Winter,Tuesday
2023-02-22,P004,Clothing,422.2680611800213,15,453.0274330193952,0,0.0,288.7135568673928,300,Winter,Wednesday
2023-02-23,P004,Clothing,366.74570301844176,15,339.29416454582383,29,10635.62538753481,227.34830116343505,357,Winter,Thursday
2023-02-24,P004,Clothing,360.49319081659684,5,349.5755584426773,16,5767.891053065549,224.90922039884853,241,Winter,Friday
2023-02-25,P004,Clothing,252.16788169311909,20,249.58031759299425,70,17651.751718518335,160.28587905955328,340,Winter,Saturday
2023-02-26,P004,Clothing,103.02514999125685,20,111.2265813925918,133,13702.34494883716,65.57781001350244,252,Winter,Sunday
2023-02-27,P004,Clothing,417.3629032591349,20,397.0425705879908,11,4590.991935850484,310.7012353967914,423,Winter,Monday
2023-02-28,P004,Clothing,349.5437298706292,0,344.2268071165706,21,7340.418327283213,217.7474171750877,98,Winter,Tuesday
2023-03-01,P004,Clothing,389.73552685149645,5,421.3450105694863,0,0.0,279.00909497188667,85,Summer,Wednesday
2023-03-02,P004,Clothing,233.42781978888016,15,214.22919366497547,74,17273.658664377133,173.72862228976823,336,Summer,Thursday
2023-03-03,P004,Clothing,163.72160824759212,20,148.5334945537047,86,14080.058309292923,105.67726423967792,163,Summer,Friday
2023-03-04,P004,Clothing,156.5112197102023,15,166.4883405606024,90,14086.009773918207,101.47861890663252,212,Summer,Saturday
2023-03-05,P004,Clothing,410.6894521886771,15,395.2324263458848,8,3285.5156175094166,277.5937399701487,195,Summer,Sunday
2023-03-06,P004,Clothing,498.67874154119073,0,472.0139442661938,0,0.0,315.72368155728765,270,Summer,Monday
2023-03-07,P004,Clothing,196.4805830398166,20,184.64680421551853,80,15718.446643185327,119.79273826336944,209,Summer,Tuesday
2023-03-08,P004,Clothing,201.86824881842045,5,219.24179276156187,63,12717.699675560489,128.78361869278652,281,Summer,Wednesday
2023-03-09,P004,Clothing,239.8812918983398,10,247.62325002993896,47,11274.420719221971,150.5925179500881,491,Summer,Thursday
2023-03-10,P004,Clothing,468.1188724877631,15,435.97206693987175,0,0.0,283.9423442738296,322,Summer,Friday
