synthetic_retail_demand.csv
date,product_id,category,price,discount_pct,competitor_price,units_sold,revenue,cost,inventory_level,season,day_of_week
2023-03-11,P004,Clothing,474.95522659884756,20,496.60816719419114,0,0.0,292.66340067678345,262,Summer,Saturday
2023-03-12,P004,Clothing,451.9265943767755,5,425.17576083696645,0,0.0,308.7846042352634,433,Summer,Sunday
2023-03-13,P004,Clothing,365.2168018001969,20,330.81859293080436,33,12052.154459406498,228.27246843176886,237,Summer,Monday
2023-03-14,P004,Clothing,249.38503845766937,0,246.09412187683148,41,10224.786576764443,152.9453663090542,165,Summer,Tuesday
2023-03-15,P004,Clothing,203.71870354630948,5,218.90512822655234,63,12834.278323417497,147.9588643326278,470,Summer,Wednesday
2023-03-16,P004,Clothing,414.8506410406416,5,395.9292805796354,2,829.7012820812832,296.1659130197712,155,Summer,Thursday
2023-03-17,P004,Clothing,179.23905310389605,0,177.94611171713711,86,15414.55856693506,133.6766290966022,433,Summer,Friday
2023-03-18,P004,Clothing,264.70621663380336,20,277.9036063250288,53,14029.429481591578,170.36178001386043,473,Summer,Saturday
2023-03-19,P004,Clothing,299.1250032137161,15,296.235265393205,56,16751.000179968105,197.30500838412834,476,Summer,Sunday
2023-03-20,P004,Clothing,361.71702092998476,10,348.20052360374603,17,6149.189355809741,260.35992947114335,415,Summer,Monday
2023-03-21,P004,Clothing,316.31750199421776,10,332.7395939000375,33,10438.477565809186,236.67186597404665,499,Summer,Tuesday
2023-03-22,P004,Clothing,112.44623996694307,20,116.40834085132813,84,9445.484157223218,72.95125260018327,473,Summer,Wednesday
2023-03-23,P004,Clothing,324.17625239217597,10,317.02877466307643,36,11670.345086118336,212.9596257835005,191,Summer,Thursday
2023-03-24,P004,Clothing,187.37727315332285,20,188.90246706836635,66,12366.900028119308,115.13961876057208,335,Summer,Friday
2023-03-25,P004,Clothing,363.5300280560282,15,343.1887272480939,34,12360.020953904957,244.74884322001992,250,Summer,Saturday
2023-03-26,P004,Clothing,295.06682744850576,15,321.6541811192352,53,15638.541854770805,203.62492716060115,488,Summer,Sunday
2023-03-27,P004,Clothing,285.14078200634026,20,289.24958330890394,39,11120.49049824727,193.01184064709787,412,Summer,Monday
2023-03-28,P004,Clothing,481.61325103401623,20,433.6026810105097,0,0.0,334.94285054888974,392,Summer,Tuesday
2023-03-29,P004,Clothing,155.54853055860679,0,159.0506580747913,84,13066.07656692297,113.71449818988579,133,Summer,Wednesday
2023-03-30,P004,Clothing,444.69699796731817,15,420.35242619570454,0,0.0,292.4487296166703,244,Summer,Thursday
2023-03-31,P004,Clothing,312.43413795409714,15,317.446926167491,38,11872.497242255691,213.69034929032995,80,Summer,Friday
2023-04-01,P004,Clothing,493.6052652841857,20,504.1563089925755,0,0.0,307.3865799347543,450,Summer,Saturday
2023-04-02,P004,Clothing,350.4937285684255,10,329.97645681018514,36,12617.774228463319,251.42956755818847,148,Summer,Sunday
2023-04-03,P004,Clothing,479.6448572357762,5,525.7854817019864,0,0.0,322.5664979335736,401,Summer,Monday
2023-04-04,P004,Clothing,457.23608207816596,10,440.0347765393377,0,0.0,291.9027770710361,374,Summer,Tuesday
2023-04-05,P004,Clothing,102.2663258118269,20,108.85077665953455,122,12476.491749042882,73.77262396026886,306,Summer,Wednesday
2023-04-06,P004,Clothing,366.74176840570715,15,393.3966163811326,15,5501.126526085607,242.1214131925544,264,Summer,Thursday
2023-04-07,P004,Clothing,429.0139177536787,15,398.3716811637197,5,2145.0695887683933,307.30349409215955,61,Summer,Friday
2023-04-08,P004,Clothing,225.33916703405725,15,243.69078075543476,86,19379.168364928923,167.0771783916228,132,Summer,Saturday
2023-04-09,P004,Clothing,141.92322599902883,15,152.30690159579973,115,16321.170989888315,95.28656697790912,195,Summer,Sunday
2023-04-10,P004,Clothing,385.28275331304707,0,415.35137543299174,0,0.0,247.77974608605578,276,Summer,Monday
2023-04-11,P004,Clothing,409.168592750446,15,448.1225739906291,0,0.0,253.20683635436026,230,Summer,Tuesday
2023-04-12,P004,Clothing,221.16629153327705,10,230.46126636738148,62,13712.310075063177,163.79725185977495,275,Summer,Wednesday
2023-04-13,P004,Clothing,165.55240951219287,10,157.60274767254708,79,13078.640351463237,107.90355598647349,101,Summer,Thursday
2023-04-14,P004,Clothing,166.2999119280624,20,165.67906036043973,100,16629.99119280624,122.17243000779689,157,Summer,Friday
2023-04-15,P004,Clothing,484.0542417621789,20,527.8995647988287,0,0.0,360.6484379250715,57,Summer,Saturday
2023-04-16,P004,Clothing,111.66790545810579,10,120.48169238003013,108,12060.133789475425,67.00815994621378,277,Summer,Sunday
2023-04-17,P004,Clothing,302.38316309397266,10,317.60949630649344,29,8769.111729725208,191.80289869084214,242,Summer,Monday
2023-04-18,P004,Clothing,337.5209923238462,15,346.7044301360064,31,10463.150762039233,220.95917601106214,427,Summer,Tuesday
2023-04-19,P004,Clothing,181.43135101854418,20,174.3171560427698,69,12518.763220279548,115.12953155689662,228,Summer,Wednesday
2023-04-20,P004,Clothing,317.79878364154604,5,287.33277245540205,37,11758.554994737204,203.50338766415481,303,Summer,Thursday
2023-04-21,P004,Clothing,112.34316172322897,0,105.49563487748246,102,11459.002495769355,73.22541805256684,311,Summer,Friday
2023-04-22,P004,Clothing,318.57212643113894,0,321.167505965308,31,9875.735919365306,211.67186984636615,332,Summer,Saturday
2023-04-23,P004,Clothing,241.18340138094263,0,262.16608871147145,55,13265.087075951844,160.28591365259675,461,Summer,Sunday
2023-04-24,P004,Clothing,171.7458728048842,5,158.4631673866499,87,14941.890934024925,113.44504464525815,131,Summer,Monday
2023-04-25,P004,Clothing,486.00614778178874,10,503.11611941473797,0,0.0,343.117657814168,97,Summer,Tuesday
2023-04-26,P004,Clothing,435.9206426657707,5,456.79324054727874,0,0.0,275.58910858285185,215,Summer,Wednesday
2023-04-27,P004,Clothing,242.38841299535773,20,221.8893906903357,66,15997.63525769361,178.56154298968974,252,Summer,Thursday
2023-04-28,P004,Clothing,366.5852190107343,10,363.23796039401714,18,6598.533942193218,254.60702865272685,412,Summer,Friday
2023-04-29,P004,Clothing,174.2586819604972,20,182.8592763492545,107,18645.678969773202,123.38992959223582,352,Summer,Saturday
2023-04-30,P004,Clothing,177.5452271747571,20,183.82822547748765,97,17221.887035951437,128.8421312195585,463,Summer,Sunday
2023-05-01,P004,Clothing,343.10107323826105,10,331.8249763891754,28,9606.83005067131,244.42814423754422,201,Summer,Monday
2023-05-02,P004,Clothing,181.7265533595881,0,198.13435414398376,76,13811.218055328696,130.20224071945682,111,Summer,Tuesday
2023-05-03,P004,Clothing,255.1304359667725,5,275.6313925793977,37,9439.826130770582,160.86507500517848,273,Summer,Wednesday
2023-05-04,P004,Clothing,471.7153609048238,10,502.97760833136385,0,0.0,342.62989846376223,442,Summer,Thursday
2023-05-05,P004,Clothing,409.72107317783804,5,416.178830784297,0,0.0,284.69825171752996,475,Summer,Friday
2023-05-06,P004,Clothing,399.29313253275836,20,385.2788859266539,16,6388.690120524134,255.71801488206785,205,Summer,Saturday
2023-05-07,P004,Clothing,274.5678394918372,20,292.43757465889996,65,17846.909566969418,199.5368787853588,380,Summer,Sunday
2023-05-08,P004,Clothing,404.92104980038397,10,364.86189943345573,14,5668.894697205375,299.95015162675264,246,Summer,Monday
2023-05-09,P004,Clothing,281.9057370210644,5,274.1494571432649,51,14377.192588074284,205.66326292151996,425,Summer,Tuesday
2023-05-10,P004,Clothing,374.2802171734576,10,384.6876145000119,10,3742.8021717345755,278.10152883003104,62,Summer,Wednesday
2023-05-11,P004,Clothing,341.21582202131333,0,338.8279607732849,16,5459.453152341013,248.10081860791564,271,Summer,Thursday
2023-05-12,P004,Clothing,187.88271615656015,15,200.15590453647405,80,15030.617292524812,123.03299669190412,469,Summer,Friday
2023-05-13,P004,Clothing,212.76761716189165,5,210.99872779461822,79,16808.641755789442,150.7992425894434,225,Summer,Saturday
2023-05-14,P004,Clothing,427.1425222620118,10,447.32413593386474,0,0.0,289.14753465046664,319,Summer,Sunday
2023-05-15,P004,Clothing,369.10584576498667,0,350.84588655081535,12,4429.27014917984,250.25786388702136,133,Summer,Monday
2023-05-16,P004,Clothing,294.90614164002034,5,295.6683067910929,41,12091.151807240834,208.08945712481116,62,Summer,Tuesday
2023-05-17,P004,Clothing,389.8393147390516,0,398.28475467023287,1,389.8393147390516,250.33822514532721,239,Summer,Wednesday
2023-05-18,P004,Clothing,473.2820351037225,15,482.4913860447339,0,0.0,330.35442184171046,233,Summer,Thursday
2023-05-19,P004,Clothing,475.598568834391,5,516.3697852145434,0,0.0,289.76854361748224,186,Summer,Friday
2023-05-20,P004,Clothing,402.98577818028707,15,387.98488054588637,12,4835.829338163445,283.5643165775836,178,Summer,Saturday
2023-05-21,P004,Clothing,449.20775761188645,10,441.1990204356199,0,0.0,307.29717441171096,229,Summer,Sunday
2023-05-22,P004,Clothing,493.4268826054652,0,447.2202660389909,0,0.0,353.93886053083247,233,Summer,Monday
2023-05-23,P004,Clothing,326.2752688564023,20,331.26548188125446,33,10767.083872261275,233.05272835849723,318,Summer,Tuesday
2023-05-24,P004,Clothing,241.86648199403314,15,250.63912505637362,65,15721.321329612154,179.22970933112956,93,Summer,Wednesday
2023-05-25,P004,Clothing,225.22005802525877,5,242.61523425071246,53,11936.663075338714,166.69563883606128,420,Summer,Thursday
2023-05-26,P004,Clothing,186.0817918932771,10,188.29264550678303,90,16747.36127039494,134.77405861359784,348,Summer,Friday
2023-05-27,P004,Clothing,298.75820740001956,0,278.45612932548397,44,13145.36112560086,186.9152224150109,417,Summer,Saturday
2023-05-28,P004,Clothing,257.15804355727164,20,269.0468376480558,74,19029.6952232381,190.81471559405932,490,Summer,Sunday
2023-05-29,P004,Clothing,120.22367518381557,15,115.11000243287373,111,13344.82794540353,77.17901836474698,319,Summer,Monday
2023-05-30,P004,Clothing,177.37413718259302,20,171.86906859620225,78,13835.182700242256,115.39901822777749,416,Summer,Tuesday
2023-05-31,P004,Clothing,302.8329696241067,10,332.21833988493944,29,8782.156119099094,216.58638677396712,236,Summer,Wednesday
2023-06-01,P004,Clothing,124.40285720215796,10,136.32442169963275,71,8832.602861353214,87.2158369571062,244,Monsoon,Thursday
2023-06-02,P004,Clothing,291.411347967809,5,286.24605684603256,26,7576.695047163033,180.37137443839504,395,Monsoon,Friday
2023-06-03,P004,Clothing,157.31258348105644,15,172.7749495647229,89,14000.819929814023,111.53868423161626,176,Monsoon,Saturday
2023-06-04,P004,Clothing,141.37364594419336,15,145.47073635001067,77,10885.77073770289,90.93686402851326,255,Monsoon,Sunday
2023-06-05,P004,Clothing,312.7487066020066,5,285.5903445488417,28,8756.963784856185,229.46301639270453,242,Monsoon,Monday
2023-06-06,P004,Clothing,418.6034078894834,10,393.17289225991806,4,1674.4136315579335,259.04538022038673,347,Monsoon,Tuesday
2023-06-07,P004,Clothing,457.4541013384535,10,494.7581505720663,0,0.0,342.8549178114385,445,Monsoon,Wednesday
2023-06-08,P004,Clothing,286.6912375071802,0,287.031348170648,30,8600.737125215404,178.978028577149,335,Monsoon,Thursday
2023-06-09,P004,Clothing,370.2485238392973,15,387.60323299126577,10,3702.4852383929733,233.74701614340609,267,Monsoon,Friday
2023-06-10,P004,Clothing,290.7355510932498,15,314.9124356804074,34,9885.008737170494,190.1320707659982,139,Monsoon,Saturday
2023-06-11,P004,Clothing,344.15099812733104,20,317.7517897478225,40,13766.039925093242,213.05164356580963,184,Monsoon,Sunday
2023-06-12,P004,Clothing,173.93535917880996,20,177.56571433045897,61,10610.056909907407,124.28617888301525,492,Monsoon,Monday
2023-06-13,P004,Clothing,119.47793935997191,5,111.95744468176618,64,7646.588119038202,81.38723923985141,477,Monsoon,Tuesday
2023-06-14,P004,Clothing,266.1772002368358,15,270.4157579139498,35,9316.202008289252,160.59342814296372,298,Monsoon,Wednesday
2023-06-15,P004,Clothing,344.910306277549,10,333.47257793002865,23,7932.937044383627,244.75889098815446,397,Monsoon,Thursday
2023-06-16,P004,Clothing,221.13195559149688,10,230.00932100323925,53,11719.993646349334,152.2168480450917,126,Monsoon,Friday
2023-06-17,P004,Clothing,124.37148868828798,15,124.71246196025817,97,12064.034402763935,79.99918398955008,346,Monsoon,Saturday
2023-06-18,P004,Clothing,465.2165867559424,0,449.15926025121473,0,0.0,290.6175810452502,385,Monsoon,Sunday
2023-06-19,P004,Clothing,454.4685176223972,20,460.3394000080722,0,0.0,317.8798591363456,307,Monsoon,Monday
2023-06-20,P004,Clothing,221.35421745165326,10,238.45552262452333,58,12838.544612195888,137.8385275449503,336,Monsoon,Tuesday
2023-06-21,P004,Clothing,173.12535541569036,15,168.8552683993349,68,11772.524168266944,112.68488725499034,193,Monsoon,Wednesday
2023-06-22,P004,Clothing,154.9200130862281,5,142.03858061204073,77,11928.841007639563,108.8154904277561,408,Monsoon,Thursday
2023-06-23,P004,Clothing,341.72519289612796,10,361.7545968762651,18,6151.053472130303,255.33236186290267,52,Monsoon,Friday
2023-06-24,P004,Clothing,498.18966093872575,15,502.59937048306153,0,0.0,371.83223437784795,495,Monsoon,Saturday
2023-06-25,P004,Clothing,364.31941187636414,0,400.44054868000217,3,1092.9582356290925,242.37782178628467,197,Monsoon,Sunday
2023-06-26,P004,Clothing,143.2115829966317,5,130.43225563410454,77,11027.291890740642,90.00580176575399,105,Monsoon,Monday
2023-06-27,P004,Clothing,230.35253704631614,5,218.13253866712213,58,13360.447148686337,166.50581432383822,177,Monsoon,Tuesday
2023-06-28,P004,Clothing,148.99914478639568,10,143.82238261632375,64,9535.945266329323,89.86342622692528,163,Monsoon,Wednesday
2023-06-29,P004,Clothing,163.95190534657655,10,170.54065253581874,67,10984.77765822063,103.14887152658025,130,Monsoon,Thursday
2023-06-30,P004,Clothing,291.09685055981436,20,281.9326025510723,42,12226.067723512202,202.06497533619026,392,Monsoon,Friday
2023-07-01,P004,Clothing,334.6047124149795,10,348.83649607128876,26,8699.722522789467,210.45766480852447,236,Monsoon,Saturday
2023-07-02,P004,Clothing,237.1355859221803,0,221.0907338561727,61,14465.270741252998,176.63633350915597,217,Monsoon,Sunday
2023-07-03,P004,Clothing,467.68321242149005,0,485.58762775885157,0,0.0,298.9724167577571,482,Monsoon,Monday
2023-07-04,P004,Clothing,174.56792194158982,0,164.76160609799487,57,9950.37155067062,107.69557326874047,383,Monsoon,Tuesday
2023-07-05,P004,Clothing,320.2641836946257,15,343.12876707589413,26,8326.868776060268,237.25401167981494,232,Monsoon,Wednesday
2023-07-06,P004,Clothing,415.6091378192537,0,426.857461709706,0,0.0,261.61474953096086,66,Monsoon,Thursday
2023-07-07,P004,Clothing,333.0744586218332,10,361.2261621429577,15,4996.116879327497,237.92568047480404,403,Monsoon,Friday
2023-07-08,P004,Clothing,215.15187122787233,5,225.35576774618303,55,11833.352917532979,130.27595151002313,93,Monsoon,Saturday
2023-07-09,P004,Clothing,286.50131261113415,5,280.90348043577103,34,9741.044628778562,190.16324871819654,392,Monsoon,Sunday
2023-07-10,P004,Clothing,352.3081680690483,20,337.5143273074942,22,7750.779697519062,222.0315085851856,300,Monsoon,Monday
2023-07-11,P004,Clothing,114.0860694102094,15,120.97774122381561,87,9925.488038688218,71.19986716205858,446,Monsoon,Tuesday
2023-07-12,P004,Clothing,480.8382606611695,20,527.5568579877527,0,0.0,348.98824222522603,208,Monsoon,Wednesday
2023-07-13,P004,Clothing,181.92096362248378,0,172.30055476031248,57,10369.494926481575,117.62028360205116,270,Monsoon,Thursday
2023-07-14,P004,Clothing,123.3831948947508,20,118.18244277201921,79,9747.272396685314,80.86573082955131,401,Monsoon,Friday
2023-07-15,P004,Clothing,290.18544246764816,10,301.628397815835,38,11027.04681377063,177.73378382425446,291,Monsoon,Saturday
2023-07-16,P004,Clothing,130.1205734393879,10,141.56921577335822,88,11450.610462666134,84.76756894571905,315,Monsoon,Sunday
2023-07-17,P004,Clothing,327.37278173220136,10,329.699909389735,23,7529.573979840631,219.84637605151642,315,Monsoon,Monday
2023-07-18,P004,Clothing,125.56037681934953,15,120.95123445736697,96,12053.796174657555,76.97416786673836,233,Monsoon,Tuesday
2023-07-19,P004,Clothing,138.79150500643817,15,152.0448880023356,85,11797.277925547245,101.03987949166019,253,Monsoon,Wednesday
2023-07-20,P004,Clothing,301.8011696219343,10,272.1695482150754,36,10864.842106389635,210.42924457342852,429,Monsoon,Thursday
2023-07-21,P004,Clothing,310.43760530061684,15,293.6937944836046,29,9002.690553717888,191.21769510807653,137,Monsoon,Friday
2023-07-22,P004,Clothing,425.91746700946345,20,422.5381569566446,3,1277.7524010283903,269.451655839802,263,Monsoon,Saturday
2023-07-23,P004,Clothing,243.46454521058365,15,240.16467835515604,67,16312.124529109105,149.4198221848473,351,Monsoon,Sunday
2023-07-24,P004,Clothing,162.54485665795002,20,146.35787644328562,78,12678.498819320102,103.88344454290417,267,Monsoon,Monday
2023-07-25,P004,Clothing,275.4596073743938,0,293.87820276892455,27,7437.409399108632,189.13139560707233,101,Monsoon,Tuesday
2023-07-26,P004,Clothing,226.29736099361483,20,205.89932362549766,69,15614.517908559423,144.51844667661132,475,Monsoon,Wednesday
2023-07-27,P004,Clothing,126.11070302658555,10,130.67473238536147,66,8323.306399754647,92.30025575542047,496,Monsoon,Thursday
2023-07-28,P004,Clothing,364.8928633318372,15,332.5702402865065,23,8392.535856632256,237.71228734160874,320,Monsoon,Friday
2023-07-29,P004,Clothing,437.491517084103,5,423.7013577622736,0,0.0,298.3567260858006,320,Monsoon,Saturday
2023-07-30,P004,Clothing,457.245496528989,5,443.75502114142427,0,0.0,282.996792069771,351,Monsoon,Sunday
2023-07-31,P004,Clothing,166.60141881980604,10,157.19606565887582,80,13328.113505584482,115.48543449985883,350,Monsoon,Monday
2023-08-01,P004,Clothing,141.39002545863386,5,152.8987640212896,71,10038.691807563004,88.41293838386869,181,Monsoon,Tuesday
2023-08-02,P004,Clothing,370.8497053930256,15,380.3978997048376,11,4079.3467593232817,237.31236535482665,359,Monsoon,Wednesday
2023-08-03,P004,Clothing,476.1988794052043,20,511.88938061133894,0,0.0,338.39393154998663,466,Monsoon,Thursday
2023-08-04,P004,Clothing,422.19841841289775,20,402.36951007900575,5,2110.9920920644886,295.2978041430684,141,Monsoon,Friday
