synthetic_retail_demand.csv
date,product_id,category,price,discount_pct,competitor_price,units_sold,revenue,cost,inventory_level,season,day_of_week
2023-08-05,P004,Clothing,107.41249343773332,0,110.80564305873578,96,10311.599370022399,76.1685150926,96,Monsoon,Saturday
2023-08-06,P004,Clothing,266.95317672018933,20,273.7215352947685,60,16017.19060321136,161.32519102814135,93,Monsoon,Sunday
2023-08-07,P004,Clothing,451.1913529998636,0,427.0994460640443,0,0.0,325.7472079773878,75,Monsoon,Monday
2023-08-08,P004,Clothing,337.65455659102054,0,337.13909643376843,15,5064.8183488653085,212.33317850235622,296,Monsoon,Tuesday
2023-08-09,P004,Clothing,352.4468111568939,10,324.91947220099024,26,9163.61709007924,262.5289947970808,421,Monsoon,Wednesday
2023-08-10,P004,Clothing,486.2439325523536,10,470.53892254669177,0,0.0,292.2636121712625,215,Monsoon,Thursday
2023-08-11,P004,Clothing,186.84129178795615,20,178.96220701122718,69,12892.049133368975,138.7930005466712,148,Monsoon,Friday
2023-08-12,P004,Clothing,229.3771420400787,10,236.1784933228663,52,11927.611386084092,143.5575088840026,62,Monsoon,Saturday
2023-08-13,P004,Clothing,205.0781908007741,15,189.8573935079799,78,15996.098882460381,145.19526073024127,433,Monsoon,Sunday
2023-08-14,P004,Clothing,243.4908078184395,20,238.33807942949193,48,11687.558775285095,177.07393443588452,408,Monsoon,Monday
2023-08-15,P004,Clothing,242.6235684707555,0,250.9873782787072,35,8491.824896476443,157.53888438017748,322,Monsoon,Tuesday
2023-08-16,P004,Clothing,193.7480362711502,5,181.96738783083993,57,11043.638067455562,143.67675425053596,396,Monsoon,Wednesday
2023-08-17,P004,Clothing,225.39094393858016,15,207.4647988528171,48,10818.765309051847,149.1129702480219,355,Monsoon,Thursday
2023-08-18,P004,Clothing,366.2602002503839,20,340.9725730490855,24,8790.244806009214,236.30241477085727,355,Monsoon,Friday
2023-08-19,P004,Clothing,421.07896213440864,10,386.53550772801503,6,2526.473772806452,268.86923614018446,393,Monsoon,Saturday
2023-08-20,P004,Clothing,260.3881306753407,10,282.8679197020349,39,10155.137096338287,160.3275760416425,403,Monsoon,Sunday
2023-08-21,P004,Clothing,256.2774148403795,20,241.69588895578258,55,14095.257816220872,162.26479581171543,452,Monsoon,Monday
2023-08-22,P004,Clothing,437.0152917594548,5,397.75850733694443,0,0.0,318.8173042876481,300,Monsoon,Tuesday
2023-08-23,P004,Clothing,397.83879038523037,5,433.7797381797322,0,0.0,257.78287762548416,133,Monsoon,Wednesday
2023-08-24,P004,Clothing,347.24118622467876,0,337.5179065079572,13,4514.135420920824,212.34094037055215,288,Monsoon,Thursday
2023-08-25,P004,Clothing,447.28123031159157,20,490.22071713858315,0,0.0,308.3730285540429,142,Monsoon,Friday
2023-08-26,P004,Clothing,342.55444679322113,10,344.31999547846067,26,8906.41561662375,242.43100961394907,158,Monsoon,Saturday
2023-08-27,P004,Clothing,319.51194370520466,20,324.82016716696666,41,13099.989691913392,237.72733762630799,257,Monsoon,Sunday
2023-08-28,P004,Clothing,297.15851423384106,15,310.31961473484444,32,9509.072455482914,220.25146573933947,233,Monsoon,Monday
2023-08-29,P004,Clothing,206.09140900106985,15,221.8859682403595,63,12983.7587670674,152.9671803407503,404,Monsoon,Tuesday
2023-08-30,P004,Clothing,207.40196690113413,15,202.57402410916401,54,11199.706212661244,137.64351907588193,226,Monsoon,Wednesday
2023-08-31,P004,Clothing,112.18312322819872,10,112.37336416076204,90,10096.481090537885,71.22902228671256,446,Monsoon,Thursday
2023-09-01,P004,Clothing,385.8249384372625,15,361.78803341359236,15,5787.374076558937,278.0814049313234,214,Autumn,Friday
2023-09-02,P004,Clothing,370.5888573969644,15,359.93027296108227,23,8523.543720130181,261.09910290188554,254,Autumn,Saturday
2023-09-03,P004,Clothing,253.60762958598326,0,266.2372397006453,44,11158.735701783264,162.52376710841895,61,Autumn,Sunday
2023-09-04,P004,Clothing,180.3508720560913,20,185.82878068145968,84,15149.47325271167,129.29758951086043,242,Autumn,Monday
2023-09-05,P004,Clothing,458.50268658863155,0,491.42139564635056,0,0.0,281.2070291626813,451,Autumn,Tuesday
2023-09-06,P004,Clothing,116.65760893599213,15,108.06483193264178,95,11082.472848919253,85.02143556876648,329,Autumn,Wednesday
2023-09-07,P004,Clothing,252.99378423303773,0,256.5970693426842,38,9613.763800855433,180.08341975744796,357,Autumn,Thursday
2023-09-08,P004,Clothing,234.94363134291186,20,237.2782480537811,58,13626.730617888888,171.1951122927552,288,Autumn,Friday
2023-09-09,P004,Clothing,323.1516734311542,0,328.79699041329417,25,8078.791835778856,202.3354747355262,285,Autumn,Saturday
2023-09-10,P004,Clothing,225.08531805658322,5,205.0412445997055,72,16206.142900073992,147.03749944793287,344,Autumn,Sunday
2023-09-11,P004,Clothing,246.0911705027528,20,242.80589926314502,59,14519.379059662415,177.1742682559206,59,Autumn,Monday
2023-09-12,P004,Clothing,472.6177628426081,20,461.9956431955255,0,0.0,306.48275920524316,379,Autumn,Tuesday
2023-09-13,P004,Clothing,351.1834941371631,0,379.95151148137876,7,2458.284458960142,244.1018238977543,203,Autumn,Wednesday
2023-09-14,P004,Clothing,441.7820332741614,10,480.36385707247507,0,0.0,272.11201050474426,450,Autumn,Thursday
2023-09-15,P004,Clothing,266.42826816347446,20,242.8875995309308,50,13321.413408173723,196.90397784150784,102,Autumn,Friday
2023-09-16,P004,Clothing,226.903669742747,20,221.58183437400757,85,19286.811928133495,161.91355033741607,254,Autumn,Saturday
2023-09-17,P004,Clothing,487.5871448329199,15,501.44536958244566,0,0.0,314.3584290419225,328,Autumn,Sunday
2023-09-18,P004,Clothing,441.8476103153911,20,418.93450543350383,1,441.8476103153911,281.01169364544734,151,Autumn,Monday
2023-09-19,P004,Clothing,131.41449711711948,10,141.77474714654696,94,12352.962729009232,83.34634459249818,149,Autumn,Tuesday
2023-09-20,P004,Clothing,358.4187776386384,5,389.4326183074612,9,3225.7689987477456,235.64558695735283,165,Autumn,Wednesday
2023-09-21,P004,Clothing,196.9173316801866,5,184.42973740888516,69,13587.295885932876,128.93302792352978,72,Autumn,Thursday
2023-09-22,P004,Clothing,150.84104550829616,15,145.0970409732354,88,13274.012004730062,97.74748955704843,259,Autumn,Friday
2023-09-23,P004,Clothing,148.9925667401189,15,157.46368260061635,96,14303.286407051413,102.44564712348324,267,Autumn,Saturday
2023-09-24,P004,Clothing,222.47836819283248,10,204.85627383581598,83,18465.704560005095,165.60284069722684,167,Autumn,Sunday
2023-09-25,P004,Clothing,484.7552954902832,5,456.69072586588527,0,0.0,327.314638757197,322,Autumn,Monday
2023-09-26,P004,Clothing,145.04369173968826,0,139.0489961215189,74,10733.233188736931,97.70203296116918,272,Autumn,Tuesday
2023-09-27,P004,Clothing,324.6337443867633,0,320.89355725855756,26,8440.477354055845,197.02358768993838,378,Autumn,Wednesday
2023-09-28,P004,Clothing,493.20799923054335,20,487.7314154347815,0,0.0,314.88561698941027,119,Autumn,Thursday
2023-09-29,P004,Clothing,442.6449344899704,0,482.34355920963424,0,0.0,321.5238311010399,118,Autumn,Friday
2023-09-30,P004,Clothing,408.27678830409354,10,397.0559713799112,6,2449.6607298245613,249.03283764801364,174,Autumn,Saturday
2023-10-01,P004,Clothing,207.40003047899816,0,208.79446099462635,78,16177.202377361857,153.8091467707334,341,Autumn,Sunday
2023-10-02,P004,Clothing,439.8400699929832,0,460.2204641823097,0,0.0,274.07408067979065,186,Autumn,Monday
2023-10-03,P004,Clothing,269.5232740694297,20,252.44463681093146,47,12667.593881263196,185.53789725205522,255,Autumn,Tuesday
2023-10-04,P004,Clothing,221.9043651189303,20,208.2787273590006,58,12870.453176897956,137.00976555670914,369,Autumn,Wednesday
2023-10-05,P004,Clothing,280.2824233001543,5,288.3969765236881,41,11491.579355306325,182.44958925131849,436,Autumn,Thursday
2023-10-06,P004,Clothing,379.269544285962,0,403.3838187407307,1,379.269544285962,229.7442632035912,129,Autumn,Friday
2023-10-07,P004,Clothing,341.43431506328227,0,365.356412411148,15,5121.514725949234,215.76173753861943,485,Autumn,Saturday
2023-10-08,P004,Clothing,391.44606271711075,20,400.2680313276573,14,5480.244878039551,269.23907329969904,457,Autumn,Sunday
2023-10-09,P004,Clothing,478.26941482032186,5,478.3249791516246,0,0.0,348.34194884663606,272,Autumn,Monday
2023-10-10,P004,Clothing,393.70881221228615,10,385.3890478582878,8,3149.670497698289,236.3011407746515,332,Autumn,Tuesday
2023-10-11,P004,Clothing,175.1614355193666,0,165.04440032099217,80,14012.914841549327,113.32547394864213,368,Autumn,Wednesday
2023-10-12,P004,Clothing,435.1493080477451,10,395.45036274776663,2,870.2986160954902,282.4089792705693,286,Autumn,Thursday
2023-10-13,P004,Clothing,439.9749965618895,20,422.28911744231726,1,439.9749965618895,284.87928251822984,311,Autumn,Friday
2023-10-14,P004,Clothing,348.32752140235675,0,353.17075633996376,20,6966.550428047135,247.57472338399762,196,Autumn,Saturday
2023-10-15,P004,Clothing,122.13991568723807,10,126.90968460833679,125,15267.489460904759,75.8881101934671,238,Autumn,Sunday
2023-10-16,P004,Clothing,153.3875517128514,10,152.26447900682487,64,9816.80330962249,105.8243085172395,330,Autumn,Monday
2023-10-17,P004,Clothing,141.17845788011448,20,151.28449394177696,54,7623.636725526182,91.02935509708895,54,Autumn,Tuesday
2023-10-18,P004,Clothing,442.32916284956144,0,418.76013415012795,0,0.0,282.87879600976424,193,Autumn,Wednesday
2023-10-19,P004,Clothing,264.74091325779875,5,267.7447858512784,50,13237.045662889937,192.7872697493657,125,Autumn,Thursday
2023-10-20,P004,Clothing,465.11495415461013,0,446.80984785330895,0,0.0,327.76584341542366,320,Autumn,Friday
2023-10-21,P004,Clothing,317.43822996451684,5,313.3581555622785,32,10158.023358864539,201.14188151593044,293,Autumn,Saturday
2023-10-22,P004,Clothing,207.64790105520416,20,206.761031493815,69,14327.705172809086,125.97981180907007,398,Autumn,Sunday
2023-10-23,P004,Clothing,409.00903670501776,0,375.8755130069559,4,1636.036146820071,290.0804580432537,158,Autumn,Monday
2023-10-24,P004,Clothing,465.5060013215194,15,512.0325135903581,0,0.0,296.34559006469016,239,Autumn,Tuesday
2023-10-25,P004,Clothing,375.317199370902,15,374.0268658450134,14,5254.440791192628,243.37843891131297,398,Autumn,Wednesday
2023-10-26,P004,Clothing,377.40393481852817,10,343.92695463086284,19,7170.674761552035,264.53308171589396,290,Autumn,Thursday
2023-10-27,P004,Clothing,208.55255803183383,5,209.94896238968676,54,11261.838133719026,126.78191386555021,498,Autumn,Friday
2023-10-28,P004,Clothing,167.90339928285434,20,156.2554300685652,91,15279.209334739744,100.99003687846162,312,Autumn,Saturday
2023-10-29,P004,Clothing,191.88092614485373,20,189.70577627610817,74,14199.188534719176,131.99094739631425,311,Autumn,Sunday
2023-10-30,P004,Clothing,212.18528968186098,0,201.24431362556786,65,13792.043829320965,132.77632387186426,458,Autumn,Monday
2023-10-31,P004,Clothing,381.4113360726122,10,346.03217446123773,14,5339.75870501657,260.378534653999,438,Autumn,Tuesday
2023-11-01,P004,Clothing,374.21544822504933,10,410.6413401640356,6,2245.292689350296,259.29472132375923,77,Autumn,Wednesday
2023-11-02,P004,Clothing,403.0939778009175,20,386.13038888644013,13,5240.221711411928,276.7562479462232,316,Autumn,Thursday
2023-11-03,P004,Clothing,177.03265298341114,20,191.1172223736623,76,13454.481626739247,115.51103011950062,276,Autumn,Friday
2023-11-04,P004,Clothing,416.3398710532717,15,456.1840935674672,0,0.0,250.47028252724317,293,Autumn,Saturday
2023-11-05,P004,Clothing,165.4182747296557,0,162.046626099857,75,12406.370604724178,99.90718498774083,478,Autumn,Sunday
2023-11-06,P004,Clothing,196.1050337995726,20,178.07631993884516,89,17453.34800816196,123.57960355219582,343,Autumn,Monday
2023-11-07,P004,Clothing,285.8331057756984,20,303.15891620257094,39,11147.491125252238,190.0134924225329,227,Autumn,Tuesday
2023-11-08,P004,Clothing,212.7718207006243,20,211.515331594317,74,15745.114731846197,144.50847247891585,298,Autumn,Wednesday
2023-11-09,P004,Clothing,365.16250093782634,15,389.23902889112134,15,5477.437514067395,249.90142494087567,71,Autumn,Thursday
2023-11-10,P004,Clothing,100.63385778653604,10,99.5970317387183,105,10566.555067586285,75.18327669185588,352,Autumn,Friday
2023-11-11,P004,Clothing,198.69896826695236,10,192.094807150007,77,15299.820556555333,140.90855670003188,261,Autumn,Saturday
2023-11-12,P004,Clothing,498.24168072140236,20,491.9416308381396,0,0.0,337.8213671027293,385,Autumn,Sunday
2023-11-13,P004,Clothing,154.015254672219,20,167.5248025249263,75,11551.144100416424,96.70229850795512,293,Autumn,Monday
2023-11-14,P004,Clothing,282.92664395712814,20,263.84471875732214,42,11882.919046199382,190.51434388006706,168,Autumn,Tuesday
2023-11-15,P004,Clothing,337.93308555500164,15,338.8545198545147,29,9800.059481095048,243.46619913222926,479,Autumn,Wednesday
2023-11-16,P004,Clothing,255.10573141189988,15,239.73054228024458,44,11224.652182123595,163.80503847202138,291,Autumn,Thursday
2023-11-17,P004,Clothing,311.8578108140534,0,303.5502857993427,28,8732.018702793495,205.95300250588633,331,Autumn,Friday
2023-11-18,P004,Clothing,439.3670905722044,15,468.72661742544403,0,0.0,316.32866876082124,138,Autumn,Saturday
2023-11-19,P004,Clothing,263.095686476638,20,247.1496479377401,65,17101.21962098147,174.1466519293315,157,Autumn,Sunday
2023-11-20,P004,Clothing,124.02926734199298,5,126.35954461984548,72,8930.107248623495,77.1784834583199,196,Autumn,Monday
2023-11-21,P004,Clothing,351.00246168070646,0,361.4024359807405,14,4914.034463529891,249.9948580689815,140,Autumn,Tuesday
2023-11-22,P004,Clothing,242.3873563328946,15,238.73598532164007,50,12119.36781664473,150.99381731511582,123,Autumn,Wednesday
2023-11-23,P004,Clothing,244.50655536239583,10,231.32739956808345,52,12714.340878844583,158.71774914439627,458,Autumn,Thursday
2023-11-24,P004,Clothing,443.155674098496,5,413.3361753487426,0,0.0,294.86570549384413,352,Autumn,Friday
2023-11-25,P004,Clothing,407.1443692503421,5,376.4384515033031,6,2442.8662155020525,256.688478820365,129,Autumn,Saturday
2023-11-26,P004,Clothing,366.6544289644968,20,372.8307073352466,21,7699.743008254432,270.6018024482851,354,Autumn,Sunday
2023-11-27,P004,Clothing,195.50635760158931,5,209.6222615447839,66,12903.419601704894,135.3575870778827,95,Autumn,Monday
2023-11-28,P004,Clothing,259.73045855660416,15,254.30105450707194,50,12986.522927830209,162.64256637211207,105,Autumn,Tuesday
2023-11-29,P004,Clothing,133.5216636380243,0,133.8976792188775,87,11616.384736508115,96.72005779040227,290,Autumn,Wednesday
2023-11-30,P004,Clothing,402.3164971541209,15,393.4708500847638,9,3620.848474387088,293.5045895313417,71,Autumn,Thursday
2023-12-01,P004,Clothing,421.4540588614774,0,441.3702833354078,0,0.0,288.9914398050692,412,Winter,Friday
2023-12-02,P004,Clothing,236.15393507101965,15,226.52194861081884,94,22198.469896675848,159.93275503577217,390,Winter,Saturday
2023-12-03,P004,Clothing,363.5771175738971,10,385.01346116689604,15,5453.6567636084565,224.3011674900746,117,Winter,Sunday
2023-12-04,P004,Clothing,295.93122421868895,20,300.1523881143717,56,16572.148556246582,219.86763454308021,83,Winter,Monday
2023-12-05,P004,Clothing,387.3789125209664,15,407.7771386537216,9,3486.410212688698,274.4160291337702,426,Winter,Tuesday
2023-12-06,P004,Clothing,386.46581527104445,5,419.74278415698154,0,0.0,278.23674467572084,375,Winter,Wednesday
2023-12-07,P004,Clothing,398.4523912954569,15,378.7113831092953,15,5976.785869431853,274.1391217978065,220,Winter,Thursday
2023-12-08,P004,Clothing,227.30199891176835,15,222.83749990396547,84,19093.36790858854,167.3731754027886,451,Winter,Friday
2023-12-09,P004,Clothing,368.77755433946004,0,385.06964655790074,8,2950.2204347156803,261.56309266024374,118,Winter,Saturday
2023-12-10,P004,Clothing,476.79657875354866,20,429.4762056524903,0,0.0,331.2337374884582,161,Winter,Sunday
2023-12-11,P004,Clothing,375.98574285054497,5,390.68591755906846,6,2255.91445710327,264.9929988714873,263,Winter,Monday
2023-12-12,P004,Clothing,218.57628991175886,20,238.5678724912612,66,14426.035134176085,141.57721603233162,99,Winter,Tuesday
2023-12-13,P004,Clothing,479.4819672956723,0,491.9408750715399,0,0.0,288.9718274983599,116,Winter,Wednesday
2023-12-14,P004,Clothing,453.86999398134,5,498.2753247652675,0,0.0,303.799817417054,167,Winter,Thursday
2023-12-15,P004,Clothing,229.86450687407762,10,212.04462760927578,80,18389.160549926208,149.90859203829174,432,Winter,Friday
2023-12-16,P004,Clothing,411.1937703953817,5,416.46749035326735,0,0.0,287.05013746301194,259,Winter,Saturday
2023-12-17,P004,Clothing,436.60628962484924,0,420.2010944333138,0,0.0,262.78863470733506,399,Winter,Sunday
2023-12-18,P004,Clothing,123.80497702558975,20,131.80000700097256,106,13123.327564712514,77.79044658530294,106,Winter,Monday
2023-12-19,P004,Clothing,448.50874038004685,0,492.47836593326747,0,0.0,274.2082571899142,454,Winter,Tuesday
2023-12-20,P004,Clothing,103.11358810758686,10,94.99582995610965,100,10311.358810758686,63.14185022131397,287,Winter,Wednesday
2023-12-21,P004,Clothing,312.9241053519643,5,325.32938404230265,30,9387.723160558928,217.03346641660653,133,Winter,Thursday
2023-12-22,P004,Clothing,409.7909677103933,10,374.4858469841569,12,4917.49161252472,258.80675709014633,424,Winter,Friday
2023-12-23,P004,Clothing,364.4933533047463,10,352.84961183831064,25,9112.333832618657,252.63941720697972,405,Winter,Saturday
2023-12-24,P004,Clothing,278.37892212822953,5,272.6380794321876,67,18651.38778259138,178.00623857551963,415,Winter,Sunday
2023-12-25,P004,Clothing,475.49995531193315,0,515.5782896655478,0,0.0,315.4758320146549,143,Winter,Monday
2023-12-26,P004,Clothing,152.86471101000947,5,158.13129591611474,108,16509.388789081022,109.65893298358736,418,Winter,Tuesday
2023-12-27,P004,Clothing,331.0943080643368,20,343.3916293809405,32,10595.017858058778,230.91505846294336,70,Winter,Wednesday
2023-12-28,P004,Clothing,397.4010143116301,10,389.5201735266025,7,2781.8071001814105,250.76563488471717,440,Winter,Thursday
2023-12-29,P004,Clothing,394.3741567749782,20,431.14386986520725,5,1971.870783874891,285.1935613382079,362,Winter,Friday
2023-12-30,P004,Clothing,296.74274855725895,15,301.2062516768101,64,18991.535907664573,221.90140778536127,367,Winter,Saturday
