synthetic_retail_demand.csv
date,product_id,category,price,discount_pct,competitor_price,units_sold,revenue,cost,inventory_level,season,day_of_week
2023-12-31,P004,Clothing,142.6237921871072,20,139.56552864760926,103,14690.250595272042,100.4565136507064,158,Winter,Sunday
2024-01-01,P004,Clothing,415.8694455171023,5,423.6670602011793,0,0.0,250.50328432515343,106,Winter,Monday
2024-01-02,P004,Clothing,466.56887566701346,15,421.3070263421839,0,0.0,342.2295931049136,135,Winter,Tuesday
2024-01-03,P004,Clothing,323.82993678234936,15,354.8091585420667,28,9067.238229905783,229.67894995913014,86,Winter,Wednesday
2024-01-04,P004,Clothing,321.0013905046176,20,301.7638318349003,49,15729.068134726262,240.29515213343456,460,Winter,Thursday
2024-01-05,P004,Clothing,475.387284946325,15,448.00762528834446,0,0.0,287.3389524053231,419,Winter,Friday
2024-01-06,P004,Clothing,364.53524553448506,15,346.56373201090844,36,13123.268839241462,236.8141481841882,231,Winter,Saturday
2024-01-07,P004,Clothing,154.35446005103768,10,156.44837434629463,64,9878.685443266411,111.86681193460136,64,Winter,Sunday
2024-01-08,P004,Clothing,186.85616161506874,15,174.89349257505648,87,16256.48606051098,137.7441404637915,460,Winter,Monday
2024-01-09,P004,Clothing,457.11837583595434,10,429.8994615501273,0,0.0,292.8013845275282,290,Winter,Tuesday
2024-01-10,P004,Clothing,154.76752959826516,5,153.146304830769,106,16405.358137416108,110.85667180860857,467,Winter,Wednesday
2024-01-11,P004,Clothing,108.46894549415138,15,111.84875713267824,109,11823.1150588625,73.16811194049835,191,Winter,Thursday
2024-01-12,P004,Clothing,204.48006850956517,0,211.64461724675868,62,12677.76424759304,142.11299862825007,95,Winter,Friday
2024-01-13,P004,Clothing,276.0510786185306,0,250.62412158826083,68,18771.47334606008,166.22984260039357,463,Winter,Saturday
2024-01-14,P004,Clothing,431.2238170931505,10,421.88062371341107,0,0.0,317.9506055328156,432,Winter,Sunday
2024-01-15,P004,Clothing,449.88079373068484,0,417.1504950156605,0,0.0,312.469266584456,417,Winter,Monday
2024-01-16,P004,Clothing,328.15493014701235,20,359.42744091452005,28,9188.338044116346,231.35979195740313,174,Winter,Tuesday
2024-01-17,P004,Clothing,106.76853738597725,15,101.9364051522958,107,11424.233500299566,72.16543529705284,156,Winter,Wednesday
2024-01-18,P004,Clothing,259.1812224805334,5,251.94079482297522,61,15810.054571312538,187.12145818078216,347,Winter,Thursday
2024-01-19,P004,Clothing,428.36385362824643,15,432.14906119786997,0,0.0,266.93676256777053,151,Winter,Friday
2024-01-20,P004,Clothing,268.991500224564,5,294.485318520591,47,12642.600510554508,163.80071402322955,242,Winter,Saturday
2024-01-21,P004,Clothing,375.6918945451808,10,395.61507321394754,9,3381.227050906627,251.92098463511888,74,Winter,Sunday
2024-01-22,P004,Clothing,197.2007656515143,10,208.12017934008824,59,11634.845173439344,141.64679856964054,59,Winter,Monday
2024-01-23,P004,Clothing,161.24537830887937,15,164.1668110354654,108,17414.500857358973,111.50549828951522,352,Winter,Tuesday
2024-01-24,P004,Clothing,133.17086100389042,0,137.7080891776721,89,11852.206629346249,99.67800223362478,263,Winter,Wednesday
2024-01-25,P004,Clothing,167.28544093368401,20,165.9796794442539,111,18568.683943638927,100.88546772485275,377,Winter,Thursday
2024-01-26,P004,Clothing,425.8215148079987,20,410.6492076746556,5,2129.107574039994,271.2362484082004,418,Winter,Friday
2024-01-27,P004,Clothing,232.04471914209645,20,237.62673200867818,75,17403.353935657233,158.16864198239563,461,Winter,Saturday
2024-01-28,P004,Clothing,126.56416814909312,0,133.3297393165247,123,15567.392682338454,93.12667155499483,308,Winter,Sunday
2024-01-29,P004,Clothing,224.01616749256573,5,217.000904796015,64,14337.034719524207,149.86181200963372,147,Winter,Monday
2024-01-30,P004,Clothing,107.14941233452633,15,100.37485303853353,107,11464.987119794318,75.22118328894383,107,Winter,Tuesday
2024-01-31,P004,Clothing,102.5980063997026,5,104.95306059698784,104,10670.19266556907,75.4522572487283,320,Winter,Wednesday
2024-02-01,P004,Clothing,283.5227817076143,10,293.69520986158767,42,11907.956831719799,209.94952400865978,172,Winter,Thursday
2024-02-02,P004,Clothing,399.4258873814507,15,429.38558746971546,2,798.8517747629014,276.4524048022302,472,Winter,Friday
2024-02-03,P004,Clothing,173.74729520787753,5,158.1033624891227,88,15289.761978293223,111.12031178627596,367,Winter,Saturday
2024-02-04,P004,Clothing,392.5415887109512,0,367.1866555481225,8,3140.3327096876096,272.85570349938587,186,Winter,Sunday
2024-02-05,P004,Clothing,360.5344423200822,0,378.7394913283526,10,3605.344423200822,217.97581572511254,430,Winter,Monday
2024-02-06,P004,Clothing,224.84778613568182,20,243.5991358521691,75,16863.583960176136,158.74586302303143,458,Winter,Tuesday
2024-02-07,P004,Clothing,248.96026641414247,10,253.73665935431077,50,12448.013320707123,173.43937831790026,330,Winter,Wednesday
2024-02-08,P004,Clothing,117.50633887932742,20,123.89784787649583,110,12925.697276726016,71.18109186831448,409,Winter,Thursday
2024-02-09,P004,Clothing,369.1671297147906,5,338.58612000142847,23,8490.843983440183,275.18787639855685,451,Winter,Friday
2024-02-10,P004,Clothing,442.194381878383,5,471.77313684251374,0,0.0,289.24741972761444,481,Winter,Saturday
2024-02-11,P004,Clothing,124.08814577809451,15,126.79879331809359,65,8065.729475576143,79.56981734542319,65,Winter,Sunday
2024-02-12,P004,Clothing,235.7975660239771,10,251.16017630753836,54,12733.068565294763,153.91619158467208,171,Winter,Monday
2024-02-13,P004,Clothing,256.28697690184964,10,243.29924595420837,48,12301.774891288784,179.4660077149595,145,Winter,Tuesday
2024-02-14,P004,Clothing,470.6830017356362,20,447.8244828344229,0,0.0,322.2355786675137,260,Winter,Wednesday
2024-02-15,P004,Clothing,284.13079391113314,5,303.5913511222269,45,12785.885726000992,190.33683005105388,146,Winter,Thursday
2024-02-16,P004,Clothing,152.8573512679442,5,148.16045767335996,83,12687.16015523937,105.4573388087474,456,Winter,Friday
2024-02-17,P004,Clothing,124.4687020663775,10,120.22536818692026,121,15060.712950031679,81.80620264730814,314,Winter,Saturday
2024-02-18,P004,Clothing,141.6303825672988,10,145.42825966179248,125,17703.79782091235,85.49047489460912,419,Winter,Sunday
2024-02-19,P004,Clothing,446.4515009169265,10,430.7342746323581,0,0.0,313.33383141874765,55,Winter,Monday
2024-02-20,P004,Clothing,171.3936297388339,20,155.88645610178202,88,15082.639417017384,127.49451764169675,213,Winter,Tuesday
2024-02-21,P004,Clothing,418.23209991773064,5,432.56102551860783,0,0.0,313.0587586516416,416,Winter,Wednesday
2024-02-22,P004,Clothing,253.5095721422495,20,237.3151884073124,77,19520.237054953213,153.56722823010702,486,Winter,Thursday
2024-02-23,P004,Clothing,112.4378487772224,20,113.09231053884788,123,13829.855399598355,82.24047243732544,131,Winter,Friday
2024-02-24,P004,Clothing,318.34376040790494,10,314.417485186936,38,12097.062895500389,225.70898133836494,360,Winter,Saturday
2024-02-25,P004,Clothing,382.8482455777524,20,368.90792393566187,29,11102.59912175482,261.5139265196588,348,Winter,Sunday
2024-02-26,P004,Clothing,392.48552799851245,15,388.95004327673456,13,5102.311863980662,256.46055481525144,130,Winter,Monday
2024-02-27,P004,Clothing,167.954669922648,15,178.05826570493193,106,17803.19501180069,113.20536205756028,332,Winter,Tuesday
2024-02-28,P004,Clothing,473.1850194268318,5,501.40777854747523,0,0.0,314.64966687561355,189,Winter,Wednesday
2024-02-29,P004,Clothing,393.20968594546326,15,389.1685326021426,12,4718.516231345559,288.0142826801532,344,Winter,Thursday
2024-03-01,P004,Clothing,278.50490072395945,5,255.0891138859559,51,14203.749936921931,191.9406361756032,238,Summer,Friday
2024-03-02,P004,Clothing,430.5452739425858,5,441.0404146489558,0,0.0,259.9398298407524,150,Summer,Saturday
2024-03-03,P004,Clothing,262.85655382236456,0,274.7432462083464,49,12879.971137295863,170.11326900764695,320,Summer,Sunday
2024-03-04,P004,Clothing,451.87228185991756,5,486.51898338471386,0,0.0,281.9950010602577,300,Summer,Monday
2024-03-05,P004,Clothing,150.4410783949637,10,161.01524168811832,87,13088.373820361843,110.71532673820568,291,Summer,Tuesday
2024-03-06,P004,Clothing,201.4787319983243,5,184.7415958333232,65,13096.117579891079,122.29243366698674,348,Summer,Wednesday
2024-03-07,P004,Clothing,445.22175724637964,10,461.13516146057714,0,0.0,298.7084794997578,414,Summer,Thursday
2024-03-08,P004,Clothing,110.00164514023685,5,114.39200790866754,88,9680.144772340842,70.84143479582654,210,Summer,Friday
2024-03-09,P004,Clothing,261.1891200493577,15,250.01995483275343,69,18022.049283405682,166.59199430815306,388,Summer,Saturday
2024-03-10,P004,Clothing,193.18888483121563,0,189.20119120395694,76,14682.355247172389,127.96979245818794,295,Summer,Sunday
2024-03-11,P004,Clothing,460.55474272426284,20,426.65144984337724,0,0.0,310.5642108870112,199,Summer,Monday
2024-03-12,P004,Clothing,327.77307323794184,20,307.6169903288277,35,11472.057563327964,233.29901158459833,155,Summer,Tuesday
2024-03-13,P004,Clothing,443.1980890909434,15,465.75434338077247,0,0.0,304.6831932390794,250,Summer,Wednesday
2024-03-14,P004,Clothing,371.2241507150701,20,375.7988320328515,21,7795.707165016472,262.5402607149632,141,Summer,Thursday
2024-03-15,P004,Clothing,386.1827821439266,10,355.70013119624883,18,6951.290078590679,287.6377598578631,280,Summer,Friday
2024-03-16,P004,Clothing,313.2802657476161,5,336.50851292114254,26,8145.2869094380185,217.76254093167523,95,Summer,Saturday
2024-03-17,P004,Clothing,382.98191669316054,20,389.46261103530026,15,5744.7287503974085,286.5858781911405,396,Summer,Sunday
2024-03-18,P004,Clothing,324.1519440547073,5,330.61580199075814,21,6807.190825148854,211.511034989679,241,Summer,Monday
2024-03-19,P004,Clothing,465.9727607081185,15,430.0738433693652,0,0.0,282.9388212464073,368,Summer,Tuesday
2024-03-20,P004,Clothing,466.3562538946813,15,431.74677225378525,0,0.0,296.57528388595995,175,Summer,Wednesday
2024-03-21,P004,Clothing,318.606418006892,15,293.1199226873927,36,11469.831048248112,203.48149646083613,379,Summer,Thursday
2024-03-22,P004,Clothing,435.09550380710556,5,394.8739024314668,0,0.0,324.8618173856952,409,Summer,Friday
2024-03-23,P004,Clothing,205.69757472488493,20,192.30855023537276,89,18307.08415051476,125.60350668441878,89,Summer,Saturday
2024-03-24,P004,Clothing,281.3198954586171,10,287.53210608392817,62,17441.83351843426,199.62482338984915,386,Summer,Sunday
2024-03-25,P004,Clothing,285.51223894436913,10,271.0023889605201,53,15132.148664051563,191.72340701601163,200,Summer,Monday
2024-03-26,P004,Clothing,459.98056156257053,5,474.6446572200565,0,0.0,304.0607740373795,237,Summer,Tuesday
2024-03-27,P004,Clothing,489.5762334293029,5,531.0084715787132,0,0.0,313.5263518752214,132,Summer,Wednesday
2024-03-28,P004,Clothing,200.6657740181883,0,197.58902359589402,71,14247.26995529137,148.19014149858114,160,Summer,Thursday
2024-03-29,P004,Clothing,293.9112240361788,15,314.2883780253018,37,10874.715289338616,199.20796162455875,486,Summer,Friday
2024-03-30,P004,Clothing,444.726070458363,0,451.9608045224553,0,0.0,290.30563128846427,165,Summer,Saturday
2024-03-31,P004,Clothing,490.87509565296733,15,473.4567261391517,0,0.0,299.49906157576504,188,Summer,Sunday
2024-04-01,P004,Clothing,324.4440435073603,15,356.25499578611675,25,8111.101087684007,225.4591695041433,123,Summer,Monday
2024-04-02,P004,Clothing,339.1539745450396,0,328.23206950105504,21,7122.233465445832,222.8078606762294,290,Summer,Tuesday
2024-04-03,P004,Clothing,240.48785226702788,20,238.6601208952138,56,13467.319726953561,144.73959749939073,72,Summer,Wednesday
2024-04-04,P004,Clothing,489.31206065336323,20,523.1594303707416,0,0.0,362.97411157157006,304,Summer,Thursday
2024-04-05,P004,Clothing,424.61880253389313,0,406.06753508859157,0,0.0,308.3298720736131,326,Summer,Friday
2024-04-06,P004,Clothing,430.99238390280243,20,438.3610183816747,0,0.0,306.2473074730637,432,Summer,Saturday
2024-04-07,P004,Clothing,491.1583951144506,20,533.9567959717128,0,0.0,343.73772366210324,497,Summer,Sunday
2024-04-08,P004,Clothing,330.6693271036805,15,300.4147127835302,43,14218.78106545826,219.22121372470957,69,Summer,Monday
2024-04-09,P004,Clothing,443.6689446279734,0,459.7754171028413,0,0.0,289.45722667516515,346,Summer,Tuesday
2024-04-10,P004,Clothing,106.61577971595064,20,109.91884962943614,95,10128.499073015311,69.97874920732187,488,Summer,Wednesday
2024-04-11,P004,Clothing,194.30127200191336,0,182.3279438000333,72,13989.691584137761,135.6204876317456,379,Summer,Thursday
2024-04-12,P004,Clothing,373.18576747547485,0,394.46423806007925,4,1492.7430699018994,240.35982595475068,132,Summer,Friday
2024-04-13,P004,Clothing,402.637573605652,15,435.40392877292,0,0.0,245.92435349858866,246,Summer,Saturday
2024-04-14,P004,Clothing,446.49344914356897,15,415.4168408299321,0,0.0,279.5617516203269,143,Summer,Sunday
2024-04-15,P004,Clothing,138.25943982240267,20,130.38779146271938,90,12443.34958401624,97.92728588883239,270,Summer,Monday
2024-04-16,P004,Clothing,260.53920169540726,10,265.9214992387608,51,13287.49928646577,182.4647259470216,273,Summer,Tuesday
2024-04-17,P004,Clothing,169.16899905090446,15,176.49367374783228,84,14210.195920275975,107.27709749487654,279,Summer,Wednesday
2024-04-18,P004,Clothing,128.92422990911658,0,129.57049794169208,91,11732.104921729608,78.96694615873064,253,Summer,Thursday
2024-04-19,P004,Clothing,295.1791637028259,5,287.3318227279784,32,9445.73323849043,201.24898476381316,399,Summer,Friday
2024-04-20,P004,Clothing,219.62572384353723,5,233.8126945679551,52,11420.537639863936,151.09995256048128,52,Summer,Saturday
2024-04-21,P004,Clothing,482.1656658984386,0,452.70209822193726,0,0.0,343.5423449587225,446,Summer,Sunday
2024-04-22,P004,Clothing,158.73926762937046,0,152.1179061948244,71,11270.488001685302,115.59107345372735,448,Summer,Monday
2024-04-23,P004,Clothing,161.54002214691073,5,162.75498748639774,78,12600.121727459036,108.84364168933064,300,Summer,Tuesday
2024-04-24,P004,Clothing,248.46964827564523,5,271.6030487510136,50,12423.482413782262,168.72193810837445,422,Summer,Wednesday
2024-04-25,P004,Clothing,233.35885110785338,20,251.38795734446126,70,16335.119577549736,149.51829742816426,251,Summer,Thursday
2024-04-26,P004,Clothing,345.29648231973533,10,311.58555229623505,34,11740.080398871001,213.66778320592206,357,Summer,Friday
2024-04-27,P004,Clothing,147.53565375758376,15,141.40789362832157,94,13868.351453212874,97.83296210397178,139,Summer,Saturday
2024-04-28,P004,Clothing,120.98419716479762,0,126.49758901786466,69,8347.909604371036,75.92494426352383,69,Summer,Sunday
2024-04-29,P004,Clothing,177.57008972790953,5,190.952944680399,87,15448.597806328129,128.3703260281202,283,Summer,Monday
2024-04-30,P004,Clothing,221.97385507906432,0,220.88961977590264,48,10654.745043795087,143.15358441113145,186,Summer,Tuesday
2024-05-01,P004,Clothing,209.82907827183865,10,223.2939489087496,56,11750.428383222965,134.5758613000883,353,Summer,Wednesday
2024-05-02,P004,Clothing,380.7449707296863,20,342.98279498151436,28,10660.859180431216,248.03260553402598,142,Summer,Thursday
2024-05-03,P004,Clothing,112.82580859366847,20,109.31724198426758,110,12410.838945303532,69.1808859565013,114,Summer,Friday
2024-05-04,P004,Clothing,498.0211009916989,20,528.7597633569846,0,0.0,316.43036012812576,377,Summer,Saturday
2024-05-05,P004,Clothing,139.62257368639519,20,148.11947556784747,99,13822.634794953123,95.02033280723354,235,Summer,Sunday
2024-05-06,P004,Clothing,222.28919972129177,15,236.5841905686046,76,16893.979178818176,136.07483018672025,321,Summer,Monday
2024-05-07,P004,Clothing,244.15124862262783,15,231.40307756466237,72,17578.889900829203,150.83322693313966,291,Summer,Tuesday
2024-05-08,P004,Clothing,369.6946246512796,20,345.278286589816,26,9612.06024093327,254.02241287597107,396,Summer,Wednesday
2024-05-09,P004,Clothing,155.05559921654572,5,165.91545770721683,87,13489.837131839477,114.71724197357715,355,Summer,Thursday
2024-05-10,P004,Clothing,225.26445714487159,5,226.0213725134105,69,15543.24754299614,142.37100745426804,135,Summer,Friday
2024-05-11,P004,Clothing,120.23022643160415,10,114.1105514542841,140,16832.23170042458,83.88905816633162,409,Summer,Saturday
2024-05-12,P004,Clothing,357.69656033039274,0,370.30459040584884,15,5365.448404955891,226.99969509757895,323,Summer,Sunday
2024-05-13,P004,Clothing,133.5233733948657,5,137.75149844426807,87,11616.533485353317,81.70572277404966,300,Summer,Monday
2024-05-14,P004,Clothing,458.2285916332305,10,489.4212662850067,0,0.0,283.2922634521141,287,Summer,Tuesday
2024-05-15,P004,Clothing,268.42855927745353,0,262.417242259963,51,13689.85652315013,180.85293988735188,455,Summer,Wednesday
2024-05-16,P004,Clothing,110.99715585270987,10,116.18893875664,102,11321.709896976407,71.95764703885798,457,Summer,Thursday
2024-05-17,P004,Clothing,196.4126951614444,10,213.87615525867244,62,12177.587100009552,130.93378727052726,483,Summer,Friday
2024-05-18,P004,Clothing,118.54130777371182,10,117.75873252927428,75,8890.598083028386,87.62293001791059,75,Summer,Saturday
2024-05-19,P004,Clothing,287.60577222111516,5,261.93850467619853,48,13805.077066613529,212.44167376461456,234,Summer,Sunday
2024-05-20,P004,Clothing,192.1258701559382,15,209.0259605501664,59,11335.426339200354,126.68523824527084,321,Summer,Monday
2024-05-21,P004,Clothing,468.15593260001475,0,464.1199186375468,0,0.0,309.74834379401335,380,Summer,Tuesday
2024-05-22,P004,Clothing,200.96383402812233,0,186.53059692138015,71,14268.432215996685,146.30839432572,149,Summer,Wednesday
2024-05-23,P004,Clothing,357.1214035131504,5,369.5978569754263,12,4285.456842157805,266.13946504454947,97,Summer,Thursday
2024-05-24,P004,Clothing,419.28153029757675,5,408.6537273091703,0,0.0,307.46225480094375,58,Summer,Friday
2024-05-25,P004,Clothing,289.8911141081934,5,293.36059448185307,45,13045.100134868702,184.67150314373265,122,Summer,Saturday
2024-05-26,P004,Clothing,182.5167260289454,5,171.05333318942635,89,16243.988616576142,134.41057971753588,96,Summer,Sunday
