synthetic_retail_demand.csv
date,product_id,category,price,discount_pct,competitor_price,units_sold,revenue,cost,inventory_level,season,day_of_week
2024-05-27,P004,Clothing,427.7084112574393,0,426.1414863053161,0,0.0,260.20741826524136,194,Summer,Monday
2024-05-28,P004,Clothing,377.3703368065094,5,402.8263263773779,5,1886.851684032547,279.5223178490573,106,Summer,Tuesday
2024-05-29,P004,Clothing,201.70096104581754,15,186.46337532197776,65,13110.56246797814,126.55087005466889,67,Summer,Wednesday
2024-05-30,P004,Clothing,491.84555563957645,0,479.85842731084756,0,0.0,296.99040180998355,120,Summer,Thursday
2024-05-31,P004,Clothing,105.70845382545784,10,108.20407845553213,104,10993.679197847616,70.72000591190549,135,Summer,Friday
2024-06-01,P004,Clothing,321.17875743115695,0,292.1598791925113,37,11883.614024952807,210.61086696362423,491,Monsoon,Saturday
2024-06-02,P004,Clothing,169.25017566606232,10,163.94960251668718,78,13201.513701952861,120.48722286322773,187,Monsoon,Sunday
2024-06-03,P004,Clothing,483.5869384628985,5,486.7204548561545,0,0.0,355.34159645364804,284,Monsoon,Monday
2024-06-04,P004,Clothing,406.1407975678615,15,427.2444344605342,1,406.1407975678615,283.31701623419883,283,Monsoon,Tuesday
2024-06-05,P004,Clothing,214.80124220367944,5,197.16513154631147,48,10310.459625776613,149.8874598674274,456,Monsoon,Wednesday
2024-06-06,P004,Clothing,125.74995340601585,0,125.48460085127793,85,10688.746039511347,84.66781198370094,388,Monsoon,Thursday
2024-06-07,P004,Clothing,108.12418713334048,20,115.09897610658906,98,10596.170339067368,71.45947859619886,99,Monsoon,Friday
2024-06-08,P004,Clothing,420.2494625651262,10,396.27502079162116,4,1680.9978502605047,263.93212545161043,279,Monsoon,Saturday
2024-06-09,P004,Clothing,426.79335232362774,20,454.9144794827548,0,0.0,294.6621722097753,469,Monsoon,Sunday
2024-06-10,P004,Clothing,223.53752365698364,15,240.82915741261837,52,11623.95123016315,158.66372202441838,439,Monsoon,Monday
2024-06-11,P004,Clothing,127.8327134174316,0,123.55219645114825,85,10865.780640481686,94.8177872653708,362,Monsoon,Tuesday
2024-06-12,P004,Clothing,107.28212124127943,0,107.19837910055367,66,7080.6200019244425,71.78711554755667,175,Monsoon,Wednesday
2024-06-13,P004,Clothing,154.798731447587,10,144.1643031506646,78,12074.301052911786,98.68171130298009,233,Monsoon,Thursday
2024-06-14,P004,Clothing,479.04259816196213,15,454.55219168795634,0,0.0,294.2945796681453,245,Monsoon,Friday
2024-06-15,P004,Clothing,282.01304764879774,5,282.0213999256973,46,12972.600191844696,187.07413940935533,430,Monsoon,Saturday
2024-06-16,P004,Clothing,412.09076664715786,10,389.43332930818343,6,2472.5445998829473,280.2404074463016,116,Monsoon,Sunday
2024-06-17,P004,Clothing,131.93242662514936,20,140.1011891144343,82,10818.458983262248,98.13018880373606,206,Monsoon,Monday
2024-06-18,P004,Clothing,388.2681292996528,15,363.9107864269164,15,5824.021939494792,254.15335153814135,384,Monsoon,Tuesday
2024-06-19,P004,Clothing,404.20080176689595,5,430.4769994227762,0,0.0,293.6853280182993,316,Monsoon,Wednesday
2024-06-20,P004,Clothing,120.82095934692285,15,116.07640836967208,92,11115.528259916902,88.78031829363708,307,Monsoon,Thursday
2024-06-21,P004,Clothing,382.7644060395961,10,381.45316653497576,11,4210.408466435557,240.2478308072918,281,Monsoon,Friday
2024-06-22,P004,Clothing,168.42403701334064,15,164.09800190838547,88,14821.315257173976,105.98158905464092,442,Monsoon,Saturday
2024-06-23,P004,Clothing,251.8363655018937,15,260.51331279075566,44,11080.800082083324,188.36907206701275,346,Monsoon,Sunday
2024-06-24,P004,Clothing,228.9988873426775,0,240.77706155890516,41,9388.954381049778,140.95231311680715,163,Monsoon,Monday
2024-06-25,P004,Clothing,335.2219063387262,0,317.75448368415897,24,8045.325752129429,244.74907286341448,474,Monsoon,Tuesday
2024-06-26,P004,Clothing,280.4861253113585,5,271.9461654272562,35,9817.014385897546,196.89301666194729,409,Monsoon,Wednesday
2024-06-27,P004,Clothing,427.6554551006529,15,442.7973938143442,0,0.0,298.79149040789866,419,Monsoon,Thursday
2024-06-28,P004,Clothing,122.64098624218613,0,117.16310253244977,70,8584.869036953029,85.65152126853832,226,Monsoon,Friday
2024-06-29,P004,Clothing,459.63558398423726,20,490.5334650597409,0,0.0,322.5312886682538,368,Monsoon,Saturday
2024-06-30,P004,Clothing,261.79210700007536,10,236.7778896025253,56,14660.357992004221,185.21975909604288,393,Monsoon,Sunday
2024-07-01,P004,Clothing,302.402133906775,15,300.6876832330601,39,11793.683222364225,193.6388656714814,244,Monsoon,Monday
2024-07-02,P004,Clothing,150.15155364327507,20,152.35237474348037,61,9159.24477223978,93.49265300265212,184,Monsoon,Tuesday
2024-07-03,P004,Clothing,371.04527021704456,10,364.00892383372775,13,4823.58851282158,274.17800931183666,472,Monsoon,Wednesday
2024-07-04,P004,Clothing,314.80291463756964,0,312.00762451817184,22,6925.664122026532,206.03852881257143,112,Monsoon,Thursday
2024-07-05,P004,Clothing,462.3180670938538,5,417.65160948257324,0,0.0,313.59694937171525,397,Monsoon,Friday
2024-07-06,P004,Clothing,198.5485332590509,20,210.38880836314036,68,13501.300261615463,142.55625038751452,414,Monsoon,Saturday
2024-07-07,P004,Clothing,405.3356212970839,0,398.49027539520154,0,0.0,266.5693175811934,472,Monsoon,Sunday
2024-07-08,P004,Clothing,127.44039395805827,5,124.792742418577,73,9303.148758938254,87.67046613834577,329,Monsoon,Monday
2024-07-09,P004,Clothing,330.5122373134777,15,315.0230103900008,25,8262.805932836944,244.70133678753487,263,Monsoon,Tuesday
2024-07-10,P004,Clothing,267.5017991680858,15,271.3191336080994,44,11770.079163395776,166.51894807001355,392,Monsoon,Wednesday
2024-07-11,P004,Clothing,378.1317625810268,20,380.6582405104209,14,5293.844676134375,255.85203591056143,416,Monsoon,Thursday
2024-07-12,P004,Clothing,202.65072156609114,0,221.20998333650272,43,8713.981027341919,144.98555593928728,164,Monsoon,Friday
2024-07-13,P004,Clothing,391.1022869314338,5,399.63470387963065,3,1173.3068607943014,282.02274255434446,313,Monsoon,Saturday
2024-07-14,P004,Clothing,446.2550349126041,5,440.75546793307274,0,0.0,268.8817920491449,164,Monsoon,Sunday
2024-07-15,P004,Clothing,184.59629744334006,15,195.94892290980863,64,11814.163036373764,114.50249419293213,451,Monsoon,Monday
2024-07-16,P004,Clothing,397.6941033748955,10,395.22385376865986,6,2386.164620249373,254.2231882652082,334,Monsoon,Tuesday
2024-07-17,P004,Clothing,261.45421050100185,10,249.39311228322555,52,13595.618946052096,189.00467732431366,238,Monsoon,Wednesday
2024-07-18,P004,Clothing,279.7463486500602,5,258.80537106978267,31,8672.136808151867,187.79485783371692,452,Monsoon,Thursday
2024-07-19,P004,Clothing,129.3778764023046,10,122.72779126911533,91,11773.386752609718,82.45024314231937,138,Monsoon,Friday
2024-07-20,P004,Clothing,196.1782254703637,5,209.31689940078027,78,15301.90158668837,136.51157449020906,250,Monsoon,Saturday
2024-07-21,P004,Clothing,162.34414703483083,20,172.34502537697983,77,12500.499321681973,103.75814810192355,156,Monsoon,Sunday
2024-07-22,P004,Clothing,481.6948126618528,10,506.00218981206893,0,0.0,316.1249663321984,247,Monsoon,Monday
2024-07-23,P004,Clothing,485.274155811956,10,532.7871658759865,0,0.0,326.0192720588408,266,Monsoon,Tuesday
2024-07-24,P004,Clothing,492.4154506724848,15,506.6253941971504,0,0.0,307.90454087235275,218,Monsoon,Wednesday
2024-07-25,P004,Clothing,367.86446465315066,5,398.63204320945226,5,1839.3223232657533,241.76066322470453,375,Monsoon,Thursday
2024-07-26,P004,Clothing,377.34504606988406,0,363.92616195852975,10,3773.4504606988407,227.16576367965177,58,Monsoon,Friday
2024-07-27,P004,Clothing,274.6826342757969,5,256.9741694009524,51,14008.814348065642,186.73257448580026,295,Monsoon,Saturday
2024-07-28,P004,Clothing,338.2010402291231,0,363.0597124250541,16,5411.21664366597,222.79768207836162,321,Monsoon,Sunday
2024-07-29,P004,Clothing,407.43855779611005,15,390.63595699613137,9,3666.9470201649906,295.0746547543864,193,Monsoon,Monday
2024-07-30,P004,Clothing,130.9086905068708,10,131.9645179834512,74,9687.24309750844,92.40065964667497,101,Monsoon,Tuesday
2024-07-31,P004,Clothing,122.77917947937928,0,130.50578253207377,58,7121.192409803998,79.00933595709029,156,Monsoon,Wednesday
2024-08-01,P004,Clothing,366.3074575248165,0,378.8150798812725,7,2564.1522026737157,255.14965299036461,305,Monsoon,Thursday
2024-08-02,P004,Clothing,393.76203380199445,20,389.33105818798333,11,4331.382371821939,275.22296548576224,393,Monsoon,Friday
2024-08-03,P004,Clothing,437.1889608194253,10,411.0911409340587,0,0.0,284.6958713168317,187,Monsoon,Saturday
2024-08-04,P004,Clothing,229.57564806428633,10,222.08606232103386,52,11937.93369934289,159.26145473044033,407,Monsoon,Sunday
2024-08-05,P004,Clothing,194.81660356747201,10,203.74322828269388,69,13442.345646155569,124.25134904090137,438,Monsoon,Monday
2024-08-06,P004,Clothing,465.9260596764911,20,419.64776216844626,0,0.0,293.620999644574,492,Monsoon,Tuesday
2024-08-07,P004,Clothing,267.442074268766,10,246.5386465967789,36,9627.914673675577,178.97875360188146,441,Monsoon,Wednesday
2024-08-08,P004,Clothing,413.7178819154906,10,411.64336417924466,1,413.7178819154906,285.4833627242541,406,Monsoon,Thursday
2024-08-09,P004,Clothing,106.42352907204548,0,102.00900538971891,86,9152.423500195911,72.66263432418003,353,Monsoon,Friday
2024-08-10,P004,Clothing,229.9291260556759,10,222.31599734242562,71,16324.96794995299,149.7372546379217,130,Monsoon,Saturday
2024-08-11,P004,Clothing,392.9580183429023,20,401.4693014803584,12,4715.496220114827,277.94037812563784,482,Monsoon,Sunday
2024-08-12,P004,Clothing,238.9380171760069,20,250.99337013447484,46,10991.148790096317,145.78210177316095,62,Monsoon,Monday
2024-08-13,P004,Clothing,137.4553309789827,15,125.82295650843137,65,8934.596513633875,98.96559718371167,216,Monsoon,Tuesday
2024-08-14,P004,Clothing,473.54681594052795,10,473.5718672752769,0,0.0,344.8194804137603,278,Monsoon,Wednesday
2024-08-15,P004,Clothing,263.2772327269672,20,260.3449175425703,51,13427.138869075328,162.14874870363244,405,Monsoon,Thursday
2024-08-16,P004,Clothing,144.691130942425,5,146.0294650896751,83,12009.363868221275,91.9698001979373,215,Monsoon,Friday
2024-08-17,P004,Clothing,339.97771656178827,5,345.7042074736102,21,7139.532047797554,223.72901150285847,247,Monsoon,Saturday
2024-08-18,P004,Clothing,456.12499637925674,10,498.5685100569437,0,0.0,339.35922348683755,437,Monsoon,Sunday
2024-08-19,P004,Clothing,361.1632421771744,5,375.8047301528642,9,3250.46917959457,257.09864053556385,180,Monsoon,Monday
2024-08-20,P004,Clothing,403.03353308762297,0,413.08837013593137,0,0.0,287.6164369807649,114,Monsoon,Tuesday
2024-08-21,P004,Clothing,265.8600711180816,20,242.986337381904,42,11166.122986959426,181.71651526618297,59,Monsoon,Wednesday
2024-08-22,P004,Clothing,106.92004909638793,20,110.420914417957,97,10371.244762349628,71.03849315853506,415,Monsoon,Thursday
2024-08-23,P004,Clothing,276.54702412791585,5,284.9492199918183,28,7743.316675581644,177.98203763079482,318,Monsoon,Friday
2024-08-24,P004,Clothing,122.50797768588421,20,116.4489256849544,108,13230.861590075496,77.1406025626945,415,Monsoon,Saturday
2024-08-25,P004,Clothing,416.68715262541133,15,386.7551333555123,7,2916.8100683778794,292.7496942605583,308,Monsoon,Sunday
2024-08-26,P004,Clothing,375.7136327003859,0,382.71631545435184,5,1878.5681635019296,256.1606722021577,343,Monsoon,Monday
2024-08-27,P004,Clothing,385.7984611137398,15,359.9324336845668,14,5401.178455592357,272.35184730195846,341,Monsoon,Tuesday
2024-08-28,P004,Clothing,353.3308529460332,15,364.5261794779545,19,6713.28620597463,243.97285240290142,363,Monsoon,Wednesday
2024-08-29,P004,Clothing,497.11480730543457,5,526.4769285954725,0,0.0,351.02793974062354,83,Monsoon,Thursday
2024-08-30,P004,Clothing,197.46440501673797,20,190.43400426626656,58,11452.935490970802,119.69599078795964,170,Monsoon,Friday
2024-08-31,P004,Clothing,262.4495230524975,5,263.6194953804192,40,10497.980922099901,171.64094555504798,101,Monsoon,Saturday
2024-09-01,P004,Clothing,335.23711660558286,10,329.4249472132198,29,9721.876381561902,222.2739063819398,203,Autumn,Sunday
2024-09-02,P004,Clothing,283.6949565456364,20,306.8781445793888,41,11631.493218371092,187.68912070126152,369,Autumn,Monday
2024-09-03,P004,Clothing,203.1190648656504,0,199.4831090163131,64,12999.620151401625,124.24850169684986,149,Autumn,Tuesday
2024-09-04,P004,Clothing,238.4416115540414,10,254.97518739456572,50,11922.08057770207,148.71822560730504,320,Autumn,Wednesday
2024-09-05,P004,Clothing,426.24870841615467,15,455.5151727964571,0,0.0,292.7212182564105,484,Autumn,Thursday
2024-09-06,P004,Clothing,288.382740956412,15,286.1159942291837,39,11246.926897300069,175.74840220389183,53,Autumn,Friday
2024-09-07,P004,Clothing,476.64041551494967,10,513.2570717772205,0,0.0,292.99048749286817,218,Autumn,Saturday
2024-09-08,P004,Clothing,234.44385848824152,0,211.1192072567284,52,12191.080641388558,158.64370730151535,403,Autumn,Sunday
2024-09-09,P004,Clothing,427.149625436189,0,392.6966338313446,0,0.0,286.16753851836074,76,Autumn,Monday
2024-09-10,P004,Clothing,309.2872079869169,0,303.95811173574845,29,8969.32903162059,212.3919287741004,404,Autumn,Tuesday
2024-09-11,P004,Clothing,305.9105688001814,0,284.04673893163186,36,11012.78047680653,220.82254032137627,359,Autumn,Wednesday
2024-09-12,P004,Clothing,158.2583184105991,5,162.0382092721315,64,10128.532378278342,112.72875256780753,457,Autumn,Thursday
2024-09-13,P004,Clothing,330.880894450383,0,345.2766528453808,15,4963.213416755745,214.23897982094073,411,Autumn,Friday
2024-09-14,P004,Clothing,482.26217009661343,5,477.95637796019696,0,0.0,308.5907723595408,164,Autumn,Saturday
2024-09-15,P004,Clothing,178.9365672765157,15,193.5761740033601,82,14672.798516674287,113.21979718602181,252,Autumn,Sunday
2024-09-16,P004,Clothing,371.9372265329808,20,376.72340163910735,18,6694.870077593654,270.91772904397124,245,Autumn,Monday
2024-09-17,P004,Clothing,382.3448243585025,20,365.60227875898084,15,5735.172365377537,245.88208516931238,104,Autumn,Tuesday
2024-09-18,P004,Clothing,426.9790602027813,20,451.6336443472921,0,0.0,300.0501198823883,147,Autumn,Wednesday
2024-09-19,P004,Clothing,364.99938334452185,0,355.94455910015387,12,4379.992600134262,268.1134434237858,290,Autumn,Thursday
2024-09-20,P004,Clothing,136.54857622456592,5,133.51606408670096,82,11196.983250414405,95.62125573358124,240,Autumn,Friday
2024-09-21,P004,Clothing,242.33215146706436,0,230.85289003406774,49,11874.275421886154,162.47021743580865,276,Autumn,Saturday
2024-09-22,P004,Clothing,167.40851043299125,5,156.17201849174143,72,12053.41275117537,107.58079706332163,391,Autumn,Sunday
2024-09-23,P004,Clothing,348.28329053402365,10,348.0987925546352,22,7662.23239174852,245.44347055602114,192,Autumn,Monday
2024-09-24,P004,Clothing,217.84731987396134,15,210.4831521619931,73,15902.854350799178,136.37662663277092,478,Autumn,Tuesday
2024-09-25,P004,Clothing,138.6793542185349,15,139.01040760771468,79,10955.668983264259,96.30196360273213,384,Autumn,Wednesday
2024-09-26,P004,Clothing,303.9078693996196,10,319.7132579598386,31,9421.143951388207,191.7711031085704,81,Autumn,Thursday
2024-09-27,P004,Clothing,201.67162969743868,20,195.78263941084398,65,13108.655930333514,137.77290275239164,111,Autumn,Friday
2024-09-28,P004,Clothing,398.83448375793,20,398.82765474374514,14,5583.6827726110205,277.06666194298504,173,Autumn,Saturday
2024-09-29,P004,Clothing,420.1640253300414,5,437.3944874608192,0,0.0,272.4006658701086,60,Autumn,Sunday
2024-09-30,P004,Clothing,246.60688142184816,20,262.9591534643323,46,11343.916545405014,170.71675666235734,288,Autumn,Monday
2024-10-01,P004,Clothing,490.11981545995195,5,507.7882908116448,0,0.0,310.35258690224924,448,Autumn,Tuesday
2024-10-02,P004,Clothing,396.2073458729797,5,366.2814683546578,10,3962.073458729797,260.15651562263594,258,Autumn,Wednesday
2024-10-03,P004,Clothing,137.17898658148255,10,128.0856569215702,95,13032.003725240842,84.73745096477681,341,Autumn,Thursday
2024-10-04,P004,Clothing,254.70808344118305,20,238.26526981603865,53,13499.528422382702,163.994337882831,322,Autumn,Friday
2024-10-05,P004,Clothing,346.107664137435,5,328.352012800716,27,9344.906931710744,253.5156943142063,485,Autumn,Saturday
2024-10-06,P004,Clothing,333.9280146613451,10,347.18561684553043,21,7012.488307888248,207.62191055907874,238,Autumn,Sunday
2024-10-07,P004,Clothing,277.73406683318797,0,274.3883991598693,37,10276.160472827954,195.69110841460983,242,Autumn,Monday
2024-10-08,P004,Clothing,181.52779748660453,0,193.2441901880472,57,10347.084456736458,112.03870691337825,447,Autumn,Tuesday
2024-10-09,P004,Clothing,164.42967122778748,15,171.13793884124823,84,13812.092383134148,117.23944604796118,403,Autumn,Wednesday
2024-10-10,P004,Clothing,159.05739705486354,0,165.64747248160674,82,13042.70655849881,97.11242836953144,324,Autumn,Thursday
2024-10-11,P004,Clothing,317.0616225228486,0,345.3835797320452,17,5390.047582888426,208.84349170623955,494,Autumn,Friday
2024-10-12,P004,Clothing,380.01361638594216,5,367.182564104203,13,4940.177013017248,284.7976840390735,307,Autumn,Saturday
2024-10-13,P004,Clothing,292.3251157187064,0,269.06557998160247,36,10523.70416587343,214.95900410471054,78,Autumn,Sunday
2024-10-14,P004,Clothing,472.2815972769896,0,471.62186349616496,0,0.0,332.53549080882647,324,Autumn,Monday
2024-10-15,P004,Clothing,356.3808879392702,0,382.0089170420845,6,2138.2853276356213,264.21969336780523,373,Autumn,Tuesday
2024-10-16,P004,Clothing,360.9276806214204,10,393.2092797036535,11,3970.2044868356243,263.7655361328049,322,Autumn,Wednesday
2023-01-01,P005,Groceries,344.74115788895176,5,313.4845570540401,35,12065.940526113312,257.1987354932953,320,Winter,Sunday
2023-01-02,P005,Groceries,270.06234979649787,5,273.7190117191099,54,14583.366889010886,163.30589107896068,451,Winter,Monday
2023-01-03,P005,Groceries,382.74293753904686,10,404.95546529602575,7,2679.200562773328,264.43479764024374,280,Winter,Tuesday
2023-01-04,P005,Groceries,290.1480892728447,20,290.6454432058819,53,15377.848731460768,213.58815530836915,456,Winter,Wednesday
