synthetic_retail_demand.csv
date,product_id,category,price,discount_pct,competitor_price,units_sold,revenue,cost,inventory_level,season,day_of_week
2023-01-05,P005,Groceries,221.91250326321162,10,218.24699705656124,64,14202.400208845544,140.54077699030756,356,Winter,Thursday
2023-01-06,P005,Groceries,494.2601816442403,15,452.8266794317661,0,0.0,323.961930776321,450,Winter,Friday
2023-01-07,P005,Groceries,469.8774473114251,5,447.12989329751287,0,0.0,328.44321120937593,395,Winter,Saturday
2023-01-08,P005,Groceries,164.32322056699945,5,163.8504216984831,93,15282.05951273095,109.64690724352418,494,Winter,Sunday
2023-01-09,P005,Groceries,328.8016796836732,0,298.78891039398616,38,12494.463827979584,246.3324895822671,207,Winter,Monday
2023-01-10,P005,Groceries,218.11623536757548,5,228.61934426741587,71,15486.252711097859,153.67430863321962,348,Winter,Tuesday
2023-01-11,P005,Groceries,444.1618473246701,0,403.0633906940194,0,0.0,321.3022760897375,103,Winter,Wednesday
2023-01-12,P005,Groceries,375.39996030614657,0,350.87090045070715,13,4880.199483979905,234.04894512505845,339,Winter,Thursday
2023-01-13,P005,Groceries,238.5217284357603,20,233.67996319984331,82,19558.781731732346,165.14708153816827,374,Winter,Friday
2023-01-14,P005,Groceries,140.31120055097065,5,127.37347327020862,99,13890.808854546094,97.198912044095,264,Winter,Saturday
2023-01-15,P005,Groceries,324.74667685750944,15,320.1348861281099,39,12665.120397442868,231.4244387165664,266,Winter,Sunday
2023-01-16,P005,Groceries,145.38584080697922,20,145.22359906852682,85,12357.796468593233,88.48673879231157,272,Winter,Monday
2023-01-17,P005,Groceries,401.35127410357666,15,367.9187705003335,17,6822.971659760803,287.5971001931173,231,Winter,Tuesday
2023-01-18,P005,Groceries,229.07455531103346,20,251.6596936020381,73,16722.442537705443,139.9804704741566,276,Winter,Wednesday
2023-01-19,P005,Groceries,379.26468560789806,0,362.5591007653069,10,3792.646856078981,250.9522395214555,269,Winter,Thursday
2023-01-20,P005,Groceries,153.5408475202533,20,139.91795107525968,124,19039.06509251141,112.04003949014123,246,Winter,Friday
2023-01-21,P005,Groceries,135.36328934625863,10,132.75031400470607,118,15972.868142858519,83.93908492959052,352,Winter,Saturday
2023-01-22,P005,Groceries,126.49439114074634,20,138.63867680843853,114,14420.360590045084,85.24364856412924,254,Winter,Sunday
2023-01-23,P005,Groceries,182.533487362317,5,168.98031745287463,68,12412.277140637556,118.55822471855613,460,Winter,Monday
2023-01-24,P005,Groceries,112.18886109343767,5,111.00891175870245,64,7180.087109980011,76.27637533440597,64,Winter,Tuesday
2023-01-25,P005,Groceries,343.02208891742913,10,333.1496885805135,33,11319.728934275161,256.5727315589373,278,Winter,Wednesday
2023-01-26,P005,Groceries,211.99163746411367,15,199.48741927434813,77,16323.356084736752,157.975979560535,373,Winter,Thursday
2023-01-27,P005,Groceries,288.63047542006336,10,279.90623060431267,52,15008.784721843294,213.4218510751962,367,Winter,Friday
2023-01-28,P005,Groceries,385.5129819421304,10,395.0815332143631,10,3855.129819421304,262.52168018146824,112,Winter,Saturday
2023-01-29,P005,Groceries,327.9558739485266,5,327.5611126189529,39,12790.279083992536,233.89658586727384,167,Winter,Sunday
2023-01-30,P005,Groceries,140.31784120635461,0,126.79429346523727,112,15715.598215111717,102.54688634893638,405,Winter,Monday
2023-01-31,P005,Groceries,421.14137943920457,20,429.8776652292801,2,842.2827588784091,259.9032309190596,293,Winter,Tuesday
2023-02-01,P005,Groceries,444.25280715629356,20,416.21715612945167,2,888.5056143125871,286.5161330159971,273,Winter,Wednesday
2023-02-02,P005,Groceries,420.2999085944484,15,448.86255390865017,0,0.0,306.83955486938913,57,Winter,Thursday
2023-02-03,P005,Groceries,149.1107558650834,10,151.58723384996486,51,7604.648549119253,98.89229351089261,51,Winter,Friday
2023-02-04,P005,Groceries,358.0216671077318,15,331.69105032211564,33,11814.71501455515,263.1766597605936,147,Winter,Saturday
2023-02-05,P005,Groceries,118.78638671002201,15,129.68211975803283,134,15917.37581914295,74.55694534829132,230,Winter,Sunday
2023-02-06,P005,Groceries,237.75349281769329,0,233.6067652297985,57,13551.949090608518,167.7918724328631,153,Winter,Monday
2023-02-07,P005,Groceries,461.34552505440996,15,435.62176976562046,0,0.0,345.15574739194443,414,Winter,Tuesday
2023-02-08,P005,Groceries,235.94998550722644,15,239.3678512649559,53,12505.349231883001,170.0247448000037,53,Winter,Wednesday
2023-02-09,P005,Groceries,407.3093655458073,0,393.97979703328724,0,0.0,276.3096633920092,114,Winter,Thursday
2023-02-10,P005,Groceries,477.0927096540503,20,508.642136598147,0,0.0,294.86753770078366,156,Winter,Friday
2023-02-11,P005,Groceries,282.97283910948295,10,270.12357305146287,72,20374.044415882774,190.01669278324195,244,Winter,Saturday
2023-02-12,P005,Groceries,206.81130806776852,10,222.0392715608049,98,20267.508190641314,131.6959581070348,108,Winter,Sunday
2023-02-13,P005,Groceries,492.4744712109694,0,454.6370525120518,0,0.0,323.3116101068926,497,Winter,Monday
2023-02-14,P005,Groceries,399.8607326971699,10,407.4097721841109,3,1199.5821980915098,262.9251615459134,78,Winter,Tuesday
2023-02-15,P005,Groceries,259.0377591851177,0,256.0483993261063,59,15283.227791921943,167.54375719974996,107,Winter,Wednesday
2023-02-16,P005,Groceries,146.9232755849578,0,150.0764385589857,58,8521.549983927553,93.60937251828511,58,Winter,Thursday
2023-02-17,P005,Groceries,107.347054776216,15,111.69385843286858,133,14277.158285236728,73.41972854798564,465,Winter,Friday
2023-02-18,P005,Groceries,413.3690903766459,10,412.07925046968944,1,413.3690903766459,288.99584590657986,257,Winter,Saturday
2023-02-19,P005,Groceries,489.9172648587132,10,448.91378532785336,0,0.0,323.5850643749764,494,Winter,Sunday
2023-02-20,P005,Groceries,336.9401314373449,20,317.44222742410005,44,14825.365783243176,233.64944524445,89,Winter,Monday
2023-02-21,P005,Groceries,152.3494642873399,20,144.33673126893217,59,8988.618392953054,96.77254817409805,59,Winter,Tuesday
2023-02-22,P005,Groceries,207.89984460679585,5,192.22298254301256,61,12681.890521014548,131.94771888070773,331,Winter,Wednesday
2023-02-23,P005,Groceries,180.74138084917934,5,169.47573746055593,82,14820.793229632705,128.258497777524,206,Winter,Thursday
2023-02-24,P005,Groceries,490.8696736885269,0,539.3025019804725,0,0.0,349.92339975951035,294,Winter,Friday
2023-02-25,P005,Groceries,129.27836950737745,10,120.70577564942441,124,16030.517818914803,90.02769773694385,499,Winter,Saturday
2023-02-26,P005,Groceries,178.86165062915094,20,173.55384841390358,116,20747.95147298151,110.038034895181,430,Winter,Sunday
2023-02-27,P005,Groceries,320.0906168625047,20,328.6147180525011,40,12803.624674500188,237.73466252129947,424,Winter,Monday
2023-02-28,P005,Groceries,445.1188310172914,20,409.1278181284571,3,1335.3564930518742,268.6495955785519,192,Winter,Tuesday
2023-03-01,P005,Groceries,457.6763498656473,10,448.63155890059755,0,0.0,299.7978777531078,119,Summer,Wednesday
2023-03-02,P005,Groceries,168.191175269567,5,154.6240828800045,65,10932.426392521855,112.2769677232181,449,Summer,Thursday
2023-03-03,P005,Groceries,252.3638102043949,5,274.4182784281423,52,13122.918130628535,172.38223265752293,380,Summer,Friday
2023-03-04,P005,Groceries,377.9804355609847,5,412.55225643266544,3,1133.941306682954,259.27802867185653,315,Summer,Saturday
2023-03-05,P005,Groceries,440.57945502050615,20,398.0800866224386,7,3084.056185143543,304.16855469431937,200,Summer,Sunday
2023-03-06,P005,Groceries,310.8165855646606,5,287.8603176074464,39,12121.846837021763,227.82564557803795,111,Summer,Monday
2023-03-07,P005,Groceries,143.8944794710014,15,148.0987919252998,77,11079.874919267108,97.11439502257691,305,Summer,Tuesday
2023-03-08,P005,Groceries,354.88059072331214,5,346.8140775214365,20,7097.611814466243,236.88941810540527,482,Summer,Wednesday
2023-03-09,P005,Groceries,364.12108788053524,5,329.23427949172,25,9103.027197013382,222.96071827149228,269,Summer,Thursday
2023-03-10,P005,Groceries,189.84624473754076,0,185.1377879044614,82,15567.392068478342,129.5726802159796,163,Summer,Friday
2023-03-11,P005,Groceries,427.11413194277804,10,397.2738977383044,3,1281.3423958283342,278.2040125900489,327,Summer,Saturday
2023-03-12,P005,Groceries,345.99129613645295,5,335.9841600321023,21,7265.817218865512,248.27254799415263,469,Summer,Sunday
2023-03-13,P005,Groceries,137.19625592925286,15,137.47365886992486,97,13308.036825137528,97.20501736205937,278,Summer,Monday
2023-03-14,P005,Groceries,420.54676632780763,10,440.1960427052639,0,0.0,271.21755980196605,210,Summer,Tuesday
2023-03-15,P005,Groceries,274.0721597021427,20,285.364974576177,54,14799.896623915705,190.39124113297825,175,Summer,Wednesday
2023-03-16,P005,Groceries,207.25560803820537,0,206.74042007572302,66,13678.870130521555,125.39835589457412,133,Summer,Thursday
2023-03-17,P005,Groceries,173.20617769389088,0,161.1249369432019,83,14376.112748592943,109.77764924732087,376,Summer,Friday
2023-03-18,P005,Groceries,242.3893495179411,10,220.66915877345852,69,16724.865116737936,174.02142890408973,497,Summer,Saturday
2023-03-19,P005,Groceries,485.7906615603246,15,488.057324954735,0,0.0,312.39773772874275,346,Summer,Sunday
2023-03-20,P005,Groceries,452.9665473629355,15,474.68451152752704,0,0.0,293.4996856273172,178,Summer,Monday
2023-03-21,P005,Groceries,283.70607886928553,20,269.7660093924307,48,13617.891785725706,205.08779533108046,125,Summer,Tuesday
2023-03-22,P005,Groceries,372.667792960648,0,384.2415435417283,5,1863.33896480324,279.0392556251321,296,Summer,Wednesday
2023-03-23,P005,Groceries,318.6592880751154,10,313.0993927870024,27,8603.800778028115,229.54722174215092,133,Summer,Thursday
2023-03-24,P005,Groceries,326.86831196775427,15,313.87629421880814,31,10132.917671000383,225.4586023075046,276,Summer,Friday
2023-03-25,P005,Groceries,367.68010517523135,0,335.66891141992875,21,7721.282208679859,273.32371011066493,57,Summer,Saturday
2023-03-26,P005,Groceries,207.5835783305884,0,186.9464921783221,66,13700.516169818835,125.78836119456747,311,Summer,Sunday
2023-03-27,P005,Groceries,211.12882911269378,20,202.03180731758715,70,14779.018037888565,152.58934985936855,326,Summer,Monday
2023-03-28,P005,Groceries,431.83502274610015,0,440.79952510316826,0,0.0,303.57504928420855,499,Summer,Tuesday
2023-03-29,P005,Groceries,396.3925001098314,20,362.0208184150671,22,8720.635002416291,269.58460527897927,345,Summer,Wednesday
2023-03-30,P005,Groceries,466.6540943364829,10,474.325770665977,0,0.0,305.9738262671843,362,Summer,Thursday
2023-03-31,P005,Groceries,156.2211870313443,20,147.73796248800195,110,17184.330573447874,116.63752173962011,116,Summer,Friday
2023-04-01,P005,Groceries,236.15484170180227,15,258.83085432241927,69,16294.684077424357,158.6209014078907,446,Summer,Saturday
2023-04-02,P005,Groceries,349.36238326377605,0,369.80157739413664,12,4192.348599165312,233.79918552516432,390,Summer,Sunday
2023-04-03,P005,Groceries,220.97899131575195,15,211.51152455112396,67,14805.592418155382,139.32359984149207,265,Summer,Monday
2023-04-04,P005,Groceries,350.6370044372841,5,349.0130970568446,22,7714.014097620249,246.55332218887182,220,Summer,Tuesday
2023-04-05,P005,Groceries,345.4416456949834,0,360.85867086304984,14,4836.183039729767,221.79086703911585,309,Summer,Wednesday
2023-04-06,P005,Groceries,262.0410778110266,10,236.99136166559344,50,13102.05389055133,180.15025998129954,344,Summer,Thursday
2023-04-07,P005,Groceries,213.70963717100668,5,227.548536802895,67,14318.545690457448,151.36160997805658,410,Summer,Friday
2023-04-08,P005,Groceries,250.92722158527715,15,259.7167033717895,68,17063.051067798846,154.9233203119018,267,Summer,Saturday
2023-04-09,P005,Groceries,408.3122473055519,0,371.7564617650916,6,2449.8734838333116,291.9984378872028,259,Summer,Sunday
2023-04-10,P005,Groceries,429.32377192828716,5,433.08513999220656,0,0.0,264.02554320807303,123,Summer,Monday
2023-04-11,P005,Groceries,253.03212942825417,0,233.81217471683865,48,12145.5422125562,161.89942612141817,273,Summer,Tuesday
2023-04-12,P005,Groceries,398.9777626386776,15,363.6957161791087,14,5585.688676941486,296.7071823646692,442,Summer,Wednesday
2023-04-13,P005,Groceries,389.992467969621,0,420.4228889755304,0,0.0,275.39638018561647,291,Summer,Thursday
2023-04-14,P005,Groceries,492.47701166564633,20,495.1593035432046,0,0.0,324.43338742117794,119,Summer,Friday
2023-04-15,P005,Groceries,290.76004258718797,15,276.0673744806862,63,18317.88268299284,202.39582025991382,88,Summer,Saturday
2023-04-16,P005,Groceries,259.1346502008628,10,282.70797348805036,62,16066.348312453492,174.70891245318506,138,Summer,Sunday
2023-04-17,P005,Groceries,446.7081418024001,20,422.1293857948352,0,0.0,296.9300722849472,305,Summer,Monday
2023-04-18,P005,Groceries,302.7681751847339,10,278.24716509459745,40,12110.727007389356,219.20779665511785,496,Summer,Tuesday
2023-04-19,P005,Groceries,176.44748379840104,15,166.71793957016592,81,14292.246187670484,123.41744157403707,288,Summer,Wednesday
2023-04-20,P005,Groceries,480.88871427903786,5,479.1447693633844,0,0.0,314.62458547756773,97,Summer,Thursday
2023-04-21,P005,Groceries,162.9305120007313,0,169.4858537103348,74,12056.857888054117,115.52726676397715,224,Summer,Friday
2023-04-22,P005,Groceries,147.39694350736022,10,160.73539751483557,92,13560.51880267714,93.45100457914532,92,Summer,Saturday
2023-04-23,P005,Groceries,127.34128012398344,10,123.67015222804109,68,8659.207048430873,78.00773124222675,68,Summer,Sunday
2023-04-24,P005,Groceries,269.09145475757293,10,270.1519045110134,42,11301.841099818063,164.4434920742704,436,Summer,Monday
2023-04-25,P005,Groceries,310.30248782365396,10,316.3638300444765,28,8688.469659062312,226.49423716462917,114,Summer,Tuesday
2023-04-26,P005,Groceries,103.32797689087681,5,94.90933995623674,115,11882.717342450833,73.596142252852,176,Summer,Wednesday
2023-04-27,P005,Groceries,393.09338991446606,5,400.7269310042768,3,1179.2801697433981,270.9280157471368,143,Summer,Thursday
2023-04-28,P005,Groceries,433.45725365758335,15,436.4936654638683,0,0.0,269.46223216756715,384,Summer,Friday
2023-04-29,P005,Groceries,144.17274536444108,20,129.98512084746605,118,17012.38395300405,106.49812306027249,332,Summer,Saturday
2023-04-30,P005,Groceries,344.2187020061698,20,341.40913620767884,38,13080.310676234452,227.7571374714804,209,Summer,Sunday
2023-05-01,P005,Groceries,322.7513772688384,0,318.16471441920316,25,8068.784431720959,219.83750160535504,379,Summer,Monday
2023-05-02,P005,Groceries,127.6183625258399,20,125.27322342279882,110,14038.01987784239,93.52421913546226,465,Summer,Tuesday
2023-05-03,P005,Groceries,291.704035965815,0,305.88560920166657,34,9917.93722283771,212.1240194647472,165,Summer,Wednesday
2023-05-04,P005,Groceries,421.79785697272894,20,388.3643519089944,12,5061.574283672748,256.1572689223089,469,Summer,Thursday
2023-05-05,P005,Groceries,265.98848616003124,10,253.80316517628495,45,11969.481877201406,167.66268419060754,108,Summer,Friday
2023-05-06,P005,Groceries,211.3830185494292,10,215.41211695530353,90,19024.47166944863,135.22071375046625,486,Summer,Saturday
2023-05-07,P005,Groceries,382.73514231221645,10,420.9238892852315,3,1148.2054269366495,248.3935333293971,336,Summer,Sunday
2023-05-08,P005,Groceries,334.7746026235628,0,305.9390152124303,27,9038.914270836196,232.91887269995138,68,Summer,Monday
2023-05-09,P005,Groceries,166.9428128947124,20,152.06456051599386,96,16026.51003789239,116.29879218771713,394,Summer,Tuesday
2023-05-10,P005,Groceries,329.042893152809,5,356.768541697923,18,5922.772076750562,226.20995431660285,413,Summer,Wednesday
2023-05-11,P005,Groceries,239.0028329700724,20,261.7245040769463,68,16252.192641964924,172.69056152713318,113,Summer,Thursday
2023-05-12,P005,Groceries,125.02593688778063,20,116.77711108463231,97,12127.515878114722,91.8610204567713,387,Summer,Friday
2023-05-13,P005,Groceries,496.7091523916998,0,532.6910587996022,0,0.0,321.41121622505113,368,Summer,Saturday
2023-05-14,P005,Groceries,191.93069031904736,0,201.20488182590165,82,15738.316606161883,123.20268672183148,240,Summer,Sunday
2023-05-15,P005,Groceries,205.2989386072045,20,210.36891211663087,77,15808.018272754745,141.66493517112096,482,Summer,Monday
2023-05-16,P005,Groceries,259.1462812069709,5,242.07934059094538,43,11143.29009189975,156.67195137700594,198,Summer,Tuesday
2023-05-17,P005,Groceries,344.30829227401546,5,336.8776770217387,24,8263.399014576371,245.3594077360623,220,Summer,Wednesday
2023-05-18,P005,Groceries,439.24369400625204,20,473.05273071705284,0,0.0,312.2407926981972,267,Summer,Thursday
2023-05-19,P005,Groceries,384.05305622581494,20,379.9601664940544,13,4992.6897309355945,259.3232595491817,299,Summer,Friday
2023-05-20,P005,Groceries,391.8847625989689,10,379.50963909615757,14,5486.386676385565,260.4049335226363,482,Summer,Saturday
2023-05-21,P005,Groceries,430.6204296765857,20,454.73416840431514,0,0.0,264.7499965738833,230,Summer,Sunday
2023-05-22,P005,Groceries,120.1398107877413,15,108.7805919649141,91,10932.722781684459,81.51942366247336,327,Summer,Monday
2023-05-23,P005,Groceries,221.31435633971319,10,199.92460285441464,74,16377.262369138776,155.33609225001285,107,Summer,Tuesday
2023-05-24,P005,Groceries,344.7324080412886,0,372.2600050347961,11,3792.0564884541745,256.5978506730034,404,Summer,Wednesday
2023-05-25,P005,Groceries,226.63470396346045,10,208.11294220810743,71,16091.063981405692,146.68339117335054,419,Summer,Thursday
2023-05-26,P005,Groceries,486.298883927899,15,460.41775888092764,0,0.0,307.1623909302792,465,Summer,Friday
2023-05-27,P005,Groceries,418.88442903150514,5,384.04393968261,5,2094.422145157526,276.03042329911403,424,Summer,Saturday
2023-05-28,P005,Groceries,222.5731290813486,5,226.50609513845006,73,16247.838422938448,146.8209571248965,295,Summer,Sunday
2023-05-29,P005,Groceries,120.51753959248623,15,126.76244352292024,94,11328.648721693706,85.46252867674333,448,Summer,Monday
2023-05-30,P005,Groceries,191.99750158529622,10,197.68466090584738,82,15743.79512999429,140.40157267328095,384,Summer,Tuesday
