synthetic_retail_demand.csv
date,product_id,category,price,discount_pct,competitor_price,units_sold,revenue,cost,inventory_level,season,day_of_week
2023-05-31,P005,Groceries,270.9945816361072,15,279.957196730637,43,11652.76701035261,182.95024116182483,65,Summer,Wednesday
2023-06-01,P005,Groceries,370.59349980824175,0,403.4968870557229,2,741.1869996164835,264.92778947067234,435,Monsoon,Thursday
2023-06-02,P005,Groceries,132.63948800193535,5,141.71244444811492,70,9284.764160135474,89.18772298924529,115,Monsoon,Friday
2023-06-03,P005,Groceries,460.1056444808282,0,442.4271324776368,0,0.0,333.86628631626627,197,Monsoon,Saturday
2023-06-04,P005,Groceries,100.01228753815296,10,97.1438586418853,86,8601.056728281155,63.825061539526395,487,Monsoon,Sunday
2023-06-05,P005,Groceries,290.5845084957598,0,284.9299502131074,31,9008.119763368553,203.66373395503356,375,Monsoon,Monday
2023-06-06,P005,Groceries,212.90498816517314,10,203.4454135855047,46,9793.629455597964,152.38180786346533,489,Monsoon,Tuesday
2023-06-07,P005,Groceries,322.5858549395288,10,351.0751442516653,18,5806.545388911519,219.18324785828875,358,Monsoon,Wednesday
2023-06-08,P005,Groceries,142.53491893929086,15,139.70429423303915,74,10547.584001507525,87.98280404413387,266,Monsoon,Thursday
2023-06-09,P005,Groceries,116.78562937745372,5,125.47244956452158,69,8058.2084270443065,80.17885173828478,302,Monsoon,Friday
2023-06-10,P005,Groceries,476.3520678236817,0,459.4987032417084,0,0.0,356.388721010477,139,Monsoon,Saturday
2023-06-11,P005,Groceries,253.28614637890067,20,273.82962027209845,60,15197.16878273404,183.70993117531364,144,Monsoon,Sunday
2023-06-12,P005,Groceries,366.60879067721396,20,330.8527788038697,21,7698.784604221493,227.8268815740331,315,Monsoon,Monday
2023-06-13,P005,Groceries,478.3883559382397,0,437.9346434812104,0,0.0,299.22381321080746,237,Monsoon,Tuesday
2023-06-14,P005,Groceries,482.6881735557399,20,457.29143817727413,0,0.0,296.6335315258301,167,Monsoon,Wednesday
2023-06-15,P005,Groceries,248.84808609667948,15,263.98628983723046,53,13188.948563124013,181.65001430405465,226,Monsoon,Thursday
2023-06-16,P005,Groceries,330.2373714560328,0,340.5343915198133,17,5614.0353147525575,207.9907978074898,396,Monsoon,Friday
2023-06-17,P005,Groceries,214.25039542489725,20,206.48123061696225,63,13497.774911768527,131.9142674667468,308,Monsoon,Saturday
2023-06-18,P005,Groceries,198.74281103829315,5,196.19871149161312,66,13117.025528527349,136.95514572535745,70,Monsoon,Sunday
2023-06-19,P005,Groceries,107.57816134974183,20,112.31498832061749,57,6131.955196935284,69.18170624788604,57,Monsoon,Monday
2023-06-20,P005,Groceries,257.4221344425262,0,241.07366865246664,42,10811.729646586102,191.72322946635708,171,Monsoon,Tuesday
2023-06-21,P005,Groceries,143.60544625637147,5,138.3478389580453,73,10483.197576715116,103.58604752316141,91,Monsoon,Wednesday
2023-06-22,P005,Groceries,424.7784938551534,15,406.8902979545747,2,849.5569877103068,304.7710584920635,376,Monsoon,Thursday
2023-06-23,P005,Groceries,142.1605509585849,15,141.27318140205733,72,10235.559669018114,100.34335808370501,366,Monsoon,Friday
2023-06-24,P005,Groceries,311.02545959976794,20,312.30339088770523,33,10263.840166792343,207.1739754443386,464,Monsoon,Saturday
2023-06-25,P005,Groceries,250.56598500827758,20,235.74461141992398,52,13029.431220430433,166.07620515587902,234,Monsoon,Sunday
2023-06-26,P005,Groceries,132.4656897854858,20,138.79997181270363,80,10597.255182838864,93.12034532317821,238,Monsoon,Monday
2023-06-27,P005,Groceries,127.4594664591489,0,138.9664270969871,59,7520.108521089785,79.0953716885358,433,Monsoon,Tuesday
2023-06-28,P005,Groceries,428.5000618238817,20,395.8192717691735,6,2571.0003709432904,268.14740150577654,434,Monsoon,Wednesday
2023-06-29,P005,Groceries,418.5762246093909,0,430.7596689008457,0,0.0,260.9261822619459,107,Monsoon,Thursday
2023-06-30,P005,Groceries,280.1129935326103,0,303.5106793835217,30,8403.38980597831,205.3565333461027,81,Monsoon,Friday
2023-07-01,P005,Groceries,172.0634590930477,15,172.6585743648238,87,14969.52094109515,113.90017863030761,138,Monsoon,Saturday
2023-07-02,P005,Groceries,196.08777328335424,5,211.16608879720744,75,14706.582996251567,133.94735955285333,414,Monsoon,Sunday
2023-07-03,P005,Groceries,295.6193601797133,5,320.28705706152675,25,7390.484004492832,201.91800899497804,466,Monsoon,Monday
2023-07-04,P005,Groceries,399.44348343273293,20,389.8953370343381,11,4393.878317760063,246.024766092119,117,Monsoon,Tuesday
2023-07-05,P005,Groceries,407.89864914283487,15,401.2328600612491,6,2447.391894857009,263.6705486439754,93,Monsoon,Wednesday
2023-07-06,P005,Groceries,399.20643067976096,0,403.97652128039846,0,0.0,290.89782862371976,430,Monsoon,Thursday
2023-07-07,P005,Groceries,231.35419984664213,10,237.06307599865818,47,10873.64739279218,159.72008583749695,378,Monsoon,Friday
2023-07-08,P005,Groceries,440.8849564806696,5,401.1754617327993,0,0.0,305.7660088727846,343,Monsoon,Saturday
2023-07-09,P005,Groceries,118.06054576491678,0,126.18295717232562,85,10035.146390017926,75.48333888019198,466,Monsoon,Sunday
2023-07-10,P005,Groceries,227.21584467780795,5,207.04927033922272,53,12042.43976792382,152.88107790446006,106,Monsoon,Monday
2023-07-11,P005,Groceries,459.699567315681,20,438.6959359340062,0,0.0,297.6243336425643,192,Monsoon,Tuesday
2023-07-12,P005,Groceries,113.77252342932582,15,111.09051615089746,70,7964.076640052807,73.41415609476631,402,Monsoon,Wednesday
2023-07-13,P005,Groceries,213.10618282403942,15,232.4798296731581,58,12360.158603794287,157.2251045856002,385,Monsoon,Thursday
2023-07-14,P005,Groceries,259.9932073174274,10,279.002414120504,33,8579.775841475104,178.50676311097152,295,Monsoon,Friday
2023-07-15,P005,Groceries,127.50156256899498,20,125.38922579556953,88,11220.137506071558,93.28810064099551,464,Monsoon,Saturday
2023-07-16,P005,Groceries,231.6922461365578,20,229.3862728331744,71,16450.149475695605,147.86884271241902,493,Monsoon,Sunday
2023-07-17,P005,Groceries,463.54616252760144,5,462.37861055367017,0,0.0,343.8612075677586,129,Monsoon,Monday
2023-07-18,P005,Groceries,477.8829526689927,10,454.8213676898486,0,0.0,311.61735432812225,250,Monsoon,Tuesday
2023-07-19,P005,Groceries,123.62005778330878,15,124.70264981770671,67,8282.543871481688,87.05887187210786,195,Monsoon,Wednesday
2023-07-20,P005,Groceries,437.9190324752584,10,456.04505462711467,0,0.0,305.73403476237354,482,Monsoon,Thursday
2023-07-21,P005,Groceries,398.9190230239427,15,434.70368119558873,0,0.0,281.9057069138953,347,Monsoon,Friday
2023-07-22,P005,Groceries,147.60852179725643,20,138.72524670079127,56,8266.07722064636,96.2663444612504,56,Monsoon,Saturday
2023-07-23,P005,Groceries,243.8702244892271,0,228.4022446784698,58,14144.473020375171,154.8235987319133,386,Monsoon,Sunday
2023-07-24,P005,Groceries,455.60024432586636,5,467.6027975204235,0,0.0,308.81139347886665,249,Monsoon,Monday
2023-07-25,P005,Groceries,422.70942785950695,20,383.34476949864927,11,4649.803706454576,294.14001073196044,422,Monsoon,Tuesday
2023-07-26,P005,Groceries,153.41369326429975,20,167.00561825567073,71,10892.372221765283,106.09422280026291,448,Monsoon,Wednesday
2023-07-27,P005,Groceries,360.0748665782613,0,389.7319698745347,5,1800.3743328913065,239.7629070619163,240,Monsoon,Thursday
2023-07-28,P005,Groceries,115.91885093426102,20,107.56556170411757,62,7186.968757924183,81.99640348484284,62,Monsoon,Friday
2023-07-29,P005,Groceries,401.24753887186966,15,376.2283263634362,15,6018.713083078045,251.83792102072124,391,Monsoon,Saturday
2023-07-30,P005,Groceries,403.69559186279804,10,441.05621272600297,0,0.0,280.26649934483976,485,Monsoon,Sunday
2023-07-31,P005,Groceries,184.68574885918832,5,194.2516148848167,64,11819.887926988053,124.6800432989073,65,Monsoon,Monday
2023-08-01,P005,Groceries,373.59005196605654,15,375.15059609495626,12,4483.080623592678,250.43943932191738,84,Monsoon,Tuesday
2023-08-02,P005,Groceries,272.3934915392813,15,276.17961171933786,35,9533.772203874845,197.4467802498491,98,Monsoon,Wednesday
2023-08-03,P005,Groceries,450.2740510344424,0,405.5800654756002,0,0.0,281.1439945310328,458,Monsoon,Thursday
2023-08-04,P005,Groceries,133.5850253786907,5,141.4694882948597,68,9083.781725750967,82.87105721192475,464,Monsoon,Friday
2023-08-05,P005,Groceries,298.6973712023938,20,295.4646663234436,52,15532.263302524478,210.96622908115435,305,Monsoon,Saturday
2023-08-06,P005,Groceries,194.5899648954778,5,188.567971818817,70,13621.297542683445,121.79648860729768,79,Monsoon,Sunday
2023-08-07,P005,Groceries,240.68804453826093,5,246.85112496997434,45,10830.962004221741,174.37630738923397,331,Monsoon,Monday
2023-08-08,P005,Groceries,200.13610695255443,5,201.45921836730298,64,12808.710844963483,139.04088916893514,327,Monsoon,Tuesday
2023-08-09,P005,Groceries,485.7952900095417,0,506.93334900526617,0,0.0,348.08359821334017,140,Monsoon,Wednesday
2023-08-10,P005,Groceries,263.1751273471364,20,245.26165697797325,39,10263.82996653832,189.0946153971927,330,Monsoon,Thursday
2023-08-11,P005,Groceries,250.80308478349784,0,239.44381324347262,50,12540.154239174892,165.51716983732618,164,Monsoon,Friday
2023-08-12,P005,Groceries,343.1113754427549,0,374.8380648071366,11,3774.2251298703036,232.54538833170332,310,Monsoon,Saturday
2023-08-13,P005,Groceries,484.33176683207535,5,503.39068826215185,0,0.0,297.61997583068364,374,Monsoon,Sunday
2023-08-14,P005,Groceries,422.1865132162347,0,450.21476163161475,0,0.0,278.8660127229469,466,Monsoon,Monday
2023-08-15,P005,Groceries,299.0065707497734,10,314.5262166914383,30,8970.197122493202,188.64271553523926,141,Monsoon,Tuesday
2023-08-16,P005,Groceries,469.3144084055743,5,434.32466207447874,0,0.0,345.980545511802,186,Monsoon,Wednesday
2023-08-17,P005,Groceries,439.78577197142215,10,436.82817698868837,0,0.0,287.7298028219252,172,Monsoon,Thursday
2023-08-18,P005,Groceries,455.4986067255252,15,454.4920392029466,0,0.0,301.13522238422365,420,Monsoon,Friday
2023-08-19,P005,Groceries,357.1226364344695,5,392.82413243662177,7,2499.8584550412866,214.39058288901123,263,Monsoon,Saturday
2023-08-20,P005,Groceries,246.62047495169048,5,229.42661057575418,54,13317.505647391286,177.5095323673993,176,Monsoon,Sunday
2023-08-21,P005,Groceries,402.7707380508055,5,376.123671846624,6,2416.624428304833,252.992014527026,330,Monsoon,Monday
2023-08-22,P005,Groceries,355.2897660162446,5,385.729042768452,10,3552.897660162446,216.6713012367355,274,Monsoon,Tuesday
2023-08-23,P005,Groceries,217.517788261731,5,209.31790269512777,42,9135.747106992701,156.05564489971678,57,Monsoon,Wednesday
2023-08-24,P005,Groceries,177.3356934448209,0,170.78904099388313,50,8866.784672241045,124.5587985606355,443,Monsoon,Thursday
2023-08-25,P005,Groceries,170.133696550744,10,172.489374929966,64,10888.556579247615,125.5783401791596,289,Monsoon,Friday
2023-08-26,P005,Groceries,487.14582638054213,10,448.78267443284597,0,0.0,304.9780077937728,348,Monsoon,Saturday
2023-08-27,P005,Groceries,231.62951178429117,20,222.32951365695243,63,14592.659242410344,164.97020966295074,464,Monsoon,Sunday
2023-08-28,P005,Groceries,130.21330766276304,10,134.5326853308788,65,8463.864998079598,85.5242478087288,363,Monsoon,Monday
2023-08-29,P005,Groceries,122.14392677536381,15,118.64105668614165,91,11115.097336558107,78.07557026920271,226,Monsoon,Tuesday
2023-08-30,P005,Groceries,126.31928711809559,0,123.50678189139764,70,8842.350098266692,84.19877984316562,165,Monsoon,Wednesday
2023-08-31,P005,Groceries,183.7670683287417,0,171.11259594588628,59,10842.25703139576,116.48069882521061,380,Monsoon,Thursday
2023-09-01,P005,Groceries,307.6086774314223,0,282.1458222599608,29,8920.651645511247,210.36449956855355,164,Autumn,Friday
2023-09-02,P005,Groceries,236.45973032787322,5,239.39707483897624,53,12532.365707377281,142.0838539929206,319,Autumn,Saturday
2023-09-03,P005,Groceries,468.3025804218935,0,463.27812264573686,0,0.0,319.66501497856177,392,Autumn,Sunday
2023-09-04,P005,Groceries,168.67127801728677,15,154.20301702257305,77,12987.688407331081,109.94812637137971,88,Autumn,Monday
2023-09-05,P005,Groceries,263.49750512341114,5,249.76242554665575,39,10276.402699813034,174.61855193631874,203,Autumn,Tuesday
2023-09-06,P005,Groceries,449.790041313457,5,452.2710492154786,0,0.0,314.09531116124685,124,Autumn,Wednesday
2023-09-07,P005,Groceries,262.5625147203982,0,278.2366694060436,33,8664.56298577314,168.05964631089466,405,Autumn,Thursday
2023-09-08,P005,Groceries,189.44101932946845,0,186.2825085199319,65,12313.666256415449,118.06936159173095,86,Autumn,Friday
2023-09-09,P005,Groceries,434.7453688906369,5,478.15098115704984,0,0.0,279.55300895092216,354,Autumn,Saturday
2023-09-10,P005,Groceries,339.55323790292687,15,355.12109167067746,31,10526.150374990733,248.28542291414976,154,Autumn,Sunday
2023-09-11,P005,Groceries,325.93657468697063,5,343.797578733704,22,7170.604643113354,198.10779007010277,450,Autumn,Monday
2023-09-12,P005,Groceries,162.61168536629648,10,168.15500926762726,87,14147.216626867794,104.61231081803831,453,Autumn,Tuesday
2023-09-13,P005,Groceries,449.1320936613281,5,425.23133354555705,0,0.0,282.9958028022737,96,Autumn,Wednesday
2023-09-14,P005,Groceries,303.9940317253988,20,304.64354442799055,36,10943.785142114357,204.14939103019697,69,Autumn,Thursday
2023-09-15,P005,Groceries,169.10292731243493,15,182.9975813972567,83,14035.542966932098,117.07032456231259,96,Autumn,Friday
2023-09-16,P005,Groceries,446.8608604004488,20,402.5959340650923,6,2681.1651624026927,272.9687145591084,82,Autumn,Saturday
2023-09-17,P005,Groceries,244.87264111766063,15,224.08933839406572,67,16406.46695488326,168.11966419786523,479,Autumn,Sunday
2023-09-18,P005,Groceries,458.5126208655152,0,454.4433777849589,0,0.0,323.64748734788816,160,Autumn,Monday
2023-09-19,P005,Groceries,483.8368590436936,0,503.2343495370831,0,0.0,319.46393968591525,256,Autumn,Tuesday
2023-09-20,P005,Groceries,418.1151396190737,0,417.0349428623397,0,0.0,305.9506817464502,438,Autumn,Wednesday
2023-09-21,P005,Groceries,129.77136737540627,5,137.70320847954463,86,11160.33759428494,78.99719026040324,112,Autumn,Thursday
2023-09-22,P005,Groceries,210.17196145578913,15,197.62045420413568,58,12189.97376443577,156.33717569563748,379,Autumn,Friday
2023-09-23,P005,Groceries,128.1842710667833,0,127.63825018202395,114,14613.006901613297,80.22443139768573,376,Autumn,Saturday
2023-09-24,P005,Groceries,333.7278927050836,10,334.9509335495177,27,9010.653103037257,223.35439121243638,293,Autumn,Sunday
2023-09-25,P005,Groceries,153.89890605236297,10,162.24714652585246,80,12311.912484189037,97.60500342581392,372,Autumn,Monday
2023-09-26,P005,Groceries,253.26578742365032,5,275.7331547630773,38,9624.099922098712,186.2466156236377,72,Autumn,Tuesday
2023-09-27,P005,Groceries,247.14027784298338,0,252.73406872251235,49,12109.873614306185,180.4915283373957,491,Autumn,Wednesday
2023-09-28,P005,Groceries,263.517206908469,20,247.25764791213533,51,13439.37755233192,173.3773145594231,177,Autumn,Thursday
2023-09-29,P005,Groceries,318.9625624004901,0,318.5020663164908,28,8930.951747213723,199.06676869078228,283,Autumn,Friday
2023-09-30,P005,Groceries,342.7306254354331,5,338.80539517300406,21,7197.3431341440955,254.4217726031065,263,Autumn,Saturday
2023-10-01,P005,Groceries,239.92134180463177,0,240.5248023245041,60,14395.280508277905,153.58952101187438,410,Autumn,Sunday
2023-10-02,P005,Groceries,175.63106151133954,10,181.74958925621286,68,11942.912182771088,122.06189073292171,476,Autumn,Monday
2023-10-03,P005,Groceries,124.6431941169877,10,115.38418857807102,80,9971.455529359017,75.12957626168529,156,Autumn,Tuesday
2023-10-04,P005,Groceries,376.0301416755191,5,387.54694717861156,6,2256.180850053114,233.9932078565978,230,Autumn,Wednesday
2023-10-05,P005,Groceries,404.2426325560247,15,416.43685010979186,4,1616.9705302240989,249.59599632640055,262,Autumn,Thursday
2023-10-06,P005,Groceries,333.02756368592446,0,332.83888896568544,20,6660.551273718489,233.15670342652925,123,Autumn,Friday
2023-10-07,P005,Groceries,488.60654272165567,0,452.42844968666776,0,0.0,333.9736897239222,331,Autumn,Saturday
2023-10-08,P005,Groceries,271.00228148534643,20,250.3666323846803,62,16802.141452091477,171.7307196033012,252,Autumn,Sunday
2023-10-09,P005,Groceries,370.2576255459554,10,370.8424412454275,14,5183.606757643376,251.5114250263731,159,Autumn,Monday
2023-10-10,P005,Groceries,370.0519543377679,5,394.07767759447034,5,1850.2597716888395,255.7993411487387,253,Autumn,Tuesday
2023-10-11,P005,Groceries,436.24144910927674,10,396.02685272050496,2,872.4828982185535,303.5287556097835,125,Autumn,Wednesday
2023-10-12,P005,Groceries,322.80272252525145,5,319.5762602171124,24,7747.265340606034,209.79062787948223,147,Autumn,Thursday
2023-10-13,P005,Groceries,357.12082006483297,5,381.10384519032965,11,3928.3290207131627,236.51202611526705,382,Autumn,Friday
2023-10-14,P005,Groceries,332.95820336340125,0,344.8196729814486,24,7990.99688072163,220.47309288492912,139,Autumn,Saturday
2023-10-15,P005,Groceries,321.62335338408434,10,300.8728237861696,45,14473.050902283796,198.26325035668035,417,Autumn,Sunday
2023-10-16,P005,Groceries,105.49327523303131,5,108.91910309460637,101,10654.820798536162,65.8006347546417,186,Autumn,Monday
2023-10-17,P005,Groceries,110.29696389888647,10,113.17702133034611,92,10147.320678697555,78.57995971372021,222,Autumn,Tuesday
2023-10-18,P005,Groceries,281.5474479983744,5,271.14239679352676,47,13232.730055923597,173.79787795948303,406,Autumn,Wednesday
2023-10-19,P005,Groceries,234.37846135157355,0,229.33379783211802,48,11250.16614487553,154.8731313782351,133,Autumn,Thursday
2023-10-20,P005,Groceries,304.9201443661866,20,300.10965735664206,42,12806.646063379838,201.72858662021892,382,Autumn,Friday
2023-10-21,P005,Groceries,398.6683859146548,5,402.62495445211755,2,797.3367718293096,292.29275539767866,80,Autumn,Saturday
2023-10-22,P005,Groceries,418.42741015877493,15,417.7760177051398,2,836.8548203175499,306.32969715276494,87,Autumn,Sunday
2023-10-23,P005,Groceries,114.94117457422198,0,106.24907495768836,78,8965.411616789313,77.75351614709766,78,Autumn,Monday
