synthetic_retail_demand.csv
date,product_id,category,price,discount_pct,competitor_price,units_sold,revenue,cost,inventory_level,season,day_of_week
2023-10-24,P005,Groceries,225.973290983573,15,247.752837307509,44,9942.824803277212,166.0191230457064,349,Autumn,Tuesday
2023-10-25,P005,Groceries,416.87597531009806,20,386.6092972841741,9,3751.8837777908825,293.076306108594,198,Autumn,Wednesday
2023-10-26,P005,Groceries,188.49512792267348,5,199.92786262176858,56,10555.727163669715,120.78775074321197,70,Autumn,Thursday
2023-10-27,P005,Groceries,116.39128889995618,10,115.25034007390542,82,9544.085689796408,71.5937863452924,352,Autumn,Friday
2023-10-28,P005,Groceries,279.64936557210035,5,265.1567085539852,54,15101.065740893418,173.23853708485422,466,Autumn,Saturday
2023-10-29,P005,Groceries,228.07448776162212,10,209.05484341584386,61,13912.54375345895,143.3808012207183,303,Autumn,Sunday
2023-10-30,P005,Groceries,495.7362551358495,20,457.85592502583194,0,0.0,346.1434606584208,330,Autumn,Monday
2023-10-31,P005,Groceries,221.48954065273034,10,213.55735514996843,64,14175.330601774742,141.27442903647787,356,Autumn,Tuesday
2023-11-01,P005,Groceries,294.5566512355575,15,318.6942042962038,29,8542.142885831168,220.13944153295506,100,Autumn,Wednesday
2023-11-02,P005,Groceries,101.13686146558898,0,109.97519669760023,97,9810.27556216213,66.40522915189538,278,Autumn,Thursday
2023-11-03,P005,Groceries,490.1802096539805,10,492.6449192522438,0,0.0,309.03363960280063,198,Autumn,Friday
2023-11-04,P005,Groceries,498.4354909058049,0,546.3879248152533,0,0.0,344.9453695043343,177,Autumn,Saturday
2023-11-05,P005,Groceries,110.05589030252567,10,106.30030055498827,94,10345.253688437413,75.73708617456239,188,Autumn,Sunday
2023-11-06,P005,Groceries,403.3210468842074,10,404.0098298158247,4,1613.2841875368297,270.83535895694274,131,Autumn,Monday
2023-11-07,P005,Groceries,213.83831781436737,10,206.7961189903736,70,14968.682247005716,147.80374142084582,267,Autumn,Tuesday
2023-11-08,P005,Groceries,153.04159629872441,15,138.05409798862087,93,14232.86845578137,106.19955975137859,437,Autumn,Wednesday
2023-11-09,P005,Groceries,233.29669622029107,0,231.91425313163185,42,9798.461241252226,173.44137107393578,414,Autumn,Thursday
2023-11-10,P005,Groceries,404.510182540165,5,367.93904250660813,7,2831.571277781155,289.7552661677776,305,Autumn,Friday
2023-11-11,P005,Groceries,208.0233864406223,20,189.42800456522662,74,15393.730596606048,141.75523977165076,283,Autumn,Saturday
2023-11-12,P005,Groceries,138.22977906504047,15,132.20121580510587,121,16725.803266869898,92.13567074500392,350,Autumn,Sunday
2023-11-13,P005,Groceries,270.61827944403035,0,252.76519862095435,39,10554.112898317184,175.20253180118019,356,Autumn,Monday
2023-11-14,P005,Groceries,270.56242259678913,5,269.8904323028387,39,10551.934481274777,190.65098787418887,53,Autumn,Tuesday
2023-11-15,P005,Groceries,146.20716004279285,20,134.24847625230043,76,11111.744163252257,101.94021946793993,326,Autumn,Wednesday
2023-11-16,P005,Groceries,371.0444728398377,5,382.8680370911141,8,2968.3557827187014,238.98759529571743,205,Autumn,Thursday
2023-11-17,P005,Groceries,401.12359780440397,5,431.56061519460997,0,0.0,270.01949075900535,455,Autumn,Friday
2023-11-18,P005,Groceries,213.38445970563168,10,211.98642210083108,74,15790.450018216745,135.71522748432977,466,Autumn,Saturday
2023-11-19,P005,Groceries,144.83940414030351,0,143.35948500866056,88,12745.867564346709,98.5741351537189,424,Autumn,Sunday
2023-11-20,P005,Groceries,103.69663536220574,20,113.80113529536989,90,9332.697182598517,75.9319832475288,450,Autumn,Monday
2023-11-21,P005,Groceries,369.62338110147834,10,386.1515119906109,11,4065.857192116262,266.4598392648097,109,Autumn,Tuesday
2023-11-22,P005,Groceries,281.66698806710554,0,308.8240447182223,25,7041.674701677638,185.52385901010845,426,Autumn,Wednesday
2023-11-23,P005,Groceries,394.66075008991515,20,418.8149123294519,5,1973.3037504495758,251.78610824895176,421,Autumn,Thursday
2023-11-24,P005,Groceries,298.32778905941564,10,279.528724217485,45,13424.750507673703,184.0796114244649,235,Autumn,Friday
2023-11-25,P005,Groceries,114.60815175254955,15,118.15232159466565,104,11919.247782265153,80.95887110239326,416,Autumn,Saturday
2023-11-26,P005,Groceries,219.57909123191212,15,208.24563624556552,65,14272.640930074287,160.60977637050192,433,Autumn,Sunday
2023-11-27,P005,Groceries,433.0732894480205,10,428.9195775628026,0,0.0,304.78703428269483,451,Autumn,Monday
2023-11-28,P005,Groceries,103.8801419692169,0,103.93920950603538,73,7583.250363752833,63.136512819448406,210,Autumn,Tuesday
2023-11-29,P005,Groceries,144.19345118722595,0,130.87582431549086,79,11391.28264379085,99.82256458665077,321,Autumn,Wednesday
2023-11-30,P005,Groceries,206.46335442047058,10,218.08819635453975,62,12800.727974069176,152.70466380517382,77,Autumn,Thursday
2023-12-01,P005,Groceries,371.3677006854849,0,363.4930587061477,12,4456.412408225819,237.5999281873061,338,Winter,Friday
2023-12-02,P005,Groceries,249.57114788271352,15,271.1313068336641,62,15473.411168728238,183.9430956775547,128,Winter,Saturday
2023-12-03,P005,Groceries,307.0555742757738,0,307.52455392793973,47,14431.611990961368,221.44689987212675,111,Winter,Sunday
2023-12-04,P005,Groceries,223.08967574574837,10,202.60045125569667,68,15170.09795071089,144.39506954284616,168,Winter,Monday
2023-12-05,P005,Groceries,398.3456953461332,20,384.8651186486953,17,6771.876820884265,284.1164940542027,363,Winter,Tuesday
2023-12-06,P005,Groceries,386.9614221620841,5,389.11077686565915,6,2321.7685329725045,263.522422934186,161,Winter,Wednesday
2023-12-07,P005,Groceries,229.1604274311604,20,222.7385546733384,65,14895.427783025427,169.76525725812286,251,Winter,Thursday
2023-12-08,P005,Groceries,233.40494146514672,0,254.87875068831872,47,10970.032248861897,168.76792278966107,428,Winter,Friday
2023-12-09,P005,Groceries,493.6962867206596,15,445.87126540966466,0,0.0,365.3741650025227,333,Winter,Saturday
2023-12-10,P005,Groceries,280.5692014419881,20,288.11847320610417,64,17956.42889228724,190.7608920243445,245,Winter,Sunday
2023-12-11,P005,Groceries,194.7921273555939,15,182.67096839423024,63,12271.904023402416,124.72342672456512,63,Winter,Monday
2023-12-12,P005,Groceries,308.7537847709913,20,327.92841286445787,40,12350.151390839652,230.47707289252713,97,Winter,Tuesday
2023-12-13,P005,Groceries,139.3978566717613,15,147.5163087244626,83,11570.022103756188,89.04699946507473,121,Winter,Wednesday
2023-12-14,P005,Groceries,402.02728165265006,5,388.9783424368232,5,2010.1364082632504,290.04304014208117,160,Winter,Thursday
2023-12-15,P005,Groceries,218.24091100168852,20,230.8167789877856,64,13967.418304108065,158.29513556154683,413,Winter,Friday
2023-12-16,P005,Groceries,111.79054084977906,10,107.33357809836563,139,15538.88517811929,76.76782286988768,370,Winter,Saturday
2023-12-17,P005,Groceries,313.9203907676672,20,319.9872496631955,53,16637.780710686362,192.44244016333607,359,Winter,Sunday
2023-12-18,P005,Groceries,499.7985401674887,20,507.40356262070935,0,0.0,352.0909129169983,301,Winter,Monday
2023-12-19,P005,Groceries,278.6407604426623,5,296.093822777944,46,12817.474980362467,207.08460046093938,164,Winter,Tuesday
2023-12-20,P005,Groceries,139.89048154134719,15,139.928279771344,89,12450.2528571799,84.84491675614191,118,Winter,Wednesday
2023-12-21,P005,Groceries,388.129166591424,0,366.19580372521875,9,3493.162499322816,247.67556761778957,318,Winter,Thursday
2023-12-22,P005,Groceries,163.75610629956844,15,150.89670341470122,95,15556.830098459002,101.83080305767795,135,Winter,Friday
2023-12-23,P005,Groceries,429.8892656307681,5,461.8556397805579,0,0.0,267.98527516652587,114,Winter,Saturday
2023-12-24,P005,Groceries,125.76204640601728,5,119.27035476512917,58,7294.198691549002,82.9746924395111,58,Winter,Sunday
2023-12-25,P005,Groceries,255.86296891524617,20,250.08391041859042,67,17142.818917321492,175.11163074754774,324,Winter,Monday
2023-12-26,P005,Groceries,227.1839326638471,20,217.52090641271658,68,15448.507421141601,141.82737180421435,225,Winter,Tuesday
2023-12-27,P005,Groceries,156.31133600489278,15,142.82951303892142,92,14380.642912450136,105.68351890642033,99,Winter,Wednesday
2023-12-28,P005,Groceries,386.25422022310494,10,418.0520740223771,3,1158.7626606693148,260.8468615178402,95,Winter,Thursday
2023-12-29,P005,Groceries,152.3505333830748,15,141.3318896071762,93,14168.599604625957,108.50774740067429,285,Winter,Friday
2023-12-30,P005,Groceries,178.96149349221702,0,194.68362681176492,108,19327.841297159437,107.4287568353662,442,Winter,Saturday
2023-12-31,P005,Groceries,138.21754982590653,0,126.86177724093216,93,12854.232133809308,87.30839187952711,337,Winter,Sunday
2024-01-01,P005,Groceries,431.30942592639536,10,413.4873878890707,0,0.0,315.5764781203587,120,Winter,Monday
2024-01-02,P005,Groceries,498.58020204003566,5,489.4802195738158,0,0.0,360.7238339347654,112,Winter,Tuesday
2024-01-03,P005,Groceries,178.99451266081292,20,171.40962479966754,94,16825.484190116415,128.02890121368688,491,Winter,Wednesday
2024-01-04,P005,Groceries,391.842659694137,20,408.90823390558427,12,4702.111916329644,275.06285716065344,77,Winter,Thursday
2024-01-05,P005,Groceries,317.28803774686435,0,323.9473306866796,25,7932.200943671609,219.59936943574374,235,Winter,Friday
2024-01-06,P005,Groceries,288.11357450529465,0,288.8297413779049,45,12965.110852738258,201.9408331873403,96,Winter,Saturday
2024-01-07,P005,Groceries,277.3013765899849,15,275.6428902125852,67,18579.19223152899,182.59361085780017,336,Winter,Sunday
2024-01-08,P005,Groceries,446.28039692960147,0,485.4937179717721,0,0.0,292.43756915011284,117,Winter,Monday
2024-01-09,P005,Groceries,346.5081956836766,0,378.3439725790869,10,3465.081956836766,218.72169031471694,118,Winter,Tuesday
2024-01-10,P005,Groceries,314.7693045680468,5,285.66871345347187,43,13535.08009642601,216.39737307083445,121,Winter,Wednesday
2024-01-11,P005,Groceries,106.76392530254684,0,104.98628588796674,94,10035.808978439403,76.18613236481184,257,Winter,Thursday
2024-01-12,P005,Groceries,114.29935778634585,10,117.15728645078863,90,10286.942200771127,72.90987828777656,290,Winter,Friday
2024-01-13,P005,Groceries,371.45977487314667,5,355.70829116000976,19,7057.735722589787,273.8605256275178,246,Winter,Saturday
2024-01-14,P005,Groceries,261.8423531787452,5,261.7455092265202,51,13353.960012116006,175.07952294532348,499,Winter,Sunday
2024-01-15,P005,Groceries,371.9914194603046,15,351.6733052110054,28,10415.759744888528,275.04751598082294,230,Winter,Monday
2024-01-16,P005,Groceries,316.75206931048797,5,303.54843140914625,42,13303.586911040495,203.494875738622,406,Winter,Tuesday
2024-01-17,P005,Groceries,206.6813722548857,0,192.63010218629128,62,12814.245079802913,148.41766102754465,62,Winter,Wednesday
2024-01-18,P005,Groceries,387.613335515955,0,420.34579867915363,0,0.0,260.48992446143166,165,Winter,Thursday
2024-01-19,P005,Groceries,464.49372412586854,10,452.22970349832883,0,0.0,284.10516299910955,366,Winter,Friday
2024-01-20,P005,Groceries,296.53963610751407,20,284.09044343398256,52,15420.061077590732,205.21041624557552,190,Winter,Saturday
2024-01-21,P005,Groceries,414.47306767928524,5,436.80452648869556,0,0.0,258.4266079898788,312,Winter,Sunday
2024-01-22,P005,Groceries,444.8336343360926,20,402.06278821170486,7,3113.835440352648,321.9626851157436,390,Winter,Monday
2024-01-23,P005,Groceries,325.159930542716,20,308.0771791315432,37,12030.917430080492,209.17536556482588,329,Winter,Tuesday
2024-01-24,P005,Groceries,214.86090537505146,5,212.9678168928575,82,17618.59424075422,140.01716150204865,449,Winter,Wednesday
2024-01-25,P005,Groceries,164.6851113320432,0,151.61763790443797,92,15151.030242547973,100.09778221192856,99,Winter,Thursday
2024-01-26,P005,Groceries,155.09132060685644,10,144.74814360142256,95,14733.675457651361,105.3526773064752,222,Winter,Friday
2024-01-27,P005,Groceries,476.50327841696105,10,512.1037534503682,0,0.0,316.7987699196642,369,Winter,Saturday
2024-01-28,P005,Groceries,349.2531683010739,0,335.0386740882379,24,8382.076039225774,217.89641679828185,415,Winter,Sunday
2024-01-29,P005,Groceries,462.38076767785776,10,506.44406204686493,0,0.0,339.97736456835565,97,Winter,Monday
2024-01-30,P005,Groceries,177.4801171142808,5,193.4123595097591,76,13488.488900685341,115.42084712595384,99,Winter,Tuesday
2024-01-31,P005,Groceries,221.34797822880503,15,222.4409242493192,70,15494.358476016352,151.23874867401446,305,Winter,Wednesday
2024-02-01,P005,Groceries,457.8996883903192,15,447.12664559879767,0,0.0,338.92989056422545,357,Winter,Thursday
2024-02-02,P005,Groceries,339.1183330891332,0,369.9337414411912,16,5425.8933294261315,216.05320758820142,391,Winter,Friday
2024-02-03,P005,Groceries,335.6846893810482,5,350.9807774002178,25,8392.117234526206,206.13943423474234,480,Winter,Saturday
2024-02-04,P005,Groceries,341.5511958496352,10,361.9445971745635,29,9904.98467963942,248.81500128546463,318,Winter,Sunday
2024-02-05,P005,Groceries,235.635045305072,0,220.83876967046635,67,15787.548035439824,174.41247678428672,410,Winter,Monday
2024-02-06,P005,Groceries,353.0373073219988,0,318.3559695919535,25,8825.93268304997,249.74535047711385,455,Winter,Tuesday
2024-02-07,P005,Groceries,433.28378276410496,10,445.02206260167094,0,0.0,270.10269173925536,166,Winter,Wednesday
2024-02-08,P005,Groceries,447.4512682041444,10,451.9292478279773,0,0.0,274.99222994803523,129,Winter,Thursday
2024-02-09,P005,Groceries,310.0409592568976,5,283.11961689997065,38,11781.55645176211,214.9591600524434,184,Winter,Friday
2024-02-10,P005,Groceries,221.09902818849298,5,208.53787078116778,94,20783.30864971834,136.89967014656597,362,Winter,Saturday
2024-02-11,P005,Groceries,371.4125642920259,15,370.0025915584855,26,9656.726671592673,245.93721412277486,419,Winter,Sunday
2024-02-12,P005,Groceries,499.8692820968369,15,475.93113861989207,0,0.0,340.929567454119,261,Winter,Monday
2024-02-13,P005,Groceries,457.52341728665226,10,479.178616930893,0,0.0,305.9407331676182,491,Winter,Tuesday
2024-02-14,P005,Groceries,318.60898313296707,10,306.80679031513773,32,10195.487460254946,193.66720798400107,384,Winter,Wednesday
2024-02-15,P005,Groceries,106.19298365500613,0,95.62581726112771,90,9557.368528950552,70.33763383166632,221,Winter,Thursday
2024-02-16,P005,Groceries,248.91186272396322,0,261.6053090085942,55,13690.152449817977,152.6691775898929,279,Winter,Friday
2024-02-17,P005,Groceries,275.98950681695203,20,298.3407663544396,68,18767.286463552737,188.77698781059345,461,Winter,Saturday
2024-02-18,P005,Groceries,356.6479994857636,5,382.37848797319793,15,5349.719992286454,264.9757285341461,189,Winter,Sunday
2024-02-19,P005,Groceries,278.79451605656715,5,301.09714487818803,46,12824.547738602088,196.0555984912129,59,Winter,Monday
2024-02-20,P005,Groceries,229.9002435868808,15,207.45758728577138,76,17472.41851260294,155.1314355540735,151,Winter,Tuesday
2024-02-21,P005,Groceries,467.56110573827533,0,490.41686852891024,0,0.0,339.0550589231747,353,Winter,Wednesday
2024-02-22,P005,Groceries,217.5560332797267,0,214.60715155573968,77,16751.814562538955,152.33057206475527,473,Winter,Thursday
2024-02-23,P005,Groceries,107.72736141373618,20,109.62999401127693,129,13896.829622371966,70.18470000090254,254,Winter,Friday
2024-02-24,P005,Groceries,229.5403546228013,20,249.40394608414087,90,20658.631916052116,146.83098096518836,288,Winter,Saturday
2024-02-25,P005,Groceries,201.61415937900333,0,215.09319090241235,72,14516.219475288239,130.3070224540795,103,Winter,Sunday
2024-02-26,P005,Groceries,444.2406999441162,20,460.6309696202677,0,0.0,267.8170133503386,147,Winter,Monday
2024-02-27,P005,Groceries,157.9594637229384,20,161.01254863682354,78,12320.838170389196,111.94093674206087,475,Winter,Tuesday
2024-02-28,P005,Groceries,176.30173189730556,10,175.13699130261008,82,14456.742015579055,111.80528930233707,93,Winter,Wednesday
2024-02-29,P005,Groceries,452.4789358222564,10,483.20829221958996,0,0.0,311.54894368008564,310,Winter,Thursday
2024-03-01,P005,Groceries,103.1038593349698,20,102.05178289533775,130,13403.501713546073,66.9654820604534,346,Summer,Friday
2024-03-02,P005,Groceries,359.2463377138782,15,339.88659920970775,35,12573.621819985736,240.8643534746723,126,Summer,Saturday
2024-03-03,P005,Groceries,205.2206056047749,20,208.37118712428216,83,17033.310265196316,128.22805131520477,275,Summer,Sunday
2024-03-04,P005,Groceries,116.81791843037787,5,126.89068773045683,103,12032.24559832892,76.42434555889132,462,Summer,Monday
2024-03-05,P005,Groceries,397.4357626084904,5,393.6226505107944,4,1589.7430504339616,244.54033903720276,235,Summer,Tuesday
2024-03-06,P005,Groceries,101.57172856888712,15,95.23663743631526,98,9954.029399750938,74.47252616227486,223,Summer,Wednesday
2024-03-07,P005,Groceries,291.81645004249134,20,313.57407007720525,36,10505.392201529688,209.97598624641347,451,Summer,Thursday
2024-03-08,P005,Groceries,126.07712087387641,5,116.38321996388382,93,11725.172241270506,76.99593466980669,337,Summer,Friday
2024-03-09,P005,Groceries,129.5852749083824,5,136.37835445094282,128,16586.915188272946,86.09622016127095,334,Summer,Saturday
2024-03-10,P005,Groceries,346.7536287865579,5,337.34169513020197,24,8322.08709087739,212.2296802383738,467,Summer,Sunday
2024-03-11,P005,Groceries,364.4471709382098,5,355.8545901131751,15,5466.707564073147,251.16292530917704,361,Summer,Monday
2024-03-12,P005,Groceries,151.98817464752503,15,149.17198003346184,88,13374.959368982203,107.12626784303971,323,Summer,Tuesday
2024-03-13,P005,Groceries,424.08233980133423,5,424.866489294396,0,0.0,298.6138527208253,295,Summer,Wednesday
2024-03-14,P005,Groceries,137.8741498911691,15,148.0797449790241,82,11305.680291075867,94.6975478300753,369,Summer,Thursday
2024-03-15,P005,Groceries,273.6261044790516,15,259.4268297739245,49,13407.679119473529,185.33573003713084,473,Summer,Friday
2024-03-16,P005,Groceries,169.06296043903592,5,172.22959690584187,94,15891.918281269376,123.924867477244,384,Summer,Saturday
2024-03-17,P005,Groceries,108.33809592308032,5,112.70391784964445,112,12133.866743384995,76.64436646523895,193,Summer,Sunday
