synthetic_retail_demand.csv
date,product_id,category,price,discount_pct,competitor_price,units_sold,revenue,cost,inventory_level,season,day_of_week
2024-03-18,P005,Groceries,418.27961306859487,20,401.1981915441671,8,3346.236904548759,255.17323968583884,53,Summer,Monday
2024-03-19,P005,Groceries,436.8998340796936,20,453.1743472943933,0,0.0,282.98728003439044,495,Summer,Tuesday
2024-03-20,P005,Groceries,430.5030917328276,10,410.91058960533644,0,0.0,293.7638384488778,166,Summer,Wednesday
2024-03-21,P005,Groceries,371.67898214091184,0,380.792089645554,7,2601.7528749863827,231.82357640518052,413,Summer,Thursday
2024-03-22,P005,Groceries,494.5344248632347,5,537.9138826092611,0,0.0,320.23170832221746,167,Summer,Friday
2024-03-23,P005,Groceries,370.29810206567333,20,405.4203234895795,16,5924.769633050773,246.59034773090818,308,Summer,Saturday
2024-03-24,P005,Groceries,423.3841157908593,20,390.20656750378595,13,5503.993505281171,294.73356676374726,372,Summer,Sunday
2024-03-25,P005,Groceries,175.74249107226603,5,173.67737186491553,79,13883.656794709017,123.13694198146794,231,Summer,Monday
2024-03-26,P005,Groceries,145.14776705872885,5,139.39350642944564,100,14514.776705872884,105.5419808778488,341,Summer,Tuesday
2024-03-27,P005,Groceries,285.40459214342036,5,292.91898050510383,32,9132.946948589451,184.8463014635016,115,Summer,Wednesday
2024-03-28,P005,Groceries,338.45522467861394,0,326.5434931159938,21,7107.559718250893,229.44369065052564,96,Summer,Thursday
2024-03-29,P005,Groceries,129.07286233632436,10,140.0137804686231,92,11874.703334941842,89.81815352130785,168,Summer,Friday
2024-03-30,P005,Groceries,205.90686949790174,5,226.15154130020406,74,15237.10834284473,153.91176057656557,122,Summer,Saturday
2024-03-31,P005,Groceries,408.72391050799826,20,395.1309670299205,15,6130.858657619974,306.054822961375,123,Summer,Sunday
2024-04-01,P005,Groceries,396.1812489534359,20,385.99280727327374,16,6338.899983254974,240.04959596157883,451,Summer,Monday
2024-04-02,P005,Groceries,264.13503773430836,20,284.6973237629644,59,15583.967226324194,166.79440550692797,425,Summer,Tuesday
2024-04-03,P005,Groceries,103.3219364493319,5,101.91062034954388,51,5269.418758915927,77.01642375833957,51,Summer,Wednesday
2024-04-04,P005,Groceries,424.81331721039754,10,449.4480944702277,0,0.0,258.98118864760437,291,Summer,Thursday
2024-04-05,P005,Groceries,480.58547189832785,15,459.9011091596032,0,0.0,354.0776660240379,239,Summer,Friday
2024-04-06,P005,Groceries,315.28015656392813,0,317.0494092933453,33,10404.245166609628,208.61586802943904,291,Summer,Saturday
2024-04-07,P005,Groceries,432.8903122017515,20,437.7749712580095,0,0.0,293.3444714959712,175,Summer,Sunday
2024-04-08,P005,Groceries,412.6889063951839,15,438.8418674340493,0,0.0,266.2169526551972,69,Summer,Monday
2024-04-09,P005,Groceries,122.97407767797752,5,120.21912581842922,78,9591.978058882247,80.86002921869708,179,Summer,Tuesday
2024-04-10,P005,Groceries,287.28703843518764,20,263.1602225319009,63,18099.08342141682,189.7486586882162,420,Summer,Wednesday
2024-04-11,P005,Groceries,261.47171303460567,15,265.66448358572484,47,12289.170512626466,182.83795811574086,222,Summer,Thursday
2024-04-12,P005,Groceries,199.48286238658716,20,206.3735002173072,84,16756.56044047332,143.15745303333162,447,Summer,Friday
2024-04-13,P005,Groceries,406.0253725462256,20,423.63365407542875,5,2030.1268627311279,297.29990426733605,219,Summer,Saturday
2024-04-14,P005,Groceries,211.48293824828346,5,232.054429349447,61,12900.459233145291,143.44961987928016,498,Summer,Sunday
2024-04-15,P005,Groceries,385.87669356590277,0,378.4701724761809,5,1929.3834678295138,270.78997083540946,441,Summer,Monday
2024-04-16,P005,Groceries,472.7131973105013,20,506.9659215582872,0,0.0,294.92393077992057,169,Summer,Tuesday
2024-04-17,P005,Groceries,378.2557032172548,15,386.96113264730684,12,4539.068438607057,235.5091583192693,261,Summer,Wednesday
2024-04-18,P005,Groceries,133.87046209707597,15,121.03874651656437,80,10709.636967766077,80.9564419616758,80,Summer,Thursday
2024-04-19,P005,Groceries,400.0060716914781,15,389.7575960931786,11,4400.066788606259,241.70076447294934,160,Summer,Friday
2024-04-20,P005,Groceries,250.45892400419606,10,235.1124754781715,81,20287.172844339882,157.72921349990375,283,Summer,Saturday
2024-04-21,P005,Groceries,369.61047165045306,10,350.7015305882374,25,9240.261791261326,245.6452631089837,66,Summer,Sunday
2024-04-22,P005,Groceries,405.8254872228408,5,429.6207253955612,0,0.0,280.04732561032876,491,Summer,Monday
2024-04-23,P005,Groceries,450.7391993005826,10,436.89711634421457,0,0.0,293.36880365184004,407,Summer,Tuesday
2024-04-24,P005,Groceries,366.5221292513169,5,344.91620169494587,21,7696.964714277656,261.42977334347546,147,Summer,Wednesday
2024-04-25,P005,Groceries,445.5467023952833,20,481.1393630888403,0,0.0,320.180151811641,139,Summer,Thursday
2024-04-26,P005,Groceries,280.8408823057257,15,271.7686271101602,46,12918.680586063383,196.2214530458613,391,Summer,Friday
2024-04-27,P005,Groceries,390.3574642334542,15,392.99175104437086,10,3903.574642334542,260.706155876947,230,Summer,Saturday
2024-04-28,P005,Groceries,277.4712798621838,0,253.97902866693016,43,11931.265034073904,181.28039584132281,243,Summer,Sunday
2024-04-29,P005,Groceries,394.0735774205295,20,421.39423072516365,8,3152.588619364236,260.959422505432,285,Summer,Monday
2024-04-30,P005,Groceries,369.5777796292094,20,365.4491672846281,22,8130.711151842606,256.9179034922885,82,Summer,Tuesday
2024-05-01,P005,Groceries,161.59519611098273,0,157.12370603212307,66,10665.28294332486,111.53404369028523,384,Summer,Wednesday
2024-05-02,P005,Groceries,338.5784995595379,15,321.8527041098748,27,9141.619488107523,252.69586427269124,140,Summer,Thursday
2024-05-03,P005,Groceries,308.82942845493324,0,290.07927645128905,30,9264.882853647998,215.63140700309103,456,Summer,Friday
2024-05-04,P005,Groceries,212.73027163987388,10,196.23400735129985,88,18720.2639043089,150.82812066186662,299,Summer,Saturday
2024-05-05,P005,Groceries,324.6530133137519,20,328.66283206517005,40,12986.120532550076,226.94966268272344,190,Summer,Sunday
2024-05-06,P005,Groceries,303.262922624059,10,317.9773197841455,34,10310.939369218006,198.16989379107758,430,Summer,Monday
2024-05-07,P005,Groceries,275.5048882606519,10,263.25111975621115,41,11295.700418686729,188.87414765793685,91,Summer,Tuesday
2024-05-08,P005,Groceries,226.22932327199004,10,216.8850829349423,73,16514.740598855275,142.9137120727388,125,Summer,Wednesday
2024-05-09,P005,Groceries,268.5359266444193,20,251.05136804038176,61,16380.691525309578,175.3356129857747,170,Summer,Thursday
2024-05-10,P005,Groceries,193.84890680251283,15,195.4396421386363,61,11824.783314953282,143.2717584616786,220,Summer,Friday
2024-05-11,P005,Groceries,173.0779250845531,10,173.42036238080132,113,19557.8055345545,126.25239207240053,171,Summer,Saturday
2024-05-12,P005,Groceries,218.93749901601825,10,218.00424716489402,74,16201.37492718535,144.6982985886913,355,Summer,Sunday
2024-05-13,P005,Groceries,223.44307265417464,15,240.2763584673915,54,12065.92592332543,157.55349362794664,369,Summer,Monday
2024-05-14,P005,Groceries,379.90761739257533,20,411.6149461373103,10,3799.076173925753,254.1262123703881,294,Summer,Tuesday
2024-05-15,P005,Groceries,274.2425989923864,10,286.83088276907336,35,9598.490964733523,173.06376112913594,247,Summer,Wednesday
2024-05-16,P005,Groceries,311.95967032200303,15,295.4225985306295,40,12478.386812880122,207.88076486999717,223,Summer,Thursday
2024-05-17,P005,Groceries,278.17347011441205,0,252.23776008847224,38,10570.591864347658,183.77516642068804,183,Summer,Friday
2024-05-18,P005,Groceries,115.64992192788792,10,127.1551215524821,118,13646.690787490774,85.73873109448893,286,Summer,Saturday
2024-05-19,P005,Groceries,371.41569768575033,20,344.0265288812028,26,9656.808139829509,275.2514307659816,95,Summer,Sunday
2024-05-20,P005,Groceries,473.40972508665226,10,487.94929494282115,0,0.0,330.598525994225,381,Summer,Monday
2024-05-21,P005,Groceries,243.73407975490386,5,265.1448578820702,49,11942.96990799029,153.06618364347418,441,Summer,Tuesday
2024-05-22,P005,Groceries,281.57318469719615,5,287.7290610974853,48,13515.512865465415,170.98555169744742,381,Summer,Wednesday
2024-05-23,P005,Groceries,100.56728805356619,20,102.40511038976291,78,7844.2484681781625,68.58795065275291,78,Summer,Thursday
2024-05-24,P005,Groceries,292.728534165679,0,313.19129298359735,34,9952.770161633085,212.6819915281783,318,Summer,Friday
2024-05-25,P005,Groceries,474.7749460130693,10,441.6680589967269,0,0.0,340.79333929725686,158,Summer,Saturday
2024-05-26,P005,Groceries,159.50817129364708,10,152.24249549741327,111,17705.407013594828,97.63981056678743,470,Summer,Sunday
2024-05-27,P005,Groceries,212.85685148868401,20,212.36109171641726,69,14687.122752719197,128.57132591151444,184,Summer,Monday
2024-05-28,P005,Groceries,450.5942452349462,15,423.50980611338,0,0.0,288.09934716805407,423,Summer,Tuesday
2024-05-29,P005,Groceries,170.20458098619847,0,174.91776535394231,77,13105.752735937282,126.19742548790488,198,Summer,Wednesday
2024-05-30,P005,Groceries,379.5940432697942,20,351.91849560863943,20,7591.880865395884,274.5731258396316,416,Summer,Thursday
2024-05-31,P005,Groceries,307.1365554427463,10,290.4898417148533,37,11364.052551381614,193.54570256169973,60,Summer,Friday
2024-06-01,P005,Groceries,149.15023195766105,15,137.14972670762842,104,15511.62412359675,101.14588397881921,265,Monsoon,Saturday
2024-06-02,P005,Groceries,485.9010131327322,20,443.32261757579425,0,0.0,345.813183826515,63,Monsoon,Sunday
2024-06-03,P005,Groceries,134.69730904934102,0,142.4316590448611,81,10910.482032996622,100.27950600081486,466,Monsoon,Monday
2024-06-04,P005,Groceries,232.86938381254282,10,245.0668861625219,39,9081.90596868917,143.20030236316734,265,Monsoon,Tuesday
2024-06-05,P005,Groceries,129.75827430567395,20,129.77635294978452,96,12456.7943333447,96.96078029083786,198,Monsoon,Wednesday
2024-06-06,P005,Groceries,197.9242960243603,0,208.54748647561345,45,8906.593321096214,127.32953185280957,364,Monsoon,Thursday
2024-06-07,P005,Groceries,158.48859538421092,15,158.94271208805597,83,13154.553416889506,106.35435356093298,473,Monsoon,Friday
2024-06-08,P005,Groceries,212.64024409410058,0,198.95456602247526,64,13608.975622022437,128.90171246364844,137,Monsoon,Saturday
2024-06-09,P005,Groceries,475.294128902253,10,499.0343820749792,0,0.0,290.26850090678533,188,Monsoon,Sunday
2024-06-10,P005,Groceries,287.6979783482159,10,288.8967126237114,31,8918.637328794692,198.09748075091204,476,Monsoon,Monday
2024-06-11,P005,Groceries,168.1732807519984,20,155.6147670885503,78,13117.515898655874,121.47398643567915,464,Monsoon,Tuesday
2024-06-12,P005,Groceries,127.8367389585236,0,130.8120094603382,74,9459.918682930745,81.18181851904909,222,Monsoon,Wednesday
2024-06-13,P005,Groceries,494.55943059412,0,542.131280002506,0,0.0,344.59193942907433,88,Monsoon,Thursday
2024-06-14,P005,Groceries,401.2945657235043,5,441.06681112115785,0,0.0,246.63087768158147,176,Monsoon,Friday
2024-06-15,P005,Groceries,379.5019155530167,15,357.02678559623945,21,7969.5402266133515,238.3494134702047,113,Monsoon,Saturday
2024-06-16,P005,Groceries,381.9344790069346,10,376.43356624747884,10,3819.3447900693463,236.16221002995425,67,Monsoon,Sunday
2024-06-17,P005,Groceries,494.76146657410226,0,485.9391945211759,0,0.0,324.4338332856699,231,Monsoon,Monday
2024-06-18,P005,Groceries,416.99496886639184,10,379.9358564346777,7,2918.964782064743,300.29804291351695,468,Monsoon,Tuesday
2024-06-19,P005,Groceries,296.9643146861488,0,306.5203325720217,22,6533.214923095273,202.73343885113516,182,Monsoon,Wednesday
2024-06-20,P005,Groceries,311.82523745933486,20,307.61439500524483,37,11537.53378599539,192.80358188215033,216,Monsoon,Thursday
2024-06-21,P005,Groceries,458.9186354133179,15,444.917739223848,0,0.0,318.61352245178574,154,Monsoon,Friday
2024-06-22,P005,Groceries,117.11331239351765,5,106.8434738007824,115,13468.030925254528,85.24074597026853,259,Monsoon,Saturday
2024-06-23,P005,Groceries,434.08690424350755,20,419.18111616224564,2,868.1738084870151,317.1036087546247,289,Monsoon,Sunday
2024-06-24,P005,Groceries,443.5701554122772,15,443.11874336027404,0,0.0,297.5048201595026,310,Monsoon,Monday
2024-06-25,P005,Groceries,361.4880371039923,5,350.9064047920269,16,5783.808593663877,245.35334755101172,95,Monsoon,Tuesday
2024-06-26,P005,Groceries,254.7080939526728,15,274.25882817506823,39,9933.61566415424,179.54517287788084,288,Monsoon,Wednesday
2024-06-27,P005,Groceries,266.15737198751935,10,255.63493255066444,38,10113.980135525735,194.04828446197865,122,Monsoon,Thursday
2024-06-28,P005,Groceries,176.85173088074663,20,170.31728075021695,64,11318.510776367784,119.71873795897739,318,Monsoon,Friday
2024-06-29,P005,Groceries,493.69990659651614,5,474.18333333285614,0,0.0,369.2854605303847,69,Monsoon,Saturday
2024-06-30,P005,Groceries,473.0929081681447,10,430.3846797458897,0,0.0,331.80095071984624,489,Monsoon,Sunday
2024-07-01,P005,Groceries,354.3800921815379,20,357.95879737829904,24,8505.12221235691,228.96286775177342,211,Monsoon,Monday
2024-07-02,P005,Groceries,124.79001439580775,5,114.87791789706431,81,10107.991166060427,82.93746040315384,410,Monsoon,Tuesday
2024-07-03,P005,Groceries,320.9071009801071,20,319.91475874036354,35,11231.748534303748,203.3541102755454,150,Monsoon,Wednesday
2024-07-04,P005,Groceries,175.19354883041353,15,165.56970858740587,66,11562.774222807293,130.71946347612177,321,Monsoon,Thursday
2024-07-05,P005,Groceries,426.53375955803307,20,407.6492616886622,5,2132.668797790165,281.0930937326662,389,Monsoon,Friday
2024-07-06,P005,Groceries,186.19424877719388,10,182.44803172967332,83,15454.122648507091,135.05244052964562,369,Monsoon,Saturday
2024-07-07,P005,Groceries,342.81146175381866,15,336.86180959859297,22,7541.852158584011,206.42173301737722,445,Monsoon,Sunday
2024-07-08,P005,Groceries,154.88689264402637,20,150.17680892359547,82,12700.725196810163,97.34839642059795,360,Monsoon,Monday
2024-07-09,P005,Groceries,199.94244406433376,10,185.02886713368116,58,11596.661755731358,135.0370784141191,191,Monsoon,Tuesday
2024-07-10,P005,Groceries,268.79286644262845,20,249.04637732247863,43,11558.093257033024,193.99689788070063,127,Monsoon,Wednesday
2024-07-11,P005,Groceries,417.3379311443904,20,449.7741438290856,0,0.0,285.4878288241252,434,Monsoon,Thursday
2024-07-12,P005,Groceries,493.75252504744134,15,450.5335259567981,0,0.0,298.6312194699702,73,Monsoon,Friday
2024-07-13,P005,Groceries,122.18627890601974,0,120.10539696397359,97,11852.069053883915,83.11097678499814,188,Monsoon,Saturday
2024-07-14,P005,Groceries,332.0687479965215,15,305.5044495831454,38,12618.612423867817,233.70550323778258,222,Monsoon,Sunday
2024-07-15,P005,Groceries,342.2700888692688,10,313.26856138798286,26,8899.022310600989,239.0068302251347,262,Monsoon,Monday
2024-07-16,P005,Groceries,368.23202033077416,5,339.4851650063232,16,5891.712325292387,238.55233618858938,262,Monsoon,Tuesday
2024-07-17,P005,Groceries,384.6051601247274,0,352.406767255034,10,3846.0516012472735,270.4786563906064,66,Monsoon,Wednesday
2024-07-18,P005,Groceries,178.39148899666708,5,174.35815390770082,62,11060.272317793359,116.39613909839356,213,Monsoon,Thursday
2024-07-19,P005,Groceries,325.17249260204636,20,305.8062001479968,26,8454.484807653205,221.58635326333496,497,Monsoon,Friday
2024-07-20,P005,Groceries,483.6773945834086,15,439.92474438392867,0,0.0,300.91554900697815,263,Monsoon,Saturday
2024-07-21,P005,Groceries,113.2750520900006,20,106.40348009522388,124,14046.106459160073,80.84179300022129,230,Monsoon,Sunday
2024-07-22,P005,Groceries,161.68909564785596,15,157.03694988926748,75,12126.682173589197,120.38806534878829,107,Monsoon,Monday
2024-07-23,P005,Groceries,450.6999452526521,15,412.4886458276995,0,0.0,311.2264700113074,275,Monsoon,Tuesday
2024-07-24,P005,Groceries,234.28255634797418,0,254.77113027687315,40,9371.302253918968,161.17238315997432,378,Monsoon,Wednesday
2024-07-25,P005,Groceries,185.6338618010643,5,186.11389937637992,49,9096.059228252152,126.22564998299083,456,Monsoon,Thursday
2024-07-26,P005,Groceries,362.2232789669395,10,377.927574621516,13,4708.902626570214,219.10406465419354,225,Monsoon,Friday
2024-07-27,P005,Groceries,322.7260471877572,20,326.3322774112861,32,10327.233510008231,194.64005861352885,388,Monsoon,Saturday
2024-07-28,P005,Groceries,113.99953650559426,0,113.32306526931058,93,10601.956895020267,80.29825077733761,287,Monsoon,Sunday
2024-07-29,P005,Groceries,246.47873231733945,0,258.35001852668717,40,9859.149292693579,178.8121580147202,229,Monsoon,Monday
2024-07-30,P005,Groceries,256.01531106172206,20,231.76833164546085,60,15360.918663703324,155.83895220215598,368,Monsoon,Tuesday
2024-07-31,P005,Groceries,495.88915618652254,10,452.3845583183104,0,0.0,364.7991498062369,194,Monsoon,Wednesday
2024-08-01,P005,Groceries,196.96883800242955,5,196.61975153703096,67,13196.91214616278,127.24693531035757,452,Monsoon,Thursday
2024-08-02,P005,Groceries,285.33156061850923,0,259.6296204723192,41,11698.593985358879,192.57934765662398,195,Monsoon,Friday
2024-08-03,P005,Groceries,133.8182890449631,5,126.05824461792535,95,12712.737459271495,96.02633675272195,144,Monsoon,Saturday
2024-08-04,P005,Groceries,271.3401135252602,0,250.3227423312766,52,14109.685903313532,182.6223354666038,319,Monsoon,Sunday
2024-08-05,P005,Groceries,422.87462724689163,0,412.4186822672892,0,0.0,272.8230957293417,52,Monsoon,Monday
2024-08-06,P005,Groceries,403.88466413558695,20,438.6209131335367,1,403.88466413558695,249.47388115370234,90,Monsoon,Tuesday
2024-08-07,P005,Groceries,477.2652209841757,20,505.24352720220867,0,0.0,329.0183129924486,265,Monsoon,Wednesday
2024-08-08,P005,Groceries,400.4131846150434,5,394.6592024654014,3,1201.23955384513,264.493348988192,379,Monsoon,Thursday
2024-08-09,P005,Groceries,458.5559552344105,10,472.94581767212594,0,0.0,326.35581099109993,177,Monsoon,Friday
2024-08-10,P005,Groceries,319.3893684701585,0,300.2145671341335,26,8304.12358022412,230.4881095734822,145,Monsoon,Saturday
