synthetic_retail_demand.csv
date,product_id,category,price,discount_pct,competitor_price,units_sold,revenue,cost,inventory_level,season,day_of_week
2024-08-11,P005,Groceries,384.40908704089765,0,350.95578151545095,11,4228.499957449874,241.73325509045566,383,Monsoon,Sunday
2024-08-12,P005,Groceries,246.25686508168454,0,250.65013221410658,37,9111.504008022328,174.42092909831422,187,Monsoon,Monday
2024-08-13,P005,Groceries,118.9522932224202,10,114.80723687824506,70,8326.660525569414,71.99743870613345,189,Monsoon,Tuesday
2024-08-14,P005,Groceries,394.89951550269467,5,409.1368773920353,1,394.89951550269467,289.7068871219006,425,Monsoon,Wednesday
2024-08-15,P005,Groceries,455.99899303245286,20,436.9077982487723,0,0.0,301.89547377392324,478,Monsoon,Thursday
2024-08-16,P005,Groceries,468.4137546181353,20,510.4065358111001,0,0.0,289.1849432242347,358,Monsoon,Friday
2024-08-17,P005,Groceries,380.29275214530605,20,364.5571415712047,17,6464.976786470203,246.59127396624964,199,Monsoon,Saturday
2024-08-18,P005,Groceries,111.71748200214826,20,104.89979043901296,106,11842.053092227716,68.38926996669981,284,Monsoon,Sunday
2024-08-19,P005,Groceries,198.9503278130961,5,187.41857408517362,67,13329.671963477438,145.19641269432822,137,Monsoon,Monday
2024-08-20,P005,Groceries,109.32893262507002,15,120.19024607193691,93,10167.590734131512,72.7229169340994,445,Monsoon,Tuesday
2024-08-21,P005,Groceries,456.3430458030851,20,479.77898164654795,0,0.0,331.09554586910366,334,Monsoon,Wednesday
2024-08-22,P005,Groceries,118.57952691430462,10,116.15956485677422,85,10079.259787715893,75.23737871642177,341,Monsoon,Thursday
2024-08-23,P005,Groceries,182.28171799062795,10,179.78643766734075,53,9660.931053503282,126.89245585123675,274,Monsoon,Friday
2024-08-24,P005,Groceries,230.72805288008368,15,225.56809689933758,67,15458.779542965607,153.0152591683178,122,Monsoon,Saturday
2024-08-25,P005,Groceries,252.85767516795534,0,260.22520569388456,41,10367.164681886168,172.93197287728282,442,Monsoon,Sunday
2024-08-26,P005,Groceries,271.2191167768299,15,246.2380766188179,50,13560.955838841493,187.25128937572896,225,Monsoon,Monday
2024-08-27,P005,Groceries,393.7789111194752,5,421.910286509833,0,0.0,239.81264438634653,402,Monsoon,Tuesday
2024-08-28,P005,Groceries,482.3246972697498,20,440.23734346695414,0,0.0,352.7592493889012,171,Monsoon,Wednesday
2024-08-29,P005,Groceries,425.22048285732325,15,402.35182578464054,3,1275.6614485719697,312.7567044460247,181,Monsoon,Thursday
2024-08-30,P005,Groceries,337.7993462999034,15,357.8432546401715,22,7431.585618597875,212.40872432887116,373,Monsoon,Friday
2024-08-31,P005,Groceries,105.38210309672552,0,96.53087740053348,112,11802.795546833258,75.17167397006804,462,Monsoon,Saturday
2024-09-01,P005,Groceries,110.06165192924526,10,109.65855704292093,107,11776.596756429242,74.77460202700904,446,Autumn,Sunday
2024-09-02,P005,Groceries,418.29108598793533,20,404.74594402192537,8,3346.3286879034827,269.9637521361068,352,Autumn,Monday
2024-09-03,P005,Groceries,207.77539629923666,10,209.3213901332718,57,11843.19758905649,151.02880790489797,106,Autumn,Tuesday
2024-09-04,P005,Groceries,387.4133171880145,10,425.2655095673959,1,387.4133171880145,271.6617587955938,201,Autumn,Wednesday
2024-09-05,P005,Groceries,317.06371285462706,5,307.8036609011285,28,8877.783959929558,224.69617312852318,485,Autumn,Thursday
2024-09-06,P005,Groceries,336.84288538841713,5,341.71730590886835,23,7747.386363933594,205.6242058731791,349,Autumn,Friday
2024-09-07,P005,Groceries,164.38219498269166,0,166.94350440054987,80,13150.575598615333,99.06071046434505,488,Autumn,Saturday
2024-09-08,P005,Groceries,405.26975424389553,5,406.05781794299827,1,405.26975424389553,298.05071510398386,95,Autumn,Sunday
2024-09-09,P005,Groceries,117.33824797093031,0,120.61672701326533,85,9973.751077529076,87.15546424246124,85,Autumn,Monday
2024-09-10,P005,Groceries,234.34172634433287,20,237.70734196536128,69,16169.579117758967,165.11908657297892,444,Autumn,Tuesday
2024-09-11,P005,Groceries,359.3695727086315,15,384.1901597571436,15,5390.543590629472,242.21294911518774,386,Autumn,Wednesday
2024-09-12,P005,Groceries,351.0498803692212,5,371.54236553583115,13,4563.6484447998755,235.28789632899282,253,Autumn,Thursday
2024-09-13,P005,Groceries,236.44892508572576,10,244.19546974664755,60,14186.935505143545,166.10093561175984,371,Autumn,Friday
2024-09-14,P005,Groceries,276.52444495538407,15,269.5677975872348,60,16591.466697323045,191.6578602788296,237,Autumn,Saturday
2024-09-15,P005,Groceries,101.24973985894866,20,107.21663315265687,106,10732.472425048558,63.52874503614928,279,Autumn,Sunday
2024-09-16,P005,Groceries,136.53969086823236,15,137.88379031284356,72,9830.85774251273,89.7972815770224,175,Autumn,Monday
2024-09-17,P005,Groceries,460.8616754611646,5,468.6649948596553,0,0.0,281.1255449251765,405,Autumn,Tuesday
2024-09-18,P005,Groceries,131.65944837989105,15,119.3186780991668,105,13824.24207988856,81.10317417744452,181,Autumn,Wednesday
2024-09-19,P005,Groceries,377.6987849318312,0,393.27721077419955,3,1133.0963547954937,282.9291735017474,426,Autumn,Thursday
2024-09-20,P005,Groceries,424.9823801612449,15,431.252511174837,0,0.0,303.22129611643385,161,Autumn,Friday
2024-09-21,P005,Groceries,459.0456033369541,20,500.61364222278394,0,0.0,321.1882016765331,396,Autumn,Saturday
2024-09-22,P005,Groceries,166.69822745037465,15,162.32153232491265,108,18003.40856464046,104.88310677049549,179,Autumn,Sunday
2024-09-23,P005,Groceries,364.7286391956428,5,378.25326025951404,10,3647.286391956428,248.05207366277884,71,Autumn,Monday
2024-09-24,P005,Groceries,486.848471301899,0,484.0534575324963,0,0.0,332.1522720686613,326,Autumn,Tuesday
2024-09-25,P005,Groceries,137.30194791414831,15,134.20405833645594,76,10434.948041475272,95.9122939758641,275,Autumn,Wednesday
2024-09-26,P005,Groceries,328.3075186343606,0,314.18568625830875,20,6566.1503726872115,228.85705492814373,313,Autumn,Thursday
2024-09-27,P005,Groceries,328.09924997895985,15,318.43639978919924,33,10827.275249305674,237.2774953449378,468,Autumn,Friday
2024-09-28,P005,Groceries,439.844474604432,15,426.8715126485044,0,0.0,268.9744206770753,109,Autumn,Saturday
2024-09-29,P005,Groceries,423.2851322066012,20,399.83322896486067,11,4656.136454272613,293.09399592710537,417,Autumn,Sunday
2024-09-30,P005,Groceries,127.85930797051904,20,131.28688290314443,95,12146.634257199308,88.01377041916521,207,Autumn,Monday
2024-10-01,P005,Groceries,185.1703801930405,0,203.38323346952365,49,9073.348629458984,111.12594003768237,198,Autumn,Tuesday
2024-10-02,P005,Groceries,132.12924227581334,10,125.21686662564136,80,10570.339382065067,79.31732378237548,80,Autumn,Wednesday
2024-10-03,P005,Groceries,481.3707933603253,0,457.57830061906094,0,0.0,299.98600890898445,79,Autumn,Thursday
2024-10-04,P005,Groceries,495.726473403684,10,529.7274242023155,0,0.0,341.05177505681434,179,Autumn,Friday
2024-10-05,P005,Groceries,450.0235856675771,5,459.1646509433869,0,0.0,320.85698607551893,227,Autumn,Saturday
2024-10-06,P005,Groceries,345.37050460849275,5,345.6570578066591,24,8288.892110603825,248.88609719628465,183,Autumn,Sunday
2024-10-07,P005,Groceries,356.73122638774845,15,359.63572881643745,18,6421.162074979472,238.1330486535754,148,Autumn,Monday
2024-10-08,P005,Groceries,426.0732929171011,20,393.504865065618,7,2982.5130504197077,261.4913649753472,227,Autumn,Tuesday
2024-10-09,P005,Groceries,409.88937168824054,0,392.83056415667266,0,0.0,276.0414345684411,397,Autumn,Wednesday
2024-10-10,P005,Groceries,498.3545103038863,5,451.827765941176,0,0.0,305.11193973328767,453,Autumn,Thursday
2024-10-11,P005,Groceries,356.96958942932235,10,337.6924900523213,18,6425.452609727802,247.27768705479153,261,Autumn,Friday
2024-10-12,P005,Groceries,310.45710387565856,0,284.9149431826717,30,9313.713116269757,204.27255217592352,259,Autumn,Saturday
2024-10-13,P005,Groceries,318.0844315269601,20,346.1535781222964,28,8906.364082754882,226.12635895300875,190,Autumn,Sunday
2024-10-14,P005,Groceries,244.49987782944186,15,258.14762901925275,42,10268.994868836558,167.3141320924753,476,Autumn,Monday
2024-10-15,P005,Groceries,451.4523704692029,15,487.4612131325316,0,0.0,323.9595656325615,149,Autumn,Tuesday
2024-10-16,P005,Groceries,191.72758012306156,0,195.36772906253515,58,11120.19964713757,139.21149655423577,459,Autumn,Wednesday
